Archive member included to satisfy reference by file (symbol)

c:/st/stm32cubeide_1.11.0/stm32cubeide/plugins/com.st.stm32cube.ide.mcu.externaltools.gnu-tools-for-stm32.10.3-2021.10.win32_1.0.100.202210260954/tools/bin/../lib/gcc/arm-none-eabi/10.3.1/../../../../arm-none-eabi/lib/thumb/v7e-m+fp/hard\libc_nano.a(lib_a-calloc.o)
                              ./hagl/src/hagl_char.o (calloc)
c:/st/stm32cubeide_1.11.0/stm32cubeide/plugins/com.st.stm32cube.ide.mcu.externaltools.gnu-tools-for-stm32.10.3-2021.10.win32_1.0.100.202210260954/tools/bin/../lib/gcc/arm-none-eabi/10.3.1/../../../../arm-none-eabi/lib/thumb/v7e-m+fp/hard\libc_nano.a(lib_a-errno.o)
                              ./Core/Src/syscalls.o (__errno)
c:/st/stm32cubeide_1.11.0/stm32cubeide/plugins/com.st.stm32cube.ide.mcu.externaltools.gnu-tools-for-stm32.10.3-2021.10.win32_1.0.100.202210260954/tools/bin/../lib/gcc/arm-none-eabi/10.3.1/../../../../arm-none-eabi/lib/thumb/v7e-m+fp/hard\libc_nano.a(lib_a-exit.o)
                              c:/st/stm32cubeide_1.11.0/stm32cubeide/plugins/com.st.stm32cube.ide.mcu.externaltools.gnu-tools-for-stm32.10.3-2021.10.win32_1.0.100.202210260954/tools/bin/../lib/gcc/arm-none-eabi/10.3.1/../../../../arm-none-eabi/lib/thumb/v7e-m+fp/hard/crt0.o (exit)
c:/st/stm32cubeide_1.11.0/stm32cubeide/plugins/com.st.stm32cube.ide.mcu.externaltools.gnu-tools-for-stm32.10.3-2021.10.win32_1.0.100.202210260954/tools/bin/../lib/gcc/arm-none-eabi/10.3.1/../../../../arm-none-eabi/lib/thumb/v7e-m+fp/hard\libc_nano.a(lib_a-fclose.o)
                              ./hagl/src/hagl_image.o (fclose)
c:/st/stm32cubeide_1.11.0/stm32cubeide/plugins/com.st.stm32cube.ide.mcu.externaltools.gnu-tools-for-stm32.10.3-2021.10.win32_1.0.100.202210260954/tools/bin/../lib/gcc/arm-none-eabi/10.3.1/../../../../arm-none-eabi/lib/thumb/v7e-m+fp/hard\libc_nano.a(lib_a-fflush.o)
                              c:/st/stm32cubeide_1.11.0/stm32cubeide/plugins/com.st.stm32cube.ide.mcu.externaltools.gnu-tools-for-stm32.10.3-2021.10.win32_1.0.100.202210260954/tools/bin/../lib/gcc/arm-none-eabi/10.3.1/../../../../arm-none-eabi/lib/thumb/v7e-m+fp/hard\libc_nano.a(lib_a-fclose.o) (__sflush_r)
c:/st/stm32cubeide_1.11.0/stm32cubeide/plugins/com.st.stm32cube.ide.mcu.externaltools.gnu-tools-for-stm32.10.3-2021.10.win32_1.0.100.202210260954/tools/bin/../lib/gcc/arm-none-eabi/10.3.1/../../../../arm-none-eabi/lib/thumb/v7e-m+fp/hard\libc_nano.a(lib_a-findfp.o)
                              c:/st/stm32cubeide_1.11.0/stm32cubeide/plugins/com.st.stm32cube.ide.mcu.externaltools.gnu-tools-for-stm32.10.3-2021.10.win32_1.0.100.202210260954/tools/bin/../lib/gcc/arm-none-eabi/10.3.1/../../../../arm-none-eabi/lib/thumb/v7e-m+fp/hard\libc_nano.a(lib_a-fclose.o) (__sfp_lock_acquire)
c:/st/stm32cubeide_1.11.0/stm32cubeide/plugins/com.st.stm32cube.ide.mcu.externaltools.gnu-tools-for-stm32.10.3-2021.10.win32_1.0.100.202210260954/tools/bin/../lib/gcc/arm-none-eabi/10.3.1/../../../../arm-none-eabi/lib/thumb/v7e-m+fp/hard\libc_nano.a(lib_a-fopen.o)
                              ./hagl/src/hagl_image.o (fopen)
c:/st/stm32cubeide_1.11.0/stm32cubeide/plugins/com.st.stm32cube.ide.mcu.externaltools.gnu-tools-for-stm32.10.3-2021.10.win32_1.0.100.202210260954/tools/bin/../lib/gcc/arm-none-eabi/10.3.1/../../../../arm-none-eabi/lib/thumb/v7e-m+fp/hard\libc_nano.a(lib_a-fread.o)
                              ./hagl/src/hagl_image.o (fread)
c:/st/stm32cubeide_1.11.0/stm32cubeide/plugins/com.st.stm32cube.ide.mcu.externaltools.gnu-tools-for-stm32.10.3-2021.10.win32_1.0.100.202210260954/tools/bin/../lib/gcc/arm-none-eabi/10.3.1/../../../../arm-none-eabi/lib/thumb/v7e-m+fp/hard\libc_nano.a(lib_a-fseek.o)
                              c:/st/stm32cubeide_1.11.0/stm32cubeide/plugins/com.st.stm32cube.ide.mcu.externaltools.gnu-tools-for-stm32.10.3-2021.10.win32_1.0.100.202210260954/tools/bin/../lib/gcc/arm-none-eabi/10.3.1/../../../../arm-none-eabi/lib/thumb/v7e-m+fp/hard\libc_nano.a(lib_a-fopen.o) (_fseek_r)
c:/st/stm32cubeide_1.11.0/stm32cubeide/plugins/com.st.stm32cube.ide.mcu.externaltools.gnu-tools-for-stm32.10.3-2021.10.win32_1.0.100.202210260954/tools/bin/../lib/gcc/arm-none-eabi/10.3.1/../../../../arm-none-eabi/lib/thumb/v7e-m+fp/hard\libc_nano.a(lib_a-fseeko.o)
                              c:/st/stm32cubeide_1.11.0/stm32cubeide/plugins/com.st.stm32cube.ide.mcu.externaltools.gnu-tools-for-stm32.10.3-2021.10.win32_1.0.100.202210260954/tools/bin/../lib/gcc/arm-none-eabi/10.3.1/../../../../arm-none-eabi/lib/thumb/v7e-m+fp/hard\libc_nano.a(lib_a-fseek.o) (_fseeko_r)
c:/st/stm32cubeide_1.11.0/stm32cubeide/plugins/com.st.stm32cube.ide.mcu.externaltools.gnu-tools-for-stm32.10.3-2021.10.win32_1.0.100.202210260954/tools/bin/../lib/gcc/arm-none-eabi/10.3.1/../../../../arm-none-eabi/lib/thumb/v7e-m+fp/hard\libc_nano.a(lib_a-fwalk.o)
[...]
Memory Configuration

Name             Origin             Length             Attributes
RAM              0x0000000020000000 0x0000000000018000 xrw
RAM2             0x0000000010000000 0x0000000000008000 xrw
FLASH            0x0000000008000000 0x0000000000100000 xr
*default*        0x0000000000000000 0xffffffffffffffff

Linker script and memory map

LOAD c:/st/stm32cubeide_1.11.0/stm32cubeide/plugins/com.st.stm32cube.ide.mcu.externaltools.gnu-tools-for-stm32.10.3-2021.10.win32_1.0.100.202210260954/tools/bin/../lib/gcc/arm-none-eabi/10.3.1/thumb/v7e-m+fp/hard/crti.o
LOAD c:/st/stm32cubeide_1.11.0/stm32cubeide/plugins/com.st.stm32cube.ide.mcu.externaltools.gnu-tools-for-stm32.10.3-2021.10.win32_1.0.100.202210260954/tools/bin/../lib/gcc/arm-none-eabi/10.3.1/thumb/v7e-m+fp/hard/crtbegin.o
LOAD c:/st/stm32cubeide_1.11.0/stm32cubeide/plugins/com.st.stm32cube.ide.mcu.externaltools.gnu-tools-for-stm32.10.3-2021.10.win32_1.0.100.202210260954/tools/bin/../lib/gcc/arm-none-eabi/10.3.1/../../../../arm-none-eabi/lib/thumb/v7e-m+fp/hard/crt0.o
LOAD ./Core/Src/dma.o
LOAD ./Core/Src/gpio.o
LOAD ./Core/Src/hagl_hal.o
LOAD ./Core/Src/lcd.o
LOAD ./Core/Src/main.o
LOAD ./Core/Src/servo.o
LOAD ./Core/Src/spi.o
LOAD ./Core/Src/stm32l4xx_hal_msp.o
LOAD ./Core/Src/stm32l4xx_it.o
LOAD ./Core/Src/syscalls.o
LOAD ./Core/Src/sysmem.o
LOAD ./Core/Src/system_stm32l4xx.o
LOAD ./Core/Src/tim.o
LOAD ./Core/Src/usart.o
LOAD ./Core/Startup/startup_stm32l476rgtx.o
LOAD ./Drivers/STM32L4xx_HAL_Driver/Src/stm32l4xx_hal.o
LOAD ./Drivers/STM32L4xx_HAL_Driver/Src/stm32l4xx_hal_cortex.o
LOAD ./Drivers/STM32L4xx_HAL_Driver/Src/stm32l4xx_hal_dma.o
LOAD ./Drivers/STM32L4xx_HAL_Driver/Src/stm32l4xx_hal_dma_ex.o
LOAD ./Drivers/STM32L4xx_HAL_Driver/Src/stm32l4xx_hal_exti.o
LOAD ./Drivers/STM32L4xx_HAL_Driver/Src/stm32l4xx_hal_flash.o
LOAD ./Drivers/STM32L4xx_HAL_Driver/Src/stm32l4xx_hal_flash_ex.o
LOAD ./Drivers/STM32L4xx_HAL_Driver/Src/stm32l4xx_hal_flash_ramfunc.o
LOAD ./Drivers/STM32L4xx_HAL_Driver/Src/stm32l4xx_hal_gpio.o
LOAD ./Drivers/STM32L4xx_HAL_Driver/Src/stm32l4xx_hal_i2c.o
LOAD ./Drivers/STM32L4xx_HAL_Driver/Src/stm32l4xx_hal_i2c_ex.o
LOAD ./Drivers/STM32L4xx_HAL_Driver/Src/stm32l4xx_hal_pwr.o
LOAD ./Drivers/STM32L4xx_HAL_Driver/Src/stm32l4xx_hal_pwr_ex.o
LOAD ./Drivers/STM32L4xx_HAL_Driver/Src/stm32l4xx_hal_rcc.o
LOAD ./Drivers/STM32L4xx_HAL_Driver/Src/stm32l4xx_hal_rcc_ex.o
LOAD ./Drivers/STM32L4xx_HAL_Driver/Src/stm32l4xx_hal_spi.o
LOAD ./Drivers/STM32L4xx_HAL_Driver/Src/stm32l4xx_hal_spi_ex.o
LOAD ./Drivers/STM32L4xx_HAL_Driver/Src/stm32l4xx_hal_tim.o
LOAD ./Drivers/STM32L4xx_HAL_Driver/Src/stm32l4xx_hal_tim_ex.o
LOAD ./Drivers/STM32L4xx_HAL_Driver/Src/stm32l4xx_hal_uart.o
LOAD ./Drivers/STM32L4xx_HAL_Driver/Src/stm32l4xx_hal_uart_ex.o
LOAD ./hagl/src/fontx.o
LOAD ./hagl/src/hagl.o
LOAD ./hagl/src/hagl_bitmap.o
LOAD ./hagl/src/hagl_blit.o
LOAD ./hagl/src/hagl_char.o
LOAD ./hagl/src/hagl_circle.o
LOAD ./hagl/src/hagl_clip.o
LOAD ./hagl/src/hagl_color.o
LOAD ./hagl/src/hagl_ellipse.o
LOAD ./hagl/src/hagl_hline.o
LOAD ./hagl/src/hagl_image.o
LOAD ./hagl/src/hagl_line.o
LOAD ./hagl/src/hagl_pixel.o
LOAD ./hagl/src/hagl_polygon.o
LOAD ./hagl/src/hagl_rectangle.o
LOAD ./hagl/src/hagl_triangle.o
LOAD ./hagl/src/hagl_vline.o
LOAD ./hagl/src/hsl.o
LOAD ./hagl/src/rgb565.o
LOAD ./hagl/src/rgb888.o
LOAD ./hagl/src/tjpgd.o
START GROUP
LOAD c:/st/stm32cubeide_1.11.0/stm32cubeide/plugins/com.st.stm32cube.ide.mcu.externaltools.gnu-tools-for-stm32.10.3-2021.10.win32_1.0.100.202210260954/tools/bin/../lib/gcc/arm-none-eabi/10.3.1/../../../../arm-none-eabi/lib/thumb/v7e-m+fp/hard\libc_nano.a
LOAD c:/st/stm32cubeide_1.11.0/stm32cubeide/plugins/com.st.stm32cube.ide.mcu.externaltools.gnu-tools-for-stm32.10.3-2021.10.win32_1.0.100.202210260954/tools/bin/../lib/gcc/arm-none-eabi/10.3.1/../../../../arm-none-eabi/lib/thumb/v7e-m+fp/hard\libm.a
END GROUP
START GROUP
LOAD c:/st/stm32cubeide_1.11.0/stm32cubeide/plugins/com.st.stm32cube.ide.mcu.externaltools.gnu-tools-for-stm32.10.3-2021.10.win32_1.0.100.202210260954/tools/bin/../lib/gcc/arm-none-eabi/10.3.1/thumb/v7e-m+fp/hard\libgcc.a
LOAD c:/st/stm32cubeide_1.11.0/stm32cubeide/plugins/com.st.stm32cube.ide.mcu.externaltools.gnu-tools-for-stm32.10.3-2021.10.win32_1.0.100.202210260954/tools/bin/../lib/gcc/arm-none-eabi/10.3.1/../../../../arm-none-eabi/lib/thumb/v7e-m+fp/hard\libc_nano.a
END GROUP
START GROUP
LOAD c:/st/stm32cubeide_1.11.0/stm32cubeide/plugins/com.st.stm32cube.ide.mcu.externaltools.gnu-tools-for-stm32.10.3-2021.10.win32_1.0.100.202210260954/tools/bin/../lib/gcc/arm-none-eabi/10.3.1/thumb/v7e-m+fp/hard\libgcc.a
LOAD c:/st/stm32cubeide_1.11.0/stm32cubeide/plugins/com.st.stm32cube.ide.mcu.externaltools.gnu-tools-for-stm32.10.3-2021.10.win32_1.0.100.202210260954/tools/bin/../lib/gcc/arm-none-eabi/10.3.1/../../../../arm-none-eabi/lib/thumb/v7e-m+fp/hard\libc_nano.a
LOAD c:/st/stm32cubeide_1.11.0/stm32cubeide/plugins/com.st.stm32cube.ide.mcu.externaltools.gnu-tools-for-stm32.10.3-2021.10.win32_1.0.100.202210260954/tools/bin/../lib/gcc/arm-none-eabi/10.3.1/../../../../arm-none-eabi/lib/thumb/v7e-m+fp/hard\libnosys.a
END GROUP
START GROUP
LOAD c:/st/stm32cubeide_1.11.0/stm32cubeide/plugins/com.st.stm32cube.ide.mcu.externaltools.gnu-tools-for-stm32.10.3-2021.10.win32_1.0.100.202210260954/tools/bin/../lib/gcc/arm-none-eabi/10.3.1/thumb/v7e-m+fp/hard\libgcc.a
LOAD c:/st/stm32cubeide_1.11.0/stm32cubeide/plugins/com.st.stm32cube.ide.mcu.externaltools.gnu-tools-for-stm32.10.3-2021.10.win32_1.0.100.202210260954/tools/bin/../lib/gcc/arm-none-eabi/10.3.1/../../../../arm-none-eabi/lib/thumb/v7e-m+fp/hard\libc_nano.a
LOAD c:/st/stm32cubeide_1.11.0/stm32cubeide/plugins/com.st.stm32cube.ide.mcu.externaltools.gnu-tools-for-stm32.10.3-2021.10.win32_1.0.100.202210260954/tools/bin/../lib/gcc/arm-none-eabi/10.3.1/../../../../arm-none-eabi/lib/thumb/v7e-m+fp/hard\libnosys.a
END GROUP
LOAD c:/st/stm32cubeide_1.11.0/stm32cubeide/plugins/com.st.stm32cube.ide.mcu.externaltools.gnu-tools-for-stm32.10.3-2021.10.win32_1.0.100.202210260954/tools/bin/../lib/gcc/arm-none-eabi/10.3.1/thumb/v7e-m+fp/hard/crtend.o
LOAD c:/st/stm32cubeide_1.11.0/stm32cubeide/plugins/com.st.stm32cube.ide.mcu.externaltools.gnu-tools-for-stm32.10.3-2021.10.win32_1.0.100.202210260954/tools/bin/../lib/gcc/arm-none-eabi/10.3.1/thumb/v7e-m+fp/hard/crtn.o
                0x0000000020018000                _estack = (ORIGIN (RAM) + LENGTH (RAM))
                0x0000000000000200                _Min_Heap_Size = 0x200
                0x0000000000002000                _Min_Stack_Size = 0x2000

.isr_vector     0x0000000008000000      0x188
                0x0000000008000000                . = ALIGN (0x4)
 *(.isr_vector)
 .isr_vector    0x0000000008000000      0x188 ./Core/Startup/startup_stm32l476rgtx.o
                0x0000000008000000                g_pfnVectors
                0x0000000008000188                . = ALIGN (0x4)

.text           0x0000000008000188     0x9834
                0x0000000008000188                . = ALIGN (0x4)
 *(.text)
 .text          0x0000000008000188       0x40 c:/st/stm32cubeide_1.11.0/stm32cubeide/plugins/com.st.stm32cube.ide.mcu.externaltools.gnu-tools-for-stm32.10.3-2021.10.win32_1.0.100.202210260954/tools/bin/../lib/gcc/arm-none-eabi/10.3.1/thumb/v7e-m+fp/hard/crtbegin.o
 .text          0x00000000080001c8      0x378 c:/st/stm32cubeide_1.11.0/stm32cubeide/plugins/com.st.stm32cube.ide.mcu.externaltools.gnu-tools-for-stm32.10.3-2021.10.win32_1.0.100.202210260954/tools/bin/../lib/gcc/arm-none-eabi/10.3.1/thumb/v7e-m+fp/hard\libgcc.a(_arm_addsubdf3.o)
                0x00000000080001c8                __aeabi_drsub
                0x00000000080001d0                __aeabi_dsub
                0x00000000080001d0                __subdf3
                0x00000000080001d4                __aeabi_dadd
                0x00000000080001d4                __adddf3
                0x000000000800044c                __floatunsidf
                0x000000000800044c                __aeabi_ui2d
                0x000000000800046c                __floatsidf
                0x000000000800046c                __aeabi_i2d
                0x0000000008000490                __aeabi_f2d
                0x0000000008000490                __extendsfdf2
                0x00000000080004d4                __floatundidf
                0x00000000080004d4                __aeabi_ul2d
                0x00000000080004e4                __floatdidf
                0x00000000080004e4                __aeabi_l2d
 .text          0x0000000008000540      0x424 c:/st/stm32cubeide_1.11.0/stm32cubeide/plugins/com.st.stm32cube.ide.mcu.externaltools.gnu-tools-for-stm32.10.3-2021.10.win32_1.0.100.202210260954/tools/bin/../lib/gcc/arm-none-eabi/10.3.1/thumb/v7e-m+fp/hard\libgcc.a(_arm_muldivdf3.o)
                0x0000000008000540                __aeabi_dmul
                0x0000000008000540                __muldf3
                0x0000000008000794                __divdf3
                0x0000000008000794                __aeabi_ddiv
 .text          0x0000000008000964      0x110 c:/st/stm32cubeide_1.11.0/stm32cubeide/plugins/com.st.stm32cube.ide.mcu.externaltools.gnu-tools-for-stm32.10.3-2021.10.win32_1.0.100.202210260954/tools/bin/../lib/gcc/arm-none-eabi/10.3.1/thumb/v7e-m+fp/hard\libgcc.a(_arm_cmpdf2.o)
                0x0000000008000964                __gtdf2
                0x0000000008000964                __gedf2
                0x000000000800096c                __ltdf2
                0x000000000800096c                __ledf2
                0x0000000008000974                __nedf2
                0x0000000008000974                __eqdf2
                0x0000000008000974                __cmpdf2
                0x00000000080009f0                __aeabi_cdrcmple
                0x0000000008000a00                __aeabi_cdcmpeq
                0x0000000008000a00                __aeabi_cdcmple
                0x0000000008000a10                __aeabi_dcmpeq
                0x0000000008000a24                __aeabi_dcmplt
                0x0000000008000a38                __aeabi_dcmple
                0x0000000008000a4c                __aeabi_dcmpge
                0x0000000008000a60                __aeabi_dcmpgt
 .text          0x0000000008000a74       0x2c c:/st/stm32cubeide_1.11.0/stm32cubeide/plugins/com.st.stm32cube.ide.mcu.externaltools.gnu-tools-for-stm32.10.3-2021.10.win32_1.0.100.202210260954/tools/bin/../lib/gcc/arm-none-eabi/10.3.1/thumb/v7e-m+fp/hard\libgcc.a(_arm_unorddf2.o)
                0x0000000008000a74                __unorddf2
                0x0000000008000a74                __aeabi_dcmpun
 .text          0x0000000008000aa0       0x50 c:/st/stm32cubeide_1.11.0/stm32cubeide/plugins/com.st.stm32cube.ide.mcu.externaltools.gnu-tools-for-stm32.10.3-2021.10.win32_1.0.100.202210260954/tools/bin/../lib/gcc/arm-none-eabi/10.3.1/thumb/v7e-m+fp/hard\libgcc.a(_arm_fixdfsi.o)
                0x0000000008000aa0                __aeabi_d2iz
                0x0000000008000aa0                __fixdfsi
 .text          0x0000000008000af0       0xa0 c:/st/stm32cubeide_1.11.0/stm32cubeide/plugins/com.st.stm32cube.ide.mcu.externaltools.gnu-tools-for-stm32.10.3-2021.10.win32_1.0.100.202210260954/tools/bin/../lib/gcc/arm-none-eabi/10.3.1/thumb/v7e-m+fp/hard\libgcc.a(_arm_truncdfsf2.o)
                0x0000000008000af0                __truncdfsf2
                0x0000000008000af0                __aeabi_d2f
 .text          0x0000000008000b90       0x30 c:/st/stm32cubeide_1.11.0/stm32cubeide/plugins/com.st.stm32cube.ide.mcu.externaltools.gnu-tools-for-stm32.10.3-2021.10.win32_1.0.100.202210260954/tools/bin/../lib/gcc/arm-none-eabi/10.3.1/thumb/v7e-m+fp/hard\libgcc.a(_aeabi_uldivmod.o)
                0x0000000008000b90                __aeabi_uldivmod
 .text          0x0000000008000bc0      0x2d0 c:/st/stm32cubeide_1.11.0/stm32cubeide/plugins/com.st.stm32cube.ide.mcu.externaltools.gnu-tools-for-stm32.10.3-2021.10.win32_1.0.100.202210260954/tools/bin/../lib/gcc/arm-none-eabi/10.3.1/thumb/v7e-m+fp/hard\libgcc.a(_udivmoddi4.o)
                0x0000000008000bc0                __udivmoddi4
 .text          0x0000000008000e90        0x4 c:/st/stm32cubeide_1.11.0/stm32cubeide/plugins/com.st.stm32cube.ide.mcu.externaltools.gnu-tools-for-stm32.10.3-2021.10.win32_1.0.100.202210260954/tools/bin/../lib/gcc/arm-none-eabi/10.3.1/thumb/v7e-m+fp/hard\libgcc.a(_dvmd_tls.o)
                0x0000000008000e90                __aeabi_idiv0
                0x0000000008000e90                __aeabi_ldiv0
 *(.text*)
 .text.MX_DMA_Init
                0x0000000008000e94       0x3c ./Core/Src/dma.o
                0x0000000008000e94                MX_DMA_Init
 .text.MX_GPIO_Init
                0x0000000008000ed0       0xc4 ./Core/Src/gpio.o
                0x0000000008000ed0                MX_GPIO_Init
 .text.hagl_hal_init
                0x0000000008000f94       0x30 ./Core/Src/hagl_hal.o
                0x0000000008000f94                hagl_hal_init
 .text.lcd_cmd  0x0000000008000fc4       0x4c ./Core/Src/lcd.o
 .text.lcd_data
                0x0000000008001010       0x4c ./Core/Src/lcd.o
 .text.lcd_send
                0x000000000800105c       0x32 ./Core/Src/lcd.o
 .text.lcd_data16
                0x000000000800108e       0x2a ./Core/Src/lcd.o
 .text.lcd_set_window
                0x00000000080010b8       0x66 ./Core/Src/lcd.o
 *fill*         0x000000000800111e        0x2 
 .text.lcd_init
                0x0000000008001120       0x70 ./Core/Src/lcd.o
                0x0000000008001120                lcd_init
 .text.lcd_put_pixel
                0x0000000008001190       0x44 ./Core/Src/lcd.o
                0x0000000008001190                lcd_put_pixel
 .text.lcd_copy
                0x00000000080011d4       0x4c ./Core/Src/lcd.o
                0x00000000080011d4                lcd_copy
 .text.lcd_transfer_done
                0x0000000008001220       0x18 ./Core/Src/lcd.o
                0x0000000008001220                lcd_transfer_done
 .text.lcd_is_busy
                0x0000000008001238       0x20 ./Core/Src/lcd.o
                0x0000000008001238                lcd_is_busy
 .text.calc_disp_coordinates_math
                0x0000000008001258      0x15c ./Core/Src/lcd.o
                0x0000000008001258                calc_disp_coordinates_math
 .text.hagl_fill_rectangle
                0x00000000080013b4       0x40 ./Core/Src/main.o
 .text.HAL_SPI_TxCpltCallback
                0x00000000080013f4       0x20 ./Core/Src/main.o
                0x00000000080013f4                HAL_SPI_TxCpltCallback
 .text.HAL_TIM_PeriodElapsedCallback
                0x0000000008001414       0xa0 ./Core/Src/main.o
                0x0000000008001414                HAL_TIM_PeriodElapsedCallback
 .text.main     0x00000000080014b4      0x178 ./Core/Src/main.o
                0x00000000080014b4                main
 .text.SystemClock_Config
                0x000000000800162c       0xa2 ./Core/Src/main.o
                0x000000000800162c                SystemClock_Config
 .text.Error_Handler
                0x00000000080016ce        0xa ./Core/Src/main.o
                0x00000000080016ce                Error_Handler
 .text.is_max_angle_180
                0x00000000080016d8       0x4a ./Core/Src/servo.o
                0x00000000080016d8                is_max_angle_180
 .text.adjust_rotation_direction
                0x0000000008001722       0x4c ./Core/Src/servo.o
                0x0000000008001722                adjust_rotation_direction
 *fill*         0x000000000800176e        0x2 
 .text.calc_current_position
                0x0000000008001770       0x34 ./Core/Src/servo.o
                0x0000000008001770                calc_current_position
 .text.MX_SPI2_Init
                0x00000000080017a4       0x7c ./Core/Src/spi.o
                0x00000000080017a4                MX_SPI2_Init
 .text.HAL_SPI_MspInit
                0x0000000008001820      0x120 ./Core/Src/spi.o
                0x0000000008001820                HAL_SPI_MspInit
 .text.HAL_MspInit
                0x0000000008001940       0x48 ./Core/Src/stm32l4xx_hal_msp.o
                0x0000000008001940                HAL_MspInit
 .text.NMI_Handler
                0x0000000008001988        0x6 ./Core/Src/stm32l4xx_it.o
                0x0000000008001988                NMI_Handler
 .text.HardFault_Handler
                0x000000000800198e        0x6 ./Core/Src/stm32l4xx_it.o
                0x000000000800198e                HardFault_Handler
 .text.MemManage_Handler
                0x0000000008001994        0x6 ./Core/Src/stm32l4xx_it.o
                0x0000000008001994                MemManage_Handler
 .text.BusFault_Handler
                0x000000000800199a        0x6 ./Core/Src/stm32l4xx_it.o
                0x000000000800199a                BusFault_Handler
 .text.UsageFault_Handler
                0x00000000080019a0        0x6 ./Core/Src/stm32l4xx_it.o
                0x00000000080019a0                UsageFault_Handler
 .text.SVC_Handler
                0x00000000080019a6        0xe ./Core/Src/stm32l4xx_it.o
                0x00000000080019a6                SVC_Handler
 .text.DebugMon_Handler
                0x00000000080019b4        0xe ./Core/Src/stm32l4xx_it.o
                0x00000000080019b4                DebugMon_Handler
 .text.PendSV_Handler
                0x00000000080019c2        0xe ./Core/Src/stm32l4xx_it.o
                0x00000000080019c2                PendSV_Handler
 .text.SysTick_Handler
                0x00000000080019d0        0xc ./Core/Src/stm32l4xx_it.o
                0x00000000080019d0                SysTick_Handler
 .text.DMA1_Channel5_IRQHandler
                0x00000000080019dc       0x14 ./Core/Src/stm32l4xx_it.o
                0x00000000080019dc                DMA1_Channel5_IRQHandler
 .text.TIM4_IRQHandler
                0x00000000080019f0       0x14 ./Core/Src/stm32l4xx_it.o
                0x00000000080019f0                TIM4_IRQHandler
 .text.TIM6_DAC_IRQHandler
                0x0000000008001a04       0x14 ./Core/Src/stm32l4xx_it.o
                0x0000000008001a04                TIM6_DAC_IRQHandler
 .text.SystemInit
                0x0000000008001a18       0x24 ./Core/Src/system_stm32l4xx.o
                0x0000000008001a18                SystemInit
 .text.MX_TIM3_Init
                0x0000000008001a3c       0xf0 ./Core/Src/tim.o
                0x0000000008001a3c                MX_TIM3_Init
 .text.MX_TIM4_Init
                0x0000000008001b2c      0x158 ./Core/Src/tim.o
                0x0000000008001b2c                MX_TIM4_Init
 .text.MX_TIM6_Init
                0x0000000008001c84       0x70 ./Core/Src/tim.o
                0x0000000008001c84                MX_TIM6_Init
 .text.HAL_TIM_Base_MspInit
                0x0000000008001cf4       0xf8 ./Core/Src/tim.o
                0x0000000008001cf4                HAL_TIM_Base_MspInit
 .text.HAL_TIM_MspPostInit
                0x0000000008001dec       0xbc ./Core/Src/tim.o
                0x0000000008001dec                HAL_TIM_MspPostInit
 .text.MX_USART2_UART_Init
                0x0000000008001ea8       0x60 ./Core/Src/usart.o
                0x0000000008001ea8                MX_USART2_UART_Init
 .text.HAL_UART_MspInit
                0x0000000008001f08       0xb8 ./Core/Src/usart.o
                0x0000000008001f08                HAL_UART_MspInit
 .text.Reset_Handler
                0x0000000008001fc0       0x50 ./Core/Startup/startup_stm32l476rgtx.o
                0x0000000008001fc0                Reset_Handler
 .text.Default_Handler
                0x0000000008002010        0x2 ./Core/Startup/startup_stm32l476rgtx.o
                0x0000000008002010                RTC_Alarm_IRQHandler
                0x0000000008002010                EXTI2_IRQHandler
                0x0000000008002010                TIM8_TRG_COM_IRQHandler
                0x0000000008002010                TIM8_CC_IRQHandler
                0x0000000008002010                TIM1_CC_IRQHandler
                0x0000000008002010                TSC_IRQHandler
                0x0000000008002010                TAMP_STAMP_IRQHandler
                0x0000000008002010                EXTI3_IRQHandler
                0x0000000008002010                LPTIM2_IRQHandler
                0x0000000008002010                DFSDM1_FLT1_IRQHandler
                0x0000000008002010                I2C3_ER_IRQHandler
                0x0000000008002010                DFSDM1_FLT2_IRQHandler
                0x0000000008002010                EXTI0_IRQHandler
                0x0000000008002010                I2C2_EV_IRQHandler
                0x0000000008002010                CAN1_RX0_IRQHandler
                0x0000000008002010                FPU_IRQHandler
                0x0000000008002010                TIM1_UP_TIM16_IRQHandler
                0x0000000008002010                ADC1_2_IRQHandler
                0x0000000008002010                SPI1_IRQHandler
                0x0000000008002010                TIM8_UP_IRQHandler
                0x0000000008002010                DMA2_Channel2_IRQHandler
                0x0000000008002010                DMA1_Channel4_IRQHandler
                0x0000000008002010                SAI2_IRQHandler
                0x0000000008002010                DFSDM1_FLT3_IRQHandler
                0x0000000008002010                USART3_IRQHandler
                0x0000000008002010                DMA1_Channel7_IRQHandler
                0x0000000008002010                CAN1_RX1_IRQHandler
                0x0000000008002010                LCD_IRQHandler
                0x0000000008002010                UART5_IRQHandler
                0x0000000008002010                ADC3_IRQHandler
                0x0000000008002010                DMA2_Channel1_IRQHandler
                0x0000000008002010                QUADSPI_IRQHandler
                0x0000000008002010                I2C1_EV_IRQHandler
                0x0000000008002010                DMA1_Channel6_IRQHandler
                0x0000000008002010                UART4_IRQHandler
                0x0000000008002010                DMA2_Channel4_IRQHandler
                0x0000000008002010                TIM3_IRQHandler
                0x0000000008002010                RCC_IRQHandler
                0x0000000008002010                DMA1_Channel1_IRQHandler
                0x0000000008002010                Default_Handler
                0x0000000008002010                DMA2_Channel7_IRQHandler
                0x0000000008002010                EXTI15_10_IRQHandler
                0x0000000008002010                TIM7_IRQHandler
                0x0000000008002010                SDMMC1_IRQHandler
                0x0000000008002010                TIM5_IRQHandler
                0x0000000008002010                I2C3_EV_IRQHandler
                0x0000000008002010                EXTI9_5_IRQHandler
                0x0000000008002010                RTC_WKUP_IRQHandler
                0x0000000008002010                PVD_PVM_IRQHandler
                0x0000000008002010                SPI2_IRQHandler
                0x0000000008002010                CAN1_TX_IRQHandler
                0x0000000008002010                DMA2_Channel5_IRQHandler
                0x0000000008002010                EXTI4_IRQHandler
                0x0000000008002010                RNG_IRQHandler
                0x0000000008002010                TIM1_TRG_COM_TIM17_IRQHandler
                0x0000000008002010                DMA1_Channel3_IRQHandler
                0x0000000008002010                COMP_IRQHandler
                0x0000000008002010                WWDG_IRQHandler
                0x0000000008002010                LPUART1_IRQHandler
                0x0000000008002010                DMA2_Channel6_IRQHandler
                0x0000000008002010                TIM2_IRQHandler
                0x0000000008002010                EXTI1_IRQHandler
                0x0000000008002010                USART2_IRQHandler
                0x0000000008002010                DFSDM1_FLT0_IRQHandler
                0x0000000008002010                I2C2_ER_IRQHandler
                0x0000000008002010                DMA1_Channel2_IRQHandler
                0x0000000008002010                TIM8_BRK_IRQHandler
                0x0000000008002010                CAN1_SCE_IRQHandler
                0x0000000008002010                FLASH_IRQHandler
                0x0000000008002010                USART1_IRQHandler
                0x0000000008002010                OTG_FS_IRQHandler
                0x0000000008002010                SPI3_IRQHandler
                0x0000000008002010                I2C1_ER_IRQHandler
                0x0000000008002010                FMC_IRQHandler
                0x0000000008002010                SWPMI1_IRQHandler
                0x0000000008002010                LPTIM1_IRQHandler
                0x0000000008002010                SAI1_IRQHandler
                0x0000000008002010                DMA2_Channel3_IRQHandler
                0x0000000008002010                TIM1_BRK_TIM15_IRQHandler
 *fill*         0x0000000008002012        0x2 
 .text.HAL_Init
                0x0000000008002014       0x40 ./Drivers/STM32L4xx_HAL_Driver/Src/stm32l4xx_hal.o
                0x0000000008002014                HAL_Init
 .text.HAL_InitTick
                0x0000000008002054       0x78 ./Drivers/STM32L4xx_HAL_Driver/Src/stm32l4xx_hal.o
                0x0000000008002054                HAL_InitTick
 .text.HAL_IncTick
                0x00000000080020cc       0x28 ./Drivers/STM32L4xx_HAL_Driver/Src/stm32l4xx_hal.o
                0x00000000080020cc                HAL_IncTick
 .text.HAL_GetTick
                0x00000000080020f4       0x18 ./Drivers/STM32L4xx_HAL_Driver/Src/stm32l4xx_hal.o
                0x00000000080020f4                HAL_GetTick
 .text.HAL_Delay
                0x000000000800210c       0x48 ./Drivers/STM32L4xx_HAL_Driver/Src/stm32l4xx_hal.o
                0x000000000800210c                HAL_Delay
 .text.__NVIC_SetPriorityGrouping
                0x0000000008002154       0x48 ./Drivers/STM32L4xx_HAL_Driver/Src/stm32l4xx_hal_cortex.o
 .text.__NVIC_GetPriorityGrouping
                0x000000000800219c       0x1c ./Drivers/STM32L4xx_HAL_Driver/Src/stm32l4xx_hal_cortex.o
 .text.__NVIC_EnableIRQ
                0x00000000080021b8       0x3c ./Drivers/STM32L4xx_HAL_Driver/Src/stm32l4xx_hal_cortex.o
 .text.__NVIC_SetPriority
                0x00000000080021f4       0x54 ./Drivers/STM32L4xx_HAL_Driver/Src/stm32l4xx_hal_cortex.o
 .text.NVIC_EncodePriority
                0x0000000008002248       0x66 ./Drivers/STM32L4xx_HAL_Driver/Src/stm32l4xx_hal_cortex.o
 *fill*         0x00000000080022ae        0x2 
 .text.SysTick_Config
                0x00000000080022b0       0x44 ./Drivers/STM32L4xx_HAL_Driver/Src/stm32l4xx_hal_cortex.o
 .text.HAL_NVIC_SetPriorityGrouping
                0x00000000080022f4       0x16 ./Drivers/STM32L4xx_HAL_Driver/Src/stm32l4xx_hal_cortex.o
                0x00000000080022f4                HAL_NVIC_SetPriorityGrouping
 .text.HAL_NVIC_SetPriority
                0x000000000800230a       0x38 ./Drivers/STM32L4xx_HAL_Driver/Src/stm32l4xx_hal_cortex.o
                0x000000000800230a                HAL_NVIC_SetPriority
 .text.HAL_NVIC_EnableIRQ
                0x0000000008002342       0x1c ./Drivers/STM32L4xx_HAL_Driver/Src/stm32l4xx_hal_cortex.o
                0x0000000008002342                HAL_NVIC_EnableIRQ
 .text.HAL_SYSTICK_Config
                0x000000000800235e       0x18 ./Drivers/STM32L4xx_HAL_Driver/Src/stm32l4xx_hal_cortex.o
                0x000000000800235e                HAL_SYSTICK_Config
 *fill*         0x0000000008002376        0x2 
 .text.HAL_DMA_Init
                0x0000000008002378      0x170 ./Drivers/STM32L4xx_HAL_Driver/Src/stm32l4xx_hal_dma.o
                0x0000000008002378                HAL_DMA_Init
 .text.HAL_DMA_Start_IT
                0x00000000080024e8       0xc0 ./Drivers/STM32L4xx_HAL_Driver/Src/stm32l4xx_hal_dma.o
                0x00000000080024e8                HAL_DMA_Start_IT
 .text.HAL_DMA_IRQHandler
                0x00000000080025a8      0x15e ./Drivers/STM32L4xx_HAL_Driver/Src/stm32l4xx_hal_dma.o
                0x00000000080025a8                HAL_DMA_IRQHandler
 .text.DMA_SetConfig
                0x0000000008002706       0x60 ./Drivers/STM32L4xx_HAL_Driver/Src/stm32l4xx_hal_dma.o
 *fill*         0x0000000008002766        0x2 
 .text.HAL_GPIO_Init
                0x0000000008002768      0x354 ./Drivers/STM32L4xx_HAL_Driver/Src/stm32l4xx_hal_gpio.o
                0x0000000008002768                HAL_GPIO_Init
 .text.HAL_GPIO_WritePin
                0x0000000008002abc       0x30 ./Drivers/STM32L4xx_HAL_Driver/Src/stm32l4xx_hal_gpio.o
                0x0000000008002abc                HAL_GPIO_WritePin
 .text.HAL_PWREx_GetVoltageRange
                0x0000000008002aec       0x1c ./Drivers/STM32L4xx_HAL_Driver/Src/stm32l4xx_hal_pwr_ex.o
                0x0000000008002aec                HAL_PWREx_GetVoltageRange
 .text.HAL_PWREx_ControlVoltageScaling
                0x0000000008002b08       0xac ./Drivers/STM32L4xx_HAL_Driver/Src/stm32l4xx_hal_pwr_ex.o
                0x0000000008002b08                HAL_PWREx_ControlVoltageScaling
 .text.HAL_RCC_OscConfig
                0x0000000008002bb4      0x7b8 ./Drivers/STM32L4xx_HAL_Driver/Src/stm32l4xx_hal_rcc.o
                0x0000000008002bb4                HAL_RCC_OscConfig
 .text.HAL_RCC_ClockConfig
                0x000000000800336c      0x200 ./Drivers/STM32L4xx_HAL_Driver/Src/stm32l4xx_hal_rcc.o
                0x000000000800336c                HAL_RCC_ClockConfig
 .text.HAL_RCC_GetSysClockFreq
                0x000000000800356c      0x118 ./Drivers/STM32L4xx_HAL_Driver/Src/stm32l4xx_hal_rcc.o
                0x000000000800356c                HAL_RCC_GetSysClockFreq
 .text.HAL_RCC_GetHCLKFreq
                0x0000000008003684       0x18 ./Drivers/STM32L4xx_HAL_Driver/Src/stm32l4xx_hal_rcc.o
                0x0000000008003684                HAL_RCC_GetHCLKFreq
 .text.HAL_RCC_GetPCLK1Freq
                0x000000000800369c       0x2c ./Drivers/STM32L4xx_HAL_Driver/Src/stm32l4xx_hal_rcc.o
                0x000000000800369c                HAL_RCC_GetPCLK1Freq
 .text.HAL_RCC_GetPCLK2Freq
                0x00000000080036c8       0x2c ./Drivers/STM32L4xx_HAL_Driver/Src/stm32l4xx_hal_rcc.o
                0x00000000080036c8                HAL_RCC_GetPCLK2Freq
 .text.RCC_SetFlashLatencyFromMSIRange
                0x00000000080036f4       0xc0 ./Drivers/STM32L4xx_HAL_Driver/Src/stm32l4xx_hal_rcc.o
 .text.HAL_RCCEx_PeriphCLKConfig
                0x00000000080037b4      0x5d4 ./Drivers/STM32L4xx_HAL_Driver/Src/stm32l4xx_hal_rcc_ex.o
                0x00000000080037b4                HAL_RCCEx_PeriphCLKConfig
 .text.RCCEx_PLLSAI1_Config
                0x0000000008003d88      0x1e8 ./Drivers/STM32L4xx_HAL_Driver/Src/stm32l4xx_hal_rcc_ex.o
 .text.RCCEx_PLLSAI2_Config
                0x0000000008003f70      0x1bc ./Drivers/STM32L4xx_HAL_Driver/Src/stm32l4xx_hal_rcc_ex.o
 .text.HAL_SPI_Init
                0x000000000800412c      0x146 ./Drivers/STM32L4xx_HAL_Driver/Src/stm32l4xx_hal_spi.o
                0x000000000800412c                HAL_SPI_Init
 .text.HAL_SPI_Transmit
                0x0000000008004272      0x2dc ./Drivers/STM32L4xx_HAL_Driver/Src/stm32l4xx_hal_spi.o
                0x0000000008004272                HAL_SPI_Transmit
 *fill*         0x000000000800454e        0x2 
 .text.HAL_SPI_Transmit_DMA
                0x0000000008004550      0x1e8 ./Drivers/STM32L4xx_HAL_Driver/Src/stm32l4xx_hal_spi.o
                0x0000000008004550                HAL_SPI_Transmit_DMA
 .text.HAL_SPI_TxHalfCpltCallback
                0x0000000008004738       0x14 ./Drivers/STM32L4xx_HAL_Driver/Src/stm32l4xx_hal_spi.o
                0x0000000008004738                HAL_SPI_TxHalfCpltCallback
 .text.HAL_SPI_ErrorCallback
                0x000000000800474c       0x14 ./Drivers/STM32L4xx_HAL_Driver/Src/stm32l4xx_hal_spi.o
                0x000000000800474c                HAL_SPI_ErrorCallback
 .text.HAL_SPI_GetState
                0x0000000008004760       0x1c ./Drivers/STM32L4xx_HAL_Driver/Src/stm32l4xx_hal_spi.o
                0x0000000008004760                HAL_SPI_GetState
 .text.SPI_DMATransmitCplt
                0x000000000800477c       0xa6 ./Drivers/STM32L4xx_HAL_Driver/Src/stm32l4xx_hal_spi.o
 .text.SPI_DMAHalfTransmitCplt
                0x0000000008004822       0x1c ./Drivers/STM32L4xx_HAL_Driver/Src/stm32l4xx_hal_spi.o
 .text.SPI_DMAError
                0x000000000800483e       0x40 ./Drivers/STM32L4xx_HAL_Driver/Src/stm32l4xx_hal_spi.o
 *fill*         0x000000000800487e        0x2 
 .text.SPI_WaitFlagStateUntilTimeout
                0x0000000008004880      0x110 ./Drivers/STM32L4xx_HAL_Driver/Src/stm32l4xx_hal_spi.o
 .text.SPI_WaitFifoStateUntilTimeout
                0x0000000008004990      0x12c ./Drivers/STM32L4xx_HAL_Driver/Src/stm32l4xx_hal_spi.o
 .text.SPI_EndRxTxTransaction
                0x0000000008004abc       0x8c ./Drivers/STM32L4xx_HAL_Driver/Src/stm32l4xx_hal_spi.o
 .text.HAL_TIM_Base_Init
                0x0000000008004b48       0xae ./Drivers/STM32L4xx_HAL_Driver/Src/stm32l4xx_hal_tim.o
                0x0000000008004b48                HAL_TIM_Base_Init
 *fill*         0x0000000008004bf6        0x2 
 .text.HAL_TIM_Base_Start_IT
                0x0000000008004bf8       0xe0 ./Drivers/STM32L4xx_HAL_Driver/Src/stm32l4xx_hal_tim.o
                0x0000000008004bf8                HAL_TIM_Base_Start_IT
 .text.HAL_TIM_PWM_Init
                0x0000000008004cd8       0xae ./Drivers/STM32L4xx_HAL_Driver/Src/stm32l4xx_hal_tim.o
                0x0000000008004cd8                HAL_TIM_PWM_Init
 .text.HAL_TIM_PWM_MspInit
                0x0000000008004d86       0x14 ./Drivers/STM32L4xx_HAL_Driver/Src/stm32l4xx_hal_tim.o
                0x0000000008004d86                HAL_TIM_PWM_MspInit
 *fill*         0x0000000008004d9a        0x2 
 .text.HAL_TIM_PWM_Start
                0x0000000008004d9c      0x20c ./Drivers/STM32L4xx_HAL_Driver/Src/stm32l4xx_hal_tim.o
                0x0000000008004d9c                HAL_TIM_PWM_Start
 .text.HAL_TIM_IC_Init
                0x0000000008004fa8       0xae ./Drivers/STM32L4xx_HAL_Driver/Src/stm32l4xx_hal_tim.o
                0x0000000008004fa8                HAL_TIM_IC_Init
 .text.HAL_TIM_IC_MspInit
                0x0000000008005056       0x14 ./Drivers/STM32L4xx_HAL_Driver/Src/stm32l4xx_hal_tim.o
                0x0000000008005056                HAL_TIM_IC_MspInit
 *fill*         0x000000000800506a        0x2 
 .text.HAL_TIM_IC_Start
                0x000000000800506c      0x1f8 ./Drivers/STM32L4xx_HAL_Driver/Src/stm32l4xx_hal_tim.o
                0x000000000800506c                HAL_TIM_IC_Start
 .text.HAL_TIM_IRQHandler
                0x0000000008005264      0x23e ./Drivers/STM32L4xx_HAL_Driver/Src/stm32l4xx_hal_tim.o
                0x0000000008005264                HAL_TIM_IRQHandler
 .text.HAL_TIM_IC_ConfigChannel
                0x00000000080054a2      0x138 ./Drivers/STM32L4xx_HAL_Driver/Src/stm32l4xx_hal_tim.o
                0x00000000080054a2                HAL_TIM_IC_ConfigChannel
 *fill*         0x00000000080055da        0x2 
 .text.HAL_TIM_PWM_ConfigChannel
                0x00000000080055dc      0x228 ./Drivers/STM32L4xx_HAL_Driver/Src/stm32l4xx_hal_tim.o
                0x00000000080055dc                HAL_TIM_PWM_ConfigChannel
 .text.HAL_TIM_ConfigClockSource
                0x0000000008005804      0x192 ./Drivers/STM32L4xx_HAL_Driver/Src/stm32l4xx_hal_tim.o
                0x0000000008005804                HAL_TIM_ConfigClockSource
 *fill*         0x0000000008005996        0x2 
 .text.HAL_TIM_ReadCapturedValue
                0x0000000008005998       0x88 ./Drivers/STM32L4xx_HAL_Driver/Src/stm32l4xx_hal_tim.o
                0x0000000008005998                HAL_TIM_ReadCapturedValue
 .text.HAL_TIM_OC_DelayElapsedCallback
                0x0000000008005a20       0x14 ./Drivers/STM32L4xx_HAL_Driver/Src/stm32l4xx_hal_tim.o
                0x0000000008005a20                HAL_TIM_OC_DelayElapsedCallback
 .text.HAL_TIM_IC_CaptureCallback
                0x0000000008005a34       0x14 ./Drivers/STM32L4xx_HAL_Driver/Src/stm32l4xx_hal_tim.o
                0x0000000008005a34                HAL_TIM_IC_CaptureCallback
 .text.HAL_TIM_PWM_PulseFinishedCallback
                0x0000000008005a48       0x14 ./Drivers/STM32L4xx_HAL_Driver/Src/stm32l4xx_hal_tim.o
                0x0000000008005a48                HAL_TIM_PWM_PulseFinishedCallback
 .text.HAL_TIM_TriggerCallback
                0x0000000008005a5c       0x14 ./Drivers/STM32L4xx_HAL_Driver/Src/stm32l4xx_hal_tim.o
                0x0000000008005a5c                HAL_TIM_TriggerCallback
 .text.TIM_Base_SetConfig
                0x0000000008005a70      0x134 ./Drivers/STM32L4xx_HAL_Driver/Src/stm32l4xx_hal_tim.o
                0x0000000008005a70                TIM_Base_SetConfig
 .text.TIM_OC1_SetConfig
                0x0000000008005ba4      0x120 ./Drivers/STM32L4xx_HAL_Driver/Src/stm32l4xx_hal_tim.o
 .text.TIM_OC2_SetConfig
                0x0000000008005cc4      0x114 ./Drivers/STM32L4xx_HAL_Driver/Src/stm32l4xx_hal_tim.o
                0x0000000008005cc4                TIM_OC2_SetConfig
 .text.TIM_OC3_SetConfig
                0x0000000008005dd8      0x110 ./Drivers/STM32L4xx_HAL_Driver/Src/stm32l4xx_hal_tim.o
 .text.TIM_OC4_SetConfig
                0x0000000008005ee8       0xd4 ./Drivers/STM32L4xx_HAL_Driver/Src/stm32l4xx_hal_tim.o
 .text.TIM_OC5_SetConfig
                0x0000000008005fbc       0xc8 ./Drivers/STM32L4xx_HAL_Driver/Src/stm32l4xx_hal_tim.o
 .text.TIM_OC6_SetConfig
                0x0000000008006084       0xcc ./Drivers/STM32L4xx_HAL_Driver/Src/stm32l4xx_hal_tim.o
 .text.TIM_TI1_SetConfig
                0x0000000008006150       0xdc ./Drivers/STM32L4xx_HAL_Driver/Src/stm32l4xx_hal_tim.o
                0x0000000008006150                TIM_TI1_SetConfig
 .text.TIM_TI1_ConfigInputStage
                0x000000000800622c       0x5e ./Drivers/STM32L4xx_HAL_Driver/Src/stm32l4xx_hal_tim.o
 .text.TIM_TI2_SetConfig
                0x000000000800628a       0x7a ./Drivers/STM32L4xx_HAL_Driver/Src/stm32l4xx_hal_tim.o
 .text.TIM_TI2_ConfigInputStage
                0x0000000008006304       0x60 ./Drivers/STM32L4xx_HAL_Driver/Src/stm32l4xx_hal_tim.o
 .text.TIM_TI3_SetConfig
                0x0000000008006364       0x78 ./Drivers/STM32L4xx_HAL_Driver/Src/stm32l4xx_hal_tim.o
 .text.TIM_TI4_SetConfig
                0x00000000080063dc       0x7a ./Drivers/STM32L4xx_HAL_Driver/Src/stm32l4xx_hal_tim.o
 .text.TIM_ITRx_SetConfig
                0x0000000008006456       0x36 ./Drivers/STM32L4xx_HAL_Driver/Src/stm32l4xx_hal_tim.o
 .text.TIM_ETR_SetConfig
                0x000000000800648c       0x40 ./Drivers/STM32L4xx_HAL_Driver/Src/stm32l4xx_hal_tim.o
                0x000000000800648c                TIM_ETR_SetConfig
 .text.TIM_CCxChannelCmd
                0x00000000080064cc       0x4a ./Drivers/STM32L4xx_HAL_Driver/Src/stm32l4xx_hal_tim.o
                0x00000000080064cc                TIM_CCxChannelCmd
 *fill*         0x0000000008006516        0x2 
 .text.HAL_TIMEx_MasterConfigSynchronization
                0x0000000008006518      0x110 ./Drivers/STM32L4xx_HAL_Driver/Src/stm32l4xx_hal_tim_ex.o
                0x0000000008006518                HAL_TIMEx_MasterConfigSynchronization
 .text.HAL_TIMEx_CommutCallback
                0x0000000008006628       0x14 ./Drivers/STM32L4xx_HAL_Driver/Src/stm32l4xx_hal_tim_ex.o
                0x0000000008006628                HAL_TIMEx_CommutCallback
 .text.HAL_TIMEx_BreakCallback
                0x000000000800663c       0x14 ./Drivers/STM32L4xx_HAL_Driver/Src/stm32l4xx_hal_tim_ex.o
                0x000000000800663c                HAL_TIMEx_BreakCallback
 .text.HAL_TIMEx_Break2Callback
                0x0000000008006650       0x14 ./Drivers/STM32L4xx_HAL_Driver/Src/stm32l4xx_hal_tim_ex.o
                0x0000000008006650                HAL_TIMEx_Break2Callback
 .text.HAL_UART_Init
                0x0000000008006664       0x9c ./Drivers/STM32L4xx_HAL_Driver/Src/stm32l4xx_hal_uart.o
                0x0000000008006664                HAL_UART_Init
 .text.UART_SetConfig
                0x0000000008006700      0x570 ./Drivers/STM32L4xx_HAL_Driver/Src/stm32l4xx_hal_uart.o
                0x0000000008006700                UART_SetConfig
 .text.UART_AdvFeatureConfig
                0x0000000008006c70      0x144 ./Drivers/STM32L4xx_HAL_Driver/Src/stm32l4xx_hal_uart.o
                0x0000000008006c70                UART_AdvFeatureConfig
 .text.UART_CheckIdleState
                0x0000000008006db4       0x92 ./Drivers/STM32L4xx_HAL_Driver/Src/stm32l4xx_hal_uart.o
                0x0000000008006db4                UART_CheckIdleState
 .text.UART_WaitOnFlagUntilTimeout
                0x0000000008006e46      0x188 ./Drivers/STM32L4xx_HAL_Driver/Src/stm32l4xx_hal_uart.o
                0x0000000008006e46                UART_WaitOnFlagUntilTimeout
 *fill*         0x0000000008006fce        0x2 
 .text.hagl_init
                0x0000000008006fd0       0x48 ./hagl/src/hagl.o
                0x0000000008006fd0                hagl_init
 .text.hagl_draw_hline
                0x0000000008007018       0x38 ./hagl/src/hagl_circle.o
 .text.hagl_draw_circle
                0x0000000008007050      0x266 ./hagl/src/hagl_circle.o
                0x0000000008007050                hagl_draw_circle
 .text.hagl_fill_circle
                0x00000000080072b6      0x13e ./hagl/src/hagl_circle.o
                0x00000000080072b6                hagl_fill_circle
 .text.code     0x00000000080073f4       0x74 ./hagl/src/hagl_clip.o
 .text.hagl_clip_line
                0x0000000008007468      0x236 ./hagl/src/hagl_clip.o
                0x0000000008007468                hagl_clip_line
 .text.hagl_set_clip
                0x000000000800769e       0x42 ./hagl/src/hagl_clip.o
                0x000000000800769e                hagl_set_clip
 .text.hagl_draw_hline_xyw
                0x00000000080076e0       0xf2 ./hagl/src/hagl_hline.o
                0x00000000080076e0                hagl_draw_hline_xyw
 .text.hagl_draw_line
                0x00000000080077d2      0x158 ./hagl/src/hagl_line.o
                0x00000000080077d2                hagl_draw_line
 .text.hagl_put_pixel
                0x000000000800792a       0x68 ./hagl/src/hagl_pixel.o
                0x000000000800792a                hagl_put_pixel
 .text.hagl_draw_hline
                0x0000000008007992       0x38 ./hagl/src/hagl_rectangle.o
 .text.hagl_fill_rectangle_xyxy
                0x00000000080079ca      0x16a ./hagl/src/hagl_rectangle.o
                0x00000000080079ca                hagl_fill_rectangle_xyxy
 .text.__errno  0x0000000008007b34        0xc c:/st/stm32cubeide_1.11.0/stm32cubeide/plugins/com.st.stm32cube.ide.mcu.externaltools.gnu-tools-for-stm32.10.3-2021.10.win32_1.0.100.202210260954/tools/bin/../lib/gcc/arm-none-eabi/10.3.1/../../../../arm-none-eabi/lib/thumb/v7e-m+fp/hard\libc_nano.a(lib_a-errno.o)
                0x0000000008007b34                __errno
 .text.__libc_init_array
                0x0000000008007b40       0x48 c:/st/stm32cubeide_1.11.0/stm32cubeide/plugins/com.st.stm32cube.ide.mcu.externaltools.gnu-tools-for-stm32.10.3-2021.10.win32_1.0.100.202210260954/tools/bin/../lib/gcc/arm-none-eabi/10.3.1/../../../../arm-none-eabi/lib/thumb/v7e-m+fp/hard\libc_nano.a(lib_a-init.o)
                0x0000000008007b40                __libc_init_array
 .text.memset   0x0000000008007b88       0x10 c:/st/stm32cubeide_1.11.0/stm32cubeide/plugins/com.st.stm32cube.ide.mcu.externaltools.gnu-tools-for-stm32.10.3-2021.10.win32_1.0.100.202210260954/tools/bin/../lib/gcc/arm-none-eabi/10.3.1/../../../../arm-none-eabi/lib/thumb/v7e-m+fp/hard\libc_nano.a(lib_a-memset.o)
                0x0000000008007b88                memset
 .text.sin      0x0000000008007b98       0xb0 c:/st/stm32cubeide_1.11.0/stm32cubeide/plugins/com.st.stm32cube.ide.mcu.externaltools.gnu-tools-for-stm32.10.3-2021.10.win32_1.0.100.202210260954/tools/bin/../lib/gcc/arm-none-eabi/10.3.1/../../../../arm-none-eabi/lib/thumb/v7e-m+fp/hard\libm.a(lib_a-s_sin.o)
                0x0000000008007b98                sin
 .text.pow      0x0000000008007c48       0xe0 c:/st/stm32cubeide_1.11.0/stm32cubeide/plugins/com.st.stm32cube.ide.mcu.externaltools.gnu-tools-for-stm32.10.3-2021.10.win32_1.0.100.202210260954/tools/bin/../lib/gcc/arm-none-eabi/10.3.1/../../../../arm-none-eabi/lib/thumb/v7e-m+fp/hard\libm.a(lib_a-w_pow.o)
                0x0000000008007c48                pow
 .text.sqrt     0x0000000008007d28       0x58 c:/st/stm32cubeide_1.11.0/stm32cubeide/plugins/com.st.stm32cube.ide.mcu.externaltools.gnu-tools-for-stm32.10.3-2021.10.win32_1.0.100.202210260954/tools/bin/../lib/gcc/arm-none-eabi/10.3.1/../../../../arm-none-eabi/lib/thumb/v7e-m+fp/hard\libm.a(lib_a-w_sqrt.o)
                0x0000000008007d28                sqrt
 .text.__ieee754_pow
                0x0000000008007d80      0xa5c c:/st/stm32cubeide_1.11.0/stm32cubeide/plugins/com.st.stm32cube.ide.mcu.externaltools.gnu-tools-for-stm32.10.3-2021.10.win32_1.0.100.202210260954/tools/bin/../lib/gcc/arm-none-eabi/10.3.1/../../../../arm-none-eabi/lib/thumb/v7e-m+fp/hard\libm.a(lib_a-e_pow.o)
                0x0000000008007d80                __ieee754_pow
 *fill*         0x00000000080087dc        0x4 
 .text.__ieee754_rem_pio2
                0x00000000080087e0      0x418 c:/st/stm32cubeide_1.11.0/stm32cubeide/plugins/com.st.stm32cube.ide.mcu.externaltools.gnu-tools-for-stm32.10.3-2021.10.win32_1.0.100.202210260954/tools/bin/../lib/gcc/arm-none-eabi/10.3.1/../../../../arm-none-eabi/lib/thumb/v7e-m+fp/hard\libm.a(lib_a-e_rem_pio2.o)
                0x00000000080087e0                __ieee754_rem_pio2
 .text.__ieee754_sqrt
                0x0000000008008bf8      0x164 c:/st/stm32cubeide_1.11.0/stm32cubeide/plugins/com.st.stm32cube.ide.mcu.externaltools.gnu-tools-for-stm32.10.3-2021.10.win32_1.0.100.202210260954/tools/bin/../lib/gcc/arm-none-eabi/10.3.1/../../../../arm-none-eabi/lib/thumb/v7e-m+fp/hard\libm.a(lib_a-e_sqrt.o)
                0x0000000008008bf8                __ieee754_sqrt
 *fill*         0x0000000008008d5c        0x4 
 .text.__kernel_cos
                0x0000000008008d60      0x18c c:/st/stm32cubeide_1.11.0/stm32cubeide/plugins/com.st.stm32cube.ide.mcu.externaltools.gnu-tools-for-stm32.10.3-2021.10.win32_1.0.100.202210260954/tools/bin/../lib/gcc/arm-none-eabi/10.3.1/../../../../arm-none-eabi/lib/thumb/v7e-m+fp/hard\libm.a(lib_a-k_cos.o)
                0x0000000008008d60                __kernel_cos
 *fill*         0x0000000008008eec        0x4 
 .text.__kernel_rem_pio2
                0x0000000008008ef0      0x69c c:/st/stm32cubeide_1.11.0/stm32cubeide/plugins/com.st.stm32cube.ide.mcu.externaltools.gnu-tools-for-stm32.10.3-2021.10.win32_1.0.100.202210260954/tools/bin/../lib/gcc/arm-none-eabi/10.3.1/../../../../arm-none-eabi/lib/thumb/v7e-m+fp/hard\libm.a(lib_a-k_rem_pio2.o)
                0x0000000008008ef0                __kernel_rem_pio2
 *fill*         0x000000000800958c        0x4 
 .text.__kernel_sin
                0x0000000008009590      0x17c c:/st/stm32cubeide_1.11.0/stm32cubeide/plugins/com.st.stm32cube.ide.mcu.externaltools.gnu-tools-for-stm32.10.3-2021.10.win32_1.0.100.202210260954/tools/bin/../lib/gcc/arm-none-eabi/10.3.1/../../../../arm-none-eabi/lib/thumb/v7e-m+fp/hard\libm.a(lib_a-k_sin.o)
                0x0000000008009590                __kernel_sin
 .text.with_errno
                0x000000000800970c       0x14 c:/st/stm32cubeide_1.11.0/stm32cubeide/plugins/com.st.stm32cube.ide.mcu.externaltools.gnu-tools-for-stm32.10.3-2021.10.win32_1.0.100.202210260954/tools/bin/../lib/gcc/arm-none-eabi/10.3.1/../../../../arm-none-eabi/lib/thumb/v7e-m+fp/hard\libm.a(lib_a-math_err.o)
 .text.xflow    0x0000000008009720       0x28 c:/st/stm32cubeide_1.11.0/stm32cubeide/plugins/com.st.stm32cube.ide.mcu.externaltools.gnu-tools-for-stm32.10.3-2021.10.win32_1.0.100.202210260954/tools/bin/../lib/gcc/arm-none-eabi/10.3.1/../../../../arm-none-eabi/lib/thumb/v7e-m+fp/hard\libm.a(lib_a-math_err.o)
 .text.__math_uflow
                0x0000000008009748       0x12 c:/st/stm32cubeide_1.11.0/stm32cubeide/plugins/com.st.stm32cube.ide.mcu.externaltools.gnu-tools-for-stm32.10.3-2021.10.win32_1.0.100.202210260954/tools/bin/../lib/gcc/arm-none-eabi/10.3.1/../../../../arm-none-eabi/lib/thumb/v7e-m+fp/hard\libm.a(lib_a-math_err.o)
                0x0000000008009748                __math_uflow
 .text.__math_oflow
                0x000000000800975a       0x12 c:/st/stm32cubeide_1.11.0/stm32cubeide/plugins/com.st.stm32cube.ide.mcu.externaltools.gnu-tools-for-stm32.10.3-2021.10.win32_1.0.100.202210260954/tools/bin/../lib/gcc/arm-none-eabi/10.3.1/../../../../arm-none-eabi/lib/thumb/v7e-m+fp/hard\libm.a(lib_a-math_err.o)
                0x000000000800975a                __math_oflow
 .text.fabs     0x000000000800976c       0x12 c:/st/stm32cubeide_1.11.0/stm32cubeide/plugins/com.st.stm32cube.ide.mcu.externaltools.gnu-tools-for-stm32.10.3-2021.10.win32_1.0.100.202210260954/tools/bin/../lib/gcc/arm-none-eabi/10.3.1/../../../../arm-none-eabi/lib/thumb/v7e-m+fp/hard\libm.a(lib_a-s_fabs.o)
                0x000000000800976c                fabs
 .text.finite   0x000000000800977e       0x16 c:/st/stm32cubeide_1.11.0/stm32cubeide/plugins/com.st.stm32cube.ide.mcu.externaltools.gnu-tools-for-stm32.10.3-2021.10.win32_1.0.100.202210260954/tools/bin/../lib/gcc/arm-none-eabi/10.3.1/../../../../arm-none-eabi/lib/thumb/v7e-m+fp/hard\libm.a(lib_a-s_finite.o)
                0x000000000800977e                finite
 *fill*         0x0000000008009794        0x4 
 .text.floor    0x0000000008009798      0x100 c:/st/stm32cubeide_1.11.0/stm32cubeide/plugins/com.st.stm32cube.ide.mcu.externaltools.gnu-tools-for-stm32.10.3-2021.10.win32_1.0.100.202210260954/tools/bin/../lib/gcc/arm-none-eabi/10.3.1/../../../../arm-none-eabi/lib/thumb/v7e-m+fp/hard\libm.a(lib_a-s_floor.o)
                0x0000000008009798                floor
 .text.scalbn   0x0000000008009898      0x10c c:/st/stm32cubeide_1.11.0/stm32cubeide/plugins/com.st.stm32cube.ide.mcu.externaltools.gnu-tools-for-stm32.10.3-2021.10.win32_1.0.100.202210260954/tools/bin/../lib/gcc/arm-none-eabi/10.3.1/../../../../arm-none-eabi/lib/thumb/v7e-m+fp/hard\libm.a(lib_a-s_scalbn.o)
                0x0000000008009898                scalbn
 *(.glue_7)
 .glue_7        0x00000000080099a4        0x0 linker stubs
 *(.glue_7t)
 .glue_7t       0x00000000080099a4        0x0 linker stubs
 *(.eh_frame)
 .eh_frame      0x00000000080099a4        0x0 c:/st/stm32cubeide_1.11.0/stm32cubeide/plugins/com.st.stm32cube.ide.mcu.externaltools.gnu-tools-for-stm32.10.3-2021.10.win32_1.0.100.202210260954/tools/bin/../lib/gcc/arm-none-eabi/10.3.1/thumb/v7e-m+fp/hard/crtbegin.o
 *(.init)
 .init          0x00000000080099a4        0x4 c:/st/stm32cubeide_1.11.0/stm32cubeide/plugins/com.st.stm32cube.ide.mcu.externaltools.gnu-tools-for-stm32.10.3-2021.10.win32_1.0.100.202210260954/tools/bin/../lib/gcc/arm-none-eabi/10.3.1/thumb/v7e-m+fp/hard/crti.o
                0x00000000080099a4                _init
 .init          0x00000000080099a8        0x8 c:/st/stm32cubeide_1.11.0/stm32cubeide/plugins/com.st.stm32cube.ide.mcu.externaltools.gnu-tools-for-stm32.10.3-2021.10.win32_1.0.100.202210260954/tools/bin/../lib/gcc/arm-none-eabi/10.3.1/thumb/v7e-m+fp/hard/crtn.o
 *(.fini)
 .fini          0x00000000080099b0        0x4 c:/st/stm32cubeide_1.11.0/stm32cubeide/plugins/com.st.stm32cube.ide.mcu.externaltools.gnu-tools-for-stm32.10.3-2021.10.win32_1.0.100.202210260954/tools/bin/../lib/gcc/arm-none-eabi/10.3.1/thumb/v7e-m+fp/hard/crti.o
                0x00000000080099b0                _fini
 .fini          0x00000000080099b4        0x8 c:/st/stm32cubeide_1.11.0/stm32cubeide/plugins/com.st.stm32cube.ide.mcu.externaltools.gnu-tools-for-stm32.10.3-2021.10.win32_1.0.100.202210260954/tools/bin/../lib/gcc/arm-none-eabi/10.3.1/thumb/v7e-m+fp/hard/crtn.o
                0x00000000080099bc                . = ALIGN (0x4)
                0x00000000080099bc                _etext = .

.vfp11_veneer   0x00000000080099bc        0x0
 .vfp11_veneer  0x00000000080099bc        0x0 linker stubs

.v4_bx          0x00000000080099bc        0x0
 .v4_bx         0x00000000080099bc        0x0 linker stubs

.iplt           0x00000000080099bc        0x0
 .iplt          0x00000000080099bc        0x0 c:/st/stm32cubeide_1.11.0/stm32cubeide/plugins/com.st.stm32cube.ide.mcu.externaltools.gnu-tools-for-stm32.10.3-2021.10.win32_1.0.100.202210260954/tools/bin/../lib/gcc/arm-none-eabi/10.3.1/thumb/v7e-m+fp/hard/crtbegin.o

.rodata         0x00000000080099c0      0x348
                0x00000000080099c0                . = ALIGN (0x4)
 *(.rodata)
 *(.rodata*)
 .rodata.init_table
                0x00000000080099c0       0x98 ./Core/Src/lcd.o
 .rodata.AHBPrescTable
                0x0000000008009a58       0x10 ./Core/Src/system_stm32l4xx.o
                0x0000000008009a58                AHBPrescTable
 .rodata.APBPrescTable
                0x0000000008009a68        0x8 ./Core/Src/system_stm32l4xx.o
                0x0000000008009a68                APBPrescTable
 .rodata.MSIRangeTable
                0x0000000008009a70       0x30 ./Core/Src/system_stm32l4xx.o
                0x0000000008009a70                MSIRangeTable
 .rodata.__sf_fake_stderr
                0x0000000008009aa0       0x20 c:/st/stm32cubeide_1.11.0/stm32cubeide/plugins/com.st.stm32cube.ide.mcu.externaltools.gnu-tools-for-stm32.10.3-2021.10.win32_1.0.100.202210260954/tools/bin/../lib/gcc/arm-none-eabi/10.3.1/../../../../arm-none-eabi/lib/thumb/v7e-m+fp/hard\libc_nano.a(lib_a-findfp.o)
                0x0000000008009aa0                __sf_fake_stderr
 .rodata.__sf_fake_stdin
                0x0000000008009ac0       0x20 c:/st/stm32cubeide_1.11.0/stm32cubeide/plugins/com.st.stm32cube.ide.mcu.externaltools.gnu-tools-for-stm32.10.3-2021.10.win32_1.0.100.202210260954/tools/bin/../lib/gcc/arm-none-eabi/10.3.1/../../../../arm-none-eabi/lib/thumb/v7e-m+fp/hard\libc_nano.a(lib_a-findfp.o)
                0x0000000008009ac0                __sf_fake_stdin
 .rodata.__sf_fake_stdout
                0x0000000008009ae0       0x20 c:/st/stm32cubeide_1.11.0/stm32cubeide/plugins/com.st.stm32cube.ide.mcu.externaltools.gnu-tools-for-stm32.10.3-2021.10.win32_1.0.100.202210260954/tools/bin/../lib/gcc/arm-none-eabi/10.3.1/../../../../arm-none-eabi/lib/thumb/v7e-m+fp/hard\libc_nano.a(lib_a-findfp.o)
                0x0000000008009ae0                __sf_fake_stdout
 .rodata.bp     0x0000000008009b00       0x10 c:/st/stm32cubeide_1.11.0/stm32cubeide/plugins/com.st.stm32cube.ide.mcu.externaltools.gnu-tools-for-stm32.10.3-2021.10.win32_1.0.100.202210260954/tools/bin/../lib/gcc/arm-none-eabi/10.3.1/../../../../arm-none-eabi/lib/thumb/v7e-m+fp/hard\libm.a(lib_a-e_pow.o)
 .rodata.dp_h   0x0000000008009b10       0x10 c:/st/stm32cubeide_1.11.0/stm32cubeide/plugins/com.st.stm32cube.ide.mcu.externaltools.gnu-tools-for-stm32.10.3-2021.10.win32_1.0.100.202210260954/tools/bin/../lib/gcc/arm-none-eabi/10.3.1/../../../../arm-none-eabi/lib/thumb/v7e-m+fp/hard\libm.a(lib_a-e_pow.o)
 .rodata.dp_l   0x0000000008009b20       0x10 c:/st/stm32cubeide_1.11.0/stm32cubeide/plugins/com.st.stm32cube.ide.mcu.externaltools.gnu-tools-for-stm32.10.3-2021.10.win32_1.0.100.202210260954/tools/bin/../lib/gcc/arm-none-eabi/10.3.1/../../../../arm-none-eabi/lib/thumb/v7e-m+fp/hard\libm.a(lib_a-e_pow.o)
 .rodata.npio2_hw
                0x0000000008009b30       0x80 c:/st/stm32cubeide_1.11.0/stm32cubeide/plugins/com.st.stm32cube.ide.mcu.externaltools.gnu-tools-for-stm32.10.3-2021.10.win32_1.0.100.202210260954/tools/bin/../lib/gcc/arm-none-eabi/10.3.1/../../../../arm-none-eabi/lib/thumb/v7e-m+fp/hard\libm.a(lib_a-e_rem_pio2.o)
 .rodata.two_over_pi
                0x0000000008009bb0      0x108 c:/st/stm32cubeide_1.11.0/stm32cubeide/plugins/com.st.stm32cube.ide.mcu.externaltools.gnu-tools-for-stm32.10.3-2021.10.win32_1.0.100.202210260954/tools/bin/../lib/gcc/arm-none-eabi/10.3.1/../../../../arm-none-eabi/lib/thumb/v7e-m+fp/hard\libm.a(lib_a-e_rem_pio2.o)
 .rodata.PIo2   0x0000000008009cb8       0x40 c:/st/stm32cubeide_1.11.0/stm32cubeide/plugins/com.st.stm32cube.ide.mcu.externaltools.gnu-tools-for-stm32.10.3-2021.10.win32_1.0.100.202210260954/tools/bin/../lib/gcc/arm-none-eabi/10.3.1/../../../../arm-none-eabi/lib/thumb/v7e-m+fp/hard\libm.a(lib_a-k_rem_pio2.o)
 .rodata.init_jk
                0x0000000008009cf8       0x10 c:/st/stm32cubeide_1.11.0/stm32cubeide/plugins/com.st.stm32cube.ide.mcu.externaltools.gnu-tools-for-stm32.10.3-2021.10.win32_1.0.100.202210260954/tools/bin/../lib/gcc/arm-none-eabi/10.3.1/../../../../arm-none-eabi/lib/thumb/v7e-m+fp/hard\libm.a(lib_a-k_rem_pio2.o)
                0x0000000008009d08                . = ALIGN (0x4)

.ARM.extab      0x0000000008009d08        0x0
                0x0000000008009d08                . = ALIGN (0x4)
 *(.ARM.extab* .gnu.linkonce.armextab.*)
                0x0000000008009d08                . = ALIGN (0x4)

.ARM            0x0000000008009d08        0x8
                0x0000000008009d08                . = ALIGN (0x4)
                0x0000000008009d08                __exidx_start = .
 *(.ARM.exidx*)
 .ARM.exidx     0x0000000008009d08        0x8 c:/st/stm32cubeide_1.11.0/stm32cubeide/plugins/com.st.stm32cube.ide.mcu.externaltools.gnu-tools-for-stm32.10.3-2021.10.win32_1.0.100.202210260954/tools/bin/../lib/gcc/arm-none-eabi/10.3.1/thumb/v7e-m+fp/hard\libgcc.a(_udivmoddi4.o)
                0x0000000008009d10                __exidx_end = .
                0x0000000008009d10                . = ALIGN (0x4)

.rel.dyn        0x0000000008009d10        0x0
 .rel.iplt      0x0000000008009d10        0x0 c:/st/stm32cubeide_1.11.0/stm32cubeide/plugins/com.st.stm32cube.ide.mcu.externaltools.gnu-tools-for-stm32.10.3-2021.10.win32_1.0.100.202210260954/tools/bin/../lib/gcc/arm-none-eabi/10.3.1/thumb/v7e-m+fp/hard/crtbegin.o

.preinit_array  0x0000000008009d10        0x0
                0x0000000008009d10                . = ALIGN (0x4)
                0x0000000008009d10                PROVIDE (__preinit_array_start = .)
 *(.preinit_array*)
                0x0000000008009d10                PROVIDE (__preinit_array_end = .)
                0x0000000008009d10                . = ALIGN (0x4)

.init_array     0x0000000008009d10        0x4
                0x0000000008009d10                . = ALIGN (0x4)
                0x0000000008009d10                PROVIDE (__init_array_start = .)
 *(SORT_BY_NAME(.init_array.*))
 *(.init_array*)
 .init_array    0x0000000008009d10        0x4 c:/st/stm32cubeide_1.11.0/stm32cubeide/plugins/com.st.stm32cube.ide.mcu.externaltools.gnu-tools-for-stm32.10.3-2021.10.win32_1.0.100.202210260954/tools/bin/../lib/gcc/arm-none-eabi/10.3.1/thumb/v7e-m+fp/hard/crtbegin.o
                0x0000000008009d14                PROVIDE (__init_array_end = .)
                0x0000000008009d14                . = ALIGN (0x4)

.fini_array     0x0000000008009d14        0x4
                0x0000000008009d14                . = ALIGN (0x4)
                [!provide]                        PROVIDE (__fini_array_start = .)
 *(SORT_BY_NAME(.fini_array.*))
 *(.fini_array*)
 .fini_array    0x0000000008009d14        0x4 c:/st/stm32cubeide_1.11.0/stm32cubeide/plugins/com.st.stm32cube.ide.mcu.externaltools.gnu-tools-for-stm32.10.3-2021.10.win32_1.0.100.202210260954/tools/bin/../lib/gcc/arm-none-eabi/10.3.1/thumb/v7e-m+fp/hard/crtbegin.o
                [!provide]                        PROVIDE (__fini_array_end = .)
                0x0000000008009d18                . = ALIGN (0x4)
                0x0000000008009d18                _sidata = LOADADDR (.data)

.data           0x0000000020000000       0x74 load address 0x0000000008009d18
                0x0000000020000000                . = ALIGN (0x4)
                0x0000000020000000                _sdata = .
 *(.data)
 *(.data*)
 .data.pulse_width
                0x0000000020000000        0x4 ./Core/Src/main.o
                0x0000000020000000                pulse_width
 .data.SystemCoreClock
                0x0000000020000004        0x4 ./Core/Src/system_stm32l4xx.o
                0x0000000020000004                SystemCoreClock
 .data.uwTickPrio
                0x0000000020000008        0x4 ./Drivers/STM32L4xx_HAL_Driver/Src/stm32l4xx_hal.o
                0x0000000020000008                uwTickPrio
 .data.uwTickFreq
                0x000000002000000c        0x1 ./Drivers/STM32L4xx_HAL_Driver/Src/stm32l4xx_hal.o
                0x000000002000000c                uwTickFreq
 *fill*         0x000000002000000d        0x3 
 .data._impure_ptr
                0x0000000020000010        0x4 c:/st/stm32cubeide_1.11.0/stm32cubeide/plugins/com.st.stm32cube.ide.mcu.externaltools.gnu-tools-for-stm32.10.3-2021.10.win32_1.0.100.202210260954/tools/bin/../lib/gcc/arm-none-eabi/10.3.1/../../../../arm-none-eabi/lib/thumb/v7e-m+fp/hard\libc_nano.a(lib_a-impure.o)
                0x0000000020000010                _impure_ptr
 .data.impure_data
                0x0000000020000014       0x60 c:/st/stm32cubeide_1.11.0/stm32cubeide/plugins/com.st.stm32cube.ide.mcu.externaltools.gnu-tools-for-stm32.10.3-2021.10.win32_1.0.100.202210260954/tools/bin/../lib/gcc/arm-none-eabi/10.3.1/../../../../arm-none-eabi/lib/thumb/v7e-m+fp/hard\libc_nano.a(lib_a-impure.o)
 *(.RamFunc)
 *(.RamFunc*)
                0x0000000020000074                . = ALIGN (0x4)
                0x0000000020000074                _edata = .

.igot.plt       0x0000000020000074        0x0 load address 0x0000000008009d8c
 .igot.plt      0x0000000020000074        0x0 c:/st/stm32cubeide_1.11.0/stm32cubeide/plugins/com.st.stm32cube.ide.mcu.externaltools.gnu-tools-for-stm32.10.3-2021.10.win32_1.0.100.202210260954/tools/bin/../lib/gcc/arm-none-eabi/10.3.1/thumb/v7e-m+fp/hard/crtbegin.o
                0x0000000020000074                . = ALIGN (0x4)

.bss            0x0000000020000074     0xa274 load address 0x0000000008009d8c
                0x0000000020000074                _sbss = .
                0x0000000020000074                __bss_start__ = _sbss
 *(.bss)
 .bss           0x0000000020000074       0x1c c:/st/stm32cubeide_1.11.0/stm32cubeide/plugins/com.st.stm32cube.ide.mcu.externaltools.gnu-tools-for-stm32.10.3-2021.10.win32_1.0.100.202210260954/tools/bin/../lib/gcc/arm-none-eabi/10.3.1/thumb/v7e-m+fp/hard/crtbegin.o
 *(.bss*)
 .bss.frame_buffer
                0x0000000020000090     0xa000 ./Core/Src/lcd.o
 .bss.state     0x000000002000a090        0x1 ./Core/Src/main.o
                0x000000002000a090                state
 .bss.current_position
                0x000000002000a091        0x1 ./Core/Src/main.o
                0x000000002000a091                current_position
 .bss.distance  0x000000002000a092        0x1 ./Core/Src/main.o
                0x000000002000a092                distance
 *fill*         0x000000002000a093        0x1 
 .bss.hspi2     0x000000002000a094       0x64 ./Core/Src/spi.o
                0x000000002000a094                hspi2
 .bss.hdma_spi2_tx
                0x000000002000a0f8       0x48 ./Core/Src/spi.o
                0x000000002000a0f8                hdma_spi2_tx
 .bss.htim3     0x000000002000a140       0x4c ./Core/Src/tim.o
                0x000000002000a140                htim3
 .bss.htim4     0x000000002000a18c       0x4c ./Core/Src/tim.o
                0x000000002000a18c                htim4
 .bss.htim6     0x000000002000a1d8       0x4c ./Core/Src/tim.o
                0x000000002000a1d8                htim6
 .bss.huart2    0x000000002000a224       0x84 ./Core/Src/usart.o
                0x000000002000a224                huart2
 .bss.uwTick    0x000000002000a2a8        0x4 ./Drivers/STM32L4xx_HAL_Driver/Src/stm32l4xx_hal.o
                0x000000002000a2a8                uwTick
 .bss.backend.0
                0x000000002000a2ac       0x3c ./hagl/src/hagl.o
 *(COMMON)
                0x000000002000a2e8                . = ALIGN (0x4)
                0x000000002000a2e8                _ebss = .
                0x000000002000a2e8                __bss_end__ = _ebss

._user_heap_stack
                0x000000002000a2e8     0x2200 load address 0x0000000008009d8c
                0x000000002000a2e8                . = ALIGN (0x8)
                [!provide]                        PROVIDE (end = .)
                0x000000002000a2e8                PROVIDE (_end = .)
                0x000000002000a4e8                . = (. + _Min_Heap_Size)
 *fill*         0x000000002000a2e8      0x200 
                0x000000002000c4e8                . = (. + _Min_Stack_Size)
 *fill*         0x000000002000a4e8     0x2000 
                0x000000002000c4e8                . = ALIGN (0x8)

/DISCARD/
 libc.a(*)
 libm.a(*)
 libgcc.a(*)

.ARM.attributes
                0x0000000000000000       0x30
 *(.ARM.attributes)
 .ARM.attributes
                0x0000000000000000       0x1e c:/st/stm32cubeide_1.11.0/stm32cubeide/plugins/com.st.stm32cube.ide.mcu.externaltools.gnu-tools-for-stm32.10.3-2021.10.win32_1.0.100.202210260954/tools/bin/../lib/gcc/arm-none-eabi/10.3.1/thumb/v7e-m+fp/hard/crti.o
 .ARM.attributes
                0x000000000000001e       0x34 c:/st/stm32cubeide_1.11.0/stm32cubeide/plugins/com.st.stm32cube.ide.mcu.externaltools.gnu-tools-for-stm32.10.3-2021.10.win32_1.0.100.202210260954/tools/bin/../lib/gcc/arm-none-eabi/10.3.1/thumb/v7e-m+fp/hard/crtbegin.o
 .ARM.attributes
                0x0000000000000052       0x34 ./Core/Src/dma.o
 .ARM.attributes
                0x0000000000000086       0x34 ./Core/Src/gpio.o
 .ARM.attributes
                0x00000000000000ba       0x34 ./Core/Src/hagl_hal.o
 .ARM.attributes
                0x00000000000000ee       0x34 ./Core/Src/lcd.o
 .ARM.attributes
                0x0000000000000122       0x34 ./Core/Src/main.o
 .ARM.attributes
                0x0000000000000156       0x34 ./Core/Src/servo.o
 .ARM.attributes
                0x000000000000018a       0x34 ./Core/Src/spi.o
 .ARM.attributes
                0x00000000000001be       0x34 ./Core/Src/stm32l4xx_hal_msp.o
 .ARM.attributes
                0x00000000000001f2       0x34 ./Core/Src/stm32l4xx_it.o
 .ARM.attributes
                0x0000000000000226       0x34 ./Core/Src/system_stm32l4xx.o
 .ARM.attributes
                0x000000000000025a       0x34 ./Core/Src/tim.o
 .ARM.attributes
                0x000000000000028e       0x34 ./Core/Src/usart.o
 .ARM.attributes
                0x00000000000002c2       0x21 ./Core/Startup/startup_stm32l476rgtx.o
 .ARM.attributes
                0x00000000000002e3       0x34 ./Drivers/STM32L4xx_HAL_Driver/Src/stm32l4xx_hal.o
 .ARM.attributes
                0x0000000000000317       0x34 ./Drivers/STM32L4xx_HAL_Driver/Src/stm32l4xx_hal_cortex.o
 .ARM.attributes
                0x000000000000034b       0x34 ./Drivers/STM32L4xx_HAL_Driver/Src/stm32l4xx_hal_dma.o
 .ARM.attributes
                0x000000000000037f       0x34 ./Drivers/STM32L4xx_HAL_Driver/Src/stm32l4xx_hal_gpio.o
 .ARM.attributes
                0x00000000000003b3       0x34 ./Drivers/STM32L4xx_HAL_Driver/Src/stm32l4xx_hal_pwr_ex.o
 .ARM.attributes
                0x00000000000003e7       0x34 ./Drivers/STM32L4xx_HAL_Driver/Src/stm32l4xx_hal_rcc.o
 .ARM.attributes
                0x000000000000041b       0x34 ./Drivers/STM32L4xx_HAL_Driver/Src/stm32l4xx_hal_rcc_ex.o
 .ARM.attributes
                0x000000000000044f       0x34 ./Drivers/STM32L4xx_HAL_Driver/Src/stm32l4xx_hal_spi.o
 .ARM.attributes
                0x0000000000000483       0x34 ./Drivers/STM32L4xx_HAL_Driver/Src/stm32l4xx_hal_tim.o
 .ARM.attributes
                0x00000000000004b7       0x34 ./Drivers/STM32L4xx_HAL_Driver/Src/stm32l4xx_hal_tim_ex.o
 .ARM.attributes
                0x00000000000004eb       0x34 ./Drivers/STM32L4xx_HAL_Driver/Src/stm32l4xx_hal_uart.o
 .ARM.attributes
                0x000000000000051f       0x34 ./hagl/src/hagl.o
 .ARM.attributes
                0x0000000000000553       0x34 ./hagl/src/hagl_circle.o
 .ARM.attributes
                0x0000000000000587       0x34 ./hagl/src/hagl_clip.o
 .ARM.attributes
                0x00000000000005bb       0x34 ./hagl/src/hagl_hline.o
 .ARM.attributes
                0x00000000000005ef       0x34 ./hagl/src/hagl_line.o
 .ARM.attributes
                0x0000000000000623       0x34 ./hagl/src/hagl_pixel.o
 .ARM.attributes
                0x0000000000000657       0x34 ./hagl/src/hagl_rectangle.o
 .ARM.attributes
                0x000000000000068b       0x34 c:/st/stm32cubeide_1.11.0/stm32cubeide/plugins/com.st.stm32cube.ide.mcu.externaltools.gnu-tools-for-stm32.10.3-2021.10.win32_1.0.100.202210260954/tools/bin/../lib/gcc/arm-none-eabi/10.3.1/../../../../arm-none-eabi/lib/thumb/v7e-m+fp/hard\libc_nano.a(lib_a-errno.o)
 .ARM.attributes
                0x00000000000006bf       0x34 c:/st/stm32cubeide_1.11.0/stm32cubeide/plugins/com.st.stm32cube.ide.mcu.externaltools.gnu-tools-for-stm32.10.3-2021.10.win32_1.0.100.202210260954/tools/bin/../lib/gcc/arm-none-eabi/10.3.1/../../../../arm-none-eabi/lib/thumb/v7e-m+fp/hard\libc_nano.a(lib_a-findfp.o)
 .ARM.attributes
                0x00000000000006f3       0x34 c:/st/stm32cubeide_1.11.0/stm32cubeide/plugins/com.st.stm32cube.ide.mcu.externaltools.gnu-tools-for-stm32.10.3-2021.10.win32_1.0.100.202210260954/tools/bin/../lib/gcc/arm-none-eabi/10.3.1/../../../../arm-none-eabi/lib/thumb/v7e-m+fp/hard\libc_nano.a(lib_a-impure.o)
 .ARM.attributes
                0x0000000000000727       0x34 c:/st/stm32cubeide_1.11.0/stm32cubeide/plugins/com.st.stm32cube.ide.mcu.externaltools.gnu-tools-for-stm32.10.3-2021.10.win32_1.0.100.202210260954/tools/bin/../lib/gcc/arm-none-eabi/10.3.1/../../../../arm-none-eabi/lib/thumb/v7e-m+fp/hard\libc_nano.a(lib_a-init.o)
 .ARM.attributes
                0x000000000000075b       0x34 c:/st/stm32cubeide_1.11.0/stm32cubeide/plugins/com.st.stm32cube.ide.mcu.externaltools.gnu-tools-for-stm32.10.3-2021.10.win32_1.0.100.202210260954/tools/bin/../lib/gcc/arm-none-eabi/10.3.1/../../../../arm-none-eabi/lib/thumb/v7e-m+fp/hard\libc_nano.a(lib_a-memset.o)
 .ARM.attributes
                0x000000000000078f       0x34 c:/st/stm32cubeide_1.11.0/stm32cubeide/plugins/com.st.stm32cube.ide.mcu.externaltools.gnu-tools-for-stm32.10.3-2021.10.win32_1.0.100.202210260954/tools/bin/../lib/gcc/arm-none-eabi/10.3.1/../../../../arm-none-eabi/lib/thumb/v7e-m+fp/hard\libm.a(lib_a-s_sin.o)
 .ARM.attributes
                0x00000000000007c3       0x34 c:/st/stm32cubeide_1.11.0/stm32cubeide/plugins/com.st.stm32cube.ide.mcu.externaltools.gnu-tools-for-stm32.10.3-2021.10.win32_1.0.100.202210260954/tools/bin/../lib/gcc/arm-none-eabi/10.3.1/../../../../arm-none-eabi/lib/thumb/v7e-m+fp/hard\libm.a(lib_a-w_pow.o)
 .ARM.attributes
                0x00000000000007f7       0x34 c:/st/stm32cubeide_1.11.0/stm32cubeide/plugins/com.st.stm32cube.ide.mcu.externaltools.gnu-tools-for-stm32.10.3-2021.10.win32_1.0.100.202210260954/tools/bin/../lib/gcc/arm-none-eabi/10.3.1/../../../../arm-none-eabi/lib/thumb/v7e-m+fp/hard\libm.a(lib_a-w_sqrt.o)
 .ARM.attributes
                0x000000000000082b       0x34 c:/st/stm32cubeide_1.11.0/stm32cubeide/plugins/com.st.stm32cube.ide.mcu.externaltools.gnu-tools-for-stm32.10.3-2021.10.win32_1.0.100.202210260954/tools/bin/../lib/gcc/arm-none-eabi/10.3.1/../../../../arm-none-eabi/lib/thumb/v7e-m+fp/hard\libm.a(lib_a-e_pow.o)
 .ARM.attributes
                0x000000000000085f       0x34 c:/st/stm32cubeide_1.11.0/stm32cubeide/plugins/com.st.stm32cube.ide.mcu.externaltools.gnu-tools-for-stm32.10.3-2021.10.win32_1.0.100.202210260954/tools/bin/../lib/gcc/arm-none-eabi/10.3.1/../../../../arm-none-eabi/lib/thumb/v7e-m+fp/hard\libm.a(lib_a-e_rem_pio2.o)
 .ARM.attributes
                0x0000000000000893       0x34 c:/st/stm32cubeide_1.11.0/stm32cubeide/plugins/com.st.stm32cube.ide.mcu.externaltools.gnu-tools-for-stm32.10.3-2021.10.win32_1.0.100.202210260954/tools/bin/../lib/gcc/arm-none-eabi/10.3.1/../../../../arm-none-eabi/lib/thumb/v7e-m+fp/hard\libm.a(lib_a-e_sqrt.o)
 .ARM.attributes
                0x00000000000008c7       0x34 c:/st/stm32cubeide_1.11.0/stm32cubeide/plugins/com.st.stm32cube.ide.mcu.externaltools.gnu-tools-for-stm32.10.3-2021.10.win32_1.0.100.202210260954/tools/bin/../lib/gcc/arm-none-eabi/10.3.1/../../../../arm-none-eabi/lib/thumb/v7e-m+fp/hard\libm.a(lib_a-k_cos.o)
 .ARM.attributes
                0x00000000000008fb       0x34 c:/st/stm32cubeide_1.11.0/stm32cubeide/plugins/com.st.stm32cube.ide.mcu.externaltools.gnu-tools-for-stm32.10.3-2021.10.win32_1.0.100.202210260954/tools/bin/../lib/gcc/arm-none-eabi/10.3.1/../../../../arm-none-eabi/lib/thumb/v7e-m+fp/hard\libm.a(lib_a-k_rem_pio2.o)
 .ARM.attributes
                0x000000000000092f       0x34 c:/st/stm32cubeide_1.11.0/stm32cubeide/plugins/com.st.stm32cube.ide.mcu.externaltools.gnu-tools-for-stm32.10.3-2021.10.win32_1.0.100.202210260954/tools/bin/../lib/gcc/arm-none-eabi/10.3.1/../../../../arm-none-eabi/lib/thumb/v7e-m+fp/hard\libm.a(lib_a-k_sin.o)
 .ARM.attributes
                0x0000000000000963       0x34 c:/st/stm32cubeide_1.11.0/stm32cubeide/plugins/com.st.stm32cube.ide.mcu.externaltools.gnu-tools-for-stm32.10.3-2021.10.win32_1.0.100.202210260954/tools/bin/../lib/gcc/arm-none-eabi/10.3.1/../../../../arm-none-eabi/lib/thumb/v7e-m+fp/hard\libm.a(lib_a-math_err.o)
 .ARM.attributes
                0x0000000000000997       0x34 c:/st/stm32cubeide_1.11.0/stm32cubeide/plugins/com.st.stm32cube.ide.mcu.externaltools.gnu-tools-for-stm32.10.3-2021.10.win32_1.0.100.202210260954/tools/bin/../lib/gcc/arm-none-eabi/10.3.1/../../../../arm-none-eabi/lib/thumb/v7e-m+fp/hard\libm.a(lib_a-s_fabs.o)
 .ARM.attributes
                0x00000000000009cb       0x34 c:/st/stm32cubeide_1.11.0/stm32cubeide/plugins/com.st.stm32cube.ide.mcu.externaltools.gnu-tools-for-stm32.10.3-2021.10.win32_1.0.100.202210260954/tools/bin/../lib/gcc/arm-none-eabi/10.3.1/../../../../arm-none-eabi/lib/thumb/v7e-m+fp/hard\libm.a(lib_a-s_finite.o)
 .ARM.attributes
                0x00000000000009ff       0x34 c:/st/stm32cubeide_1.11.0/stm32cubeide/plugins/com.st.stm32cube.ide.mcu.externaltools.gnu-tools-for-stm32.10.3-2021.10.win32_1.0.100.202210260954/tools/bin/../lib/gcc/arm-none-eabi/10.3.1/../../../../arm-none-eabi/lib/thumb/v7e-m+fp/hard\libm.a(lib_a-s_floor.o)
 .ARM.attributes
                0x0000000000000a33       0x34 c:/st/stm32cubeide_1.11.0/stm32cubeide/plugins/com.st.stm32cube.ide.mcu.externaltools.gnu-tools-for-stm32.10.3-2021.10.win32_1.0.100.202210260954/tools/bin/../lib/gcc/arm-none-eabi/10.3.1/../../../../arm-none-eabi/lib/thumb/v7e-m+fp/hard\libm.a(lib_a-s_scalbn.o)
 .ARM.attributes
                0x0000000000000a67       0x1e c:/st/stm32cubeide_1.11.0/stm32cubeide/plugins/com.st.stm32cube.ide.mcu.externaltools.gnu-tools-for-stm32.10.3-2021.10.win32_1.0.100.202210260954/tools/bin/../lib/gcc/arm-none-eabi/10.3.1/thumb/v7e-m+fp/hard\libgcc.a(_arm_addsubdf3.o)
 .ARM.attributes
                0x0000000000000a85       0x1e c:/st/stm32cubeide_1.11.0/stm32cubeide/plugins/com.st.stm32cube.ide.mcu.externaltools.gnu-tools-for-stm32.10.3-2021.10.win32_1.0.100.202210260954/tools/bin/../lib/gcc/arm-none-eabi/10.3.1/thumb/v7e-m+fp/hard\libgcc.a(_arm_muldivdf3.o)
 .ARM.attributes
                0x0000000000000aa3       0x1e c:/st/stm32cubeide_1.11.0/stm32cubeide/plugins/com.st.stm32cube.ide.mcu.externaltools.gnu-tools-for-stm32.10.3-2021.10.win32_1.0.100.202210260954/tools/bin/../lib/gcc/arm-none-eabi/10.3.1/thumb/v7e-m+fp/hard\libgcc.a(_arm_cmpdf2.o)
 .ARM.attributes
                0x0000000000000ac1       0x1e c:/st/stm32cubeide_1.11.0/stm32cubeide/plugins/com.st.stm32cube.ide.mcu.externaltools.gnu-tools-for-stm32.10.3-2021.10.win32_1.0.100.202210260954/tools/bin/../lib/gcc/arm-none-eabi/10.3.1/thumb/v7e-m+fp/hard\libgcc.a(_arm_unorddf2.o)
 .ARM.attributes
                0x0000000000000adf       0x1e c:/st/stm32cubeide_1.11.0/stm32cubeide/plugins/com.st.stm32cube.ide.mcu.externaltools.gnu-tools-for-stm32.10.3-2021.10.win32_1.0.100.202210260954/tools/bin/../lib/gcc/arm-none-eabi/10.3.1/thumb/v7e-m+fp/hard\libgcc.a(_arm_fixdfsi.o)
 .ARM.attributes
                0x0000000000000afd       0x1e c:/st/stm32cubeide_1.11.0/stm32cubeide/plugins/com.st.stm32cube.ide.mcu.externaltools.gnu-tools-for-stm32.10.3-2021.10.win32_1.0.100.202210260954/tools/bin/../lib/gcc/arm-none-eabi/10.3.1/thumb/v7e-m+fp/hard\libgcc.a(_arm_truncdfsf2.o)
 .ARM.attributes
                0x0000000000000b1b       0x1e c:/st/stm32cubeide_1.11.0/stm32cubeide/plugins/com.st.stm32cube.ide.mcu.externaltools.gnu-tools-for-stm32.10.3-2021.10.win32_1.0.100.202210260954/tools/bin/../lib/gcc/arm-none-eabi/10.3.1/thumb/v7e-m+fp/hard\libgcc.a(_aeabi_uldivmod.o)
 .ARM.attributes
                0x0000000000000b39       0x34 c:/st/stm32cubeide_1.11.0/stm32cubeide/plugins/com.st.stm32cube.ide.mcu.externaltools.gnu-tools-for-stm32.10.3-2021.10.win32_1.0.100.202210260954/tools/bin/../lib/gcc/arm-none-eabi/10.3.1/thumb/v7e-m+fp/hard\libgcc.a(_udivmoddi4.o)
 .ARM.attributes
                0x0000000000000b6d       0x1e c:/st/stm32cubeide_1.11.0/stm32cubeide/plugins/com.st.stm32cube.ide.mcu.externaltools.gnu-tools-for-stm32.10.3-2021.10.win32_1.0.100.202210260954/tools/bin/../lib/gcc/arm-none-eabi/10.3.1/thumb/v7e-m+fp/hard\libgcc.a(_dvmd_tls.o)
 .ARM.attributes
                0x0000000000000b8b       0x1e c:/st/stm32cubeide_1.11.0/stm32cubeide/plugins/com.st.stm32cube.ide.mcu.externaltools.gnu-tools-for-stm32.10.3-2021.10.win32_1.0.100.202210260954/tools/bin/../lib/gcc/arm-none-eabi/10.3.1/thumb/v7e-m+fp/hard/crtn.o
OUTPUT(Projekt2.elf elf32-littlearm)
LOAD linker stubs
LOAD c:/st/stm32cubeide_1.11.0/stm32cubeide/plugins/com.st.stm32cube.ide.mcu.externaltools.gnu-tools-for-stm32.10.3-2021.10.win32_1.0.100.202210260954/tools/bin/../lib/gcc/arm-none-eabi/10.3.1/../../../../arm-none-eabi/lib/thumb/v7e-m+fp/hard\libc.a
LOAD c:/st/stm32cubeide_1.11.0/stm32cubeide/plugins/com.st.stm32cube.ide.mcu.externaltools.gnu-tools-for-stm32.10.3-2021.10.win32_1.0.100.202210260954/tools/bin/../lib/gcc/arm-none-eabi/10.3.1/../../../../arm-none-eabi/lib/thumb/v7e-m+fp/hard\libm.a
LOAD c:/st/stm32cubeide_1.11.0/stm32cubeide/plugins/com.st.stm32cube.ide.mcu.externaltools.gnu-tools-for-stm32.10.3-2021.10.win32_1.0.100.202210260954/tools/bin/../lib/gcc/arm-none-eabi/10.3.1/thumb/v7e-m+fp/hard\libgcc.a

.debug_info     0x0000000000000000    0x179a0
 .debug_info    0x0000000000000000      0x552 ./Core/Src/dma.o
 .debug_info    0x0000000000000552      0x4d2 ./Core/Src/gpio.o
 .debug_info    0x0000000000000a24      0x48c ./Core/Src/hagl_hal.o
 .debug_info    0x0000000000000eb0      0xa49 ./Core/Src/lcd.o
 .debug_info    0x00000000000018f9     0x16ed ./Core/Src/main.o
 .debug_info    0x0000000000002fe6      0x16d ./Core/Src/servo.o
 .debug_info    0x0000000000003153      0xa96 ./Core/Src/spi.o
 .debug_info    0x0000000000003be9      0x308 ./Core/Src/stm32l4xx_hal_msp.o
 .debug_info    0x0000000000003ef1      0x7b3 ./Core/Src/stm32l4xx_it.o
 .debug_info    0x00000000000046a4      0x5c6 ./Core/Src/system_stm32l4xx.o
 .debug_info    0x0000000000004c6a     0x1161 ./Core/Src/tim.o
 .debug_info    0x0000000000005dcb      0xd51 ./Core/Src/usart.o
 .debug_info    0x0000000000006b1c       0x22 ./Core/Startup/startup_stm32l476rgtx.o
 .debug_info    0x0000000000006b3e      0xc57 ./Drivers/STM32L4xx_HAL_Driver/Src/stm32l4xx_hal.o
 .debug_info    0x0000000000007795      0xe21 ./Drivers/STM32L4xx_HAL_Driver/Src/stm32l4xx_hal_cortex.o
 .debug_info    0x00000000000085b6      0x76a ./Drivers/STM32L4xx_HAL_Driver/Src/stm32l4xx_hal_dma.o
 .debug_info    0x0000000000008d20      0x821 ./Drivers/STM32L4xx_HAL_Driver/Src/stm32l4xx_hal_gpio.o
 .debug_info    0x0000000000009541      0x9f0 ./Drivers/STM32L4xx_HAL_Driver/Src/stm32l4xx_hal_pwr_ex.o
 .debug_info    0x0000000000009f31      0xced ./Drivers/STM32L4xx_HAL_Driver/Src/stm32l4xx_hal_rcc.o
 .debug_info    0x000000000000ac1e      0xe92 ./Drivers/STM32L4xx_HAL_Driver/Src/stm32l4xx_hal_rcc_ex.o
 .debug_info    0x000000000000bab0     0x1782 ./Drivers/STM32L4xx_HAL_Driver/Src/stm32l4xx_hal_spi.o
 .debug_info    0x000000000000d232     0x2d04 ./Drivers/STM32L4xx_HAL_Driver/Src/stm32l4xx_hal_tim.o
 .debug_info    0x000000000000ff36     0x17eb ./Drivers/STM32L4xx_HAL_Driver/Src/stm32l4xx_hal_tim_ex.o
 .debug_info    0x0000000000011721     0x3d0e ./Drivers/STM32L4xx_HAL_Driver/Src/stm32l4xx_hal_uart.o
 .debug_info    0x000000000001542f      0x6ed ./hagl/src/hagl.o
 .debug_info    0x0000000000015b1c      0x286 ./hagl/src/hagl_circle.o
 .debug_info    0x0000000000015da2      0x5af ./hagl/src/hagl_clip.o
 .debug_info    0x0000000000016351      0x47c ./hagl/src/hagl_hline.o
 .debug_info    0x00000000000167cd      0x514 ./hagl/src/hagl_line.o
 .debug_info    0x0000000000016ce1      0x4a5 ./hagl/src/hagl_pixel.o
 .debug_info    0x0000000000017186      0x81a ./hagl/src/hagl_rectangle.o

.debug_abbrev   0x0000000000000000     0x34e0
 .debug_abbrev  0x0000000000000000       0xf8 ./Core/Src/dma.o
 .debug_abbrev  0x00000000000000f8      0x146 ./Core/Src/gpio.o
 .debug_abbrev  0x000000000000023e       0xda ./Core/Src/hagl_hal.o
 .debug_abbrev  0x0000000000000318      0x274 ./Core/Src/lcd.o
 .debug_abbrev  0x000000000000058c      0x2f3 ./Core/Src/main.o
 .debug_abbrev  0x000000000000087f       0xa8 ./Core/Src/servo.o
 .debug_abbrev  0x0000000000000927      0x1f3 ./Core/Src/spi.o
 .debug_abbrev  0x0000000000000b1a       0xc2 ./Core/Src/stm32l4xx_hal_msp.o
 .debug_abbrev  0x0000000000000bdc      0x184 ./Core/Src/stm32l4xx_it.o
 .debug_abbrev  0x0000000000000d60      0x116 ./Core/Src/system_stm32l4xx.o
 .debug_abbrev  0x0000000000000e76      0x241 ./Core/Src/tim.o
 .debug_abbrev  0x00000000000010b7      0x1e7 ./Core/Src/usart.o
 .debug_abbrev  0x000000000000129e       0x12 ./Core/Startup/startup_stm32l476rgtx.o
 .debug_abbrev  0x00000000000012b0      0x23a ./Drivers/STM32L4xx_HAL_Driver/Src/stm32l4xx_hal.o
 .debug_abbrev  0x00000000000014ea      0x316 ./Drivers/STM32L4xx_HAL_Driver/Src/stm32l4xx_hal_cortex.o
 .debug_abbrev  0x0000000000001800      0x1d7 ./Drivers/STM32L4xx_HAL_Driver/Src/stm32l4xx_hal_dma.o
 .debug_abbrev  0x00000000000019d7      0x1bb ./Drivers/STM32L4xx_HAL_Driver/Src/stm32l4xx_hal_gpio.o
 .debug_abbrev  0x0000000000001b92      0x1f3 ./Drivers/STM32L4xx_HAL_Driver/Src/stm32l4xx_hal_pwr_ex.o
 .debug_abbrev  0x0000000000001d85      0x2bd ./Drivers/STM32L4xx_HAL_Driver/Src/stm32l4xx_hal_rcc.o
 .debug_abbrev  0x0000000000002042      0x299 ./Drivers/STM32L4xx_HAL_Driver/Src/stm32l4xx_hal_rcc_ex.o
 .debug_abbrev  0x00000000000022db      0x254 ./Drivers/STM32L4xx_HAL_Driver/Src/stm32l4xx_hal_spi.o
 .debug_abbrev  0x000000000000252f      0x264 ./Drivers/STM32L4xx_HAL_Driver/Src/stm32l4xx_hal_tim.o
 .debug_abbrev  0x0000000000002793      0x26c ./Drivers/STM32L4xx_HAL_Driver/Src/stm32l4xx_hal_tim_ex.o
 .debug_abbrev  0x00000000000029ff      0x2bc ./Drivers/STM32L4xx_HAL_Driver/Src/stm32l4xx_hal_uart.o
 .debug_abbrev  0x0000000000002cbb      0x15f ./hagl/src/hagl.o
 .debug_abbrev  0x0000000000002e1a       0xcd ./hagl/src/hagl_circle.o
 .debug_abbrev  0x0000000000002ee7      0x140 ./hagl/src/hagl_clip.o
 .debug_abbrev  0x0000000000003027      0x10f ./hagl/src/hagl_hline.o
 .debug_abbrev  0x0000000000003136      0x130 ./hagl/src/hagl_line.o
 .debug_abbrev  0x0000000000003266      0x126 ./hagl/src/hagl_pixel.o
 .debug_abbrev  0x000000000000338c      0x154 ./hagl/src/hagl_rectangle.o

.debug_aranges  0x0000000000000000     0x1360
 .debug_aranges
                0x0000000000000000       0x20 ./Core/Src/dma.o
 .debug_aranges
                0x0000000000000020       0x20 ./Core/Src/gpio.o
 .debug_aranges
                0x0000000000000040       0x20 ./Core/Src/hagl_hal.o
 .debug_aranges
                0x0000000000000060       0x70 ./Core/Src/lcd.o
 .debug_aranges
                0x00000000000000d0       0x50 ./Core/Src/main.o
 .debug_aranges
                0x0000000000000120       0x30 ./Core/Src/servo.o
 .debug_aranges
                0x0000000000000150       0x30 ./Core/Src/spi.o
 .debug_aranges
                0x0000000000000180       0x20 ./Core/Src/stm32l4xx_hal_msp.o
 .debug_aranges
                0x00000000000001a0       0x78 ./Core/Src/stm32l4xx_it.o
 .debug_aranges
                0x0000000000000218       0x28 ./Core/Src/system_stm32l4xx.o
 .debug_aranges
                0x0000000000000240       0x48 ./Core/Src/tim.o
 .debug_aranges
                0x0000000000000288       0x30 ./Core/Src/usart.o
 .debug_aranges
                0x00000000000002b8       0x28 ./Core/Startup/startup_stm32l476rgtx.o
 .debug_aranges
                0x00000000000002e0      0x130 ./Drivers/STM32L4xx_HAL_Driver/Src/stm32l4xx_hal.o
 .debug_aranges
                0x0000000000000410      0x118 ./Drivers/STM32L4xx_HAL_Driver/Src/stm32l4xx_hal_cortex.o
 .debug_aranges
                0x0000000000000528       0x80 ./Drivers/STM32L4xx_HAL_Driver/Src/stm32l4xx_hal_dma.o
 .debug_aranges
                0x00000000000005a8       0x58 ./Drivers/STM32L4xx_HAL_Driver/Src/stm32l4xx_hal_gpio.o
 .debug_aranges
                0x0000000000000600      0x160 ./Drivers/STM32L4xx_HAL_Driver/Src/stm32l4xx_hal_pwr_ex.o
 .debug_aranges
                0x0000000000000760       0x90 ./Drivers/STM32L4xx_HAL_Driver/Src/stm32l4xx_hal_rcc.o
 .debug_aranges
                0x00000000000007f0       0xc0 ./Drivers/STM32L4xx_HAL_Driver/Src/stm32l4xx_hal_rcc_ex.o
 .debug_aranges
                0x00000000000008b0      0x1d8 ./Drivers/STM32L4xx_HAL_Driver/Src/stm32l4xx_hal_spi.o
 .debug_aranges
                0x0000000000000a88      0x3e0 ./Drivers/STM32L4xx_HAL_Driver/Src/stm32l4xx_hal_tim.o
 .debug_aranges
                0x0000000000000e68      0x180 ./Drivers/STM32L4xx_HAL_Driver/Src/stm32l4xx_hal_tim_ex.o
 .debug_aranges
                0x0000000000000fe8      0x228 ./Drivers/STM32L4xx_HAL_Driver/Src/stm32l4xx_hal_uart.o
 .debug_aranges
                0x0000000000001210       0x40 ./hagl/src/hagl.o
 .debug_aranges
                0x0000000000001250       0x30 ./hagl/src/hagl_circle.o
 .debug_aranges
                0x0000000000001280       0x30 ./hagl/src/hagl_clip.o
 .debug_aranges
                0x00000000000012b0       0x20 ./hagl/src/hagl_hline.o
 .debug_aranges
                0x00000000000012d0       0x20 ./hagl/src/hagl_line.o
 .debug_aranges
                0x00000000000012f0       0x28 ./hagl/src/hagl_pixel.o
 .debug_aranges
                0x0000000000001318       0x48 ./hagl/src/hagl_rectangle.o

.debug_ranges   0x0000000000000000     0x11c0
 .debug_ranges  0x0000000000000000       0x10 ./Core/Src/dma.o
 .debug_ranges  0x0000000000000010       0x10 ./Core/Src/gpio.o
 .debug_ranges  0x0000000000000020       0x10 ./Core/Src/hagl_hal.o
 .debug_ranges  0x0000000000000030       0x60 ./Core/Src/lcd.o
 .debug_ranges  0x0000000000000090       0x40 ./Core/Src/main.o
 .debug_ranges  0x00000000000000d0       0x20 ./Core/Src/servo.o
 .debug_ranges  0x00000000000000f0       0x20 ./Core/Src/spi.o
 .debug_ranges  0x0000000000000110       0x10 ./Core/Src/stm32l4xx_hal_msp.o
 .debug_ranges  0x0000000000000120       0x68 ./Core/Src/stm32l4xx_it.o
 .debug_ranges  0x0000000000000188       0x18 ./Core/Src/system_stm32l4xx.o
 .debug_ranges  0x00000000000001a0       0x38 ./Core/Src/tim.o
 .debug_ranges  0x00000000000001d8       0x20 ./Core/Src/usart.o
 .debug_ranges  0x00000000000001f8       0x20 ./Core/Startup/startup_stm32l476rgtx.o
 .debug_ranges  0x0000000000000218      0x120 ./Drivers/STM32L4xx_HAL_Driver/Src/stm32l4xx_hal.o
 .debug_ranges  0x0000000000000338      0x108 ./Drivers/STM32L4xx_HAL_Driver/Src/stm32l4xx_hal_cortex.o
 .debug_ranges  0x0000000000000440       0x70 ./Drivers/STM32L4xx_HAL_Driver/Src/stm32l4xx_hal_dma.o
 .debug_ranges  0x00000000000004b0       0x48 ./Drivers/STM32L4xx_HAL_Driver/Src/stm32l4xx_hal_gpio.o
 .debug_ranges  0x00000000000004f8      0x150 ./Drivers/STM32L4xx_HAL_Driver/Src/stm32l4xx_hal_pwr_ex.o
 .debug_ranges  0x0000000000000648       0x80 ./Drivers/STM32L4xx_HAL_Driver/Src/stm32l4xx_hal_rcc.o
 .debug_ranges  0x00000000000006c8       0xb0 ./Drivers/STM32L4xx_HAL_Driver/Src/stm32l4xx_hal_rcc_ex.o
 .debug_ranges  0x0000000000000778      0x1c8 ./Drivers/STM32L4xx_HAL_Driver/Src/stm32l4xx_hal_spi.o
 .debug_ranges  0x0000000000000940      0x3d0 ./Drivers/STM32L4xx_HAL_Driver/Src/stm32l4xx_hal_tim.o
 .debug_ranges  0x0000000000000d10      0x170 ./Drivers/STM32L4xx_HAL_Driver/Src/stm32l4xx_hal_tim_ex.o
 .debug_ranges  0x0000000000000e80      0x248 ./Drivers/STM32L4xx_HAL_Driver/Src/stm32l4xx_hal_uart.o
 .debug_ranges  0x00000000000010c8       0x30 ./hagl/src/hagl.o
 .debug_ranges  0x00000000000010f8       0x20 ./hagl/src/hagl_circle.o
 .debug_ranges  0x0000000000001118       0x20 ./hagl/src/hagl_clip.o
 .debug_ranges  0x0000000000001138       0x28 ./hagl/src/hagl_hline.o
 .debug_ranges  0x0000000000001160       0x10 ./hagl/src/hagl_line.o
 .debug_ranges  0x0000000000001170       0x18 ./hagl/src/hagl_pixel.o
 .debug_ranges  0x0000000000001188       0x38 ./hagl/src/hagl_rectangle.o

.debug_macro    0x0000000000000000    0x29568
 .debug_macro   0x0000000000000000      0x207 ./Core/Src/dma.o
 .debug_macro   0x0000000000000207      0xa78 ./Core/Src/dma.o
 .debug_macro   0x0000000000000c7f      0x1b3 ./Core/Src/dma.o
 .debug_macro   0x0000000000000e32       0x2e ./Core/Src/dma.o
 .debug_macro   0x0000000000000e60       0x28 ./Core/Src/dma.o
 .debug_macro   0x0000000000000e88       0x22 ./Core/Src/dma.o
 .debug_macro   0x0000000000000eaa       0x8e ./Core/Src/dma.o
 .debug_macro   0x0000000000000f38       0x51 ./Core/Src/dma.o
 .debug_macro   0x0000000000000f89      0x103 ./Core/Src/dma.o
 .debug_macro   0x000000000000108c       0x6a ./Core/Src/dma.o
 .debug_macro   0x00000000000010f6      0x1df ./Core/Src/dma.o
 .debug_macro   0x00000000000012d5       0x1c ./Core/Src/dma.o
 .debug_macro   0x00000000000012f1       0x22 ./Core/Src/dma.o
 .debug_macro   0x0000000000001313       0xfb ./Core/Src/dma.o
 .debug_macro   0x000000000000140e     0x1011 ./Core/Src/dma.o
 .debug_macro   0x000000000000241f      0x11f ./Core/Src/dma.o
 .debug_macro   0x000000000000253e    0x1a17a ./Core/Src/dma.o
 .debug_macro   0x000000000001c6b8       0x6d ./Core/Src/dma.o
 .debug_macro   0x000000000001c725     0x38e6 ./Core/Src/dma.o
 .debug_macro   0x000000000002000b      0x174 ./Core/Src/dma.o
 .debug_macro   0x000000000002017f       0x5c ./Core/Src/dma.o
 .debug_macro   0x00000000000201db     0x159e ./Core/Src/dma.o
 .debug_macro   0x0000000000021779      0x5a5 ./Core/Src/dma.o
 .debug_macro   0x0000000000021d1e      0x1b9 ./Core/Src/dma.o
 .debug_macro   0x0000000000021ed7      0x18b ./Core/Src/dma.o
 .debug_macro   0x0000000000022062      0x26b ./Core/Src/dma.o
 .debug_macro   0x00000000000222cd      0x23d ./Core/Src/dma.o
 .debug_macro   0x000000000002250a      0x241 ./Core/Src/dma.o
 .debug_macro   0x000000000002274b      0x37c ./Core/Src/dma.o
 .debug_macro   0x0000000000022ac7       0xd6 ./Core/Src/dma.o
 .debug_macro   0x0000000000022b9d      0x22c ./Core/Src/dma.o
 .debug_macro   0x0000000000022dc9       0x61 ./Core/Src/dma.o
 .debug_macro   0x0000000000022e2a       0xa5 ./Core/Src/dma.o
 .debug_macro   0x0000000000022ecf      0x122 ./Core/Src/dma.o
 .debug_macro   0x0000000000022ff1      0x3ef ./Core/Src/dma.o
 .debug_macro   0x00000000000233e0      0x2fe ./Core/Src/dma.o
 .debug_macro   0x00000000000236de      0xa91 ./Core/Src/dma.o
 .debug_macro   0x000000000002416f      0x1e6 ./Core/Src/dma.o
 .debug_macro   0x0000000000024355      0x5ba ./Core/Src/dma.o
 .debug_macro   0x000000000002490f       0x44 ./Core/Src/dma.o
 .debug_macro   0x0000000000024953      0x330 ./Core/Src/dma.o
 .debug_macro   0x0000000000024c83       0x70 ./Core/Src/dma.o
 .debug_macro   0x0000000000024cf3      0x207 ./Core/Src/gpio.o
 .debug_macro   0x0000000000024efa      0x1a4 ./Core/Src/hagl_hal.o
 .debug_macro   0x000000000002509e       0x22 ./Core/Src/hagl_hal.o
 .debug_macro   0x00000000000250c0       0x52 ./Core/Src/hagl_hal.o
 .debug_macro   0x0000000000025112       0x1e ./Core/Src/hagl_hal.o
 .debug_macro   0x0000000000025130       0x3c ./Core/Src/hagl_hal.o
 .debug_macro   0x000000000002516c       0x34 ./Core/Src/hagl_hal.o
 .debug_macro   0x00000000000251a0       0x16 ./Core/Src/hagl_hal.o
 .debug_macro   0x00000000000251b6       0x43 ./Core/Src/hagl_hal.o
 .debug_macro   0x00000000000251f9       0x34 ./Core/Src/hagl_hal.o
 .debug_macro   0x000000000002522d       0x10 ./Core/Src/hagl_hal.o
 .debug_macro   0x000000000002523d       0x58 ./Core/Src/hagl_hal.o
 .debug_macro   0x0000000000025295       0x71 ./Core/Src/hagl_hal.o
 .debug_macro   0x0000000000025306       0x1c ./Core/Src/hagl_hal.o
 .debug_macro   0x0000000000025322      0x12a ./Core/Src/hagl_hal.o
 .debug_macro   0x000000000002544c      0x341 ./Core/Src/hagl_hal.o
 .debug_macro   0x000000000002578d      0x19b ./Core/Src/hagl_hal.o
 .debug_macro   0x0000000000025928       0x16 ./Core/Src/hagl_hal.o
 .debug_macro   0x000000000002593e       0x35 ./Core/Src/hagl_hal.o
 .debug_macro   0x0000000000025973       0x16 ./Core/Src/hagl_hal.o
 .debug_macro   0x0000000000025989       0x29 ./Core/Src/hagl_hal.o
 .debug_macro   0x00000000000259b2       0x46 ./Core/Src/hagl_hal.o
 .debug_macro   0x00000000000259f8       0x16 ./Core/Src/hagl_hal.o
 .debug_macro   0x0000000000025a0e      0x382 ./Core/Src/lcd.o
 .debug_macro   0x0000000000025d90       0x56 ./Core/Src/lcd.o
 .debug_macro   0x0000000000025de6      0x501 ./Core/Src/main.o
 .debug_macro   0x00000000000262e7       0x22 ./Core/Src/main.o
 .debug_macro   0x0000000000026309       0x1c ./Core/Src/main.o
 .debug_macro   0x0000000000026325       0x10 ./Core/Src/main.o
 .debug_macro   0x0000000000026335       0x10 ./Core/Src/main.o
 .debug_macro   0x0000000000026345       0x1c ./Core/Src/main.o
 .debug_macro   0x0000000000026361       0x52 ./Core/Src/main.o
 .debug_macro   0x00000000000263b3       0x22 ./Core/Src/main.o
 .debug_macro   0x00000000000263d5       0x10 ./Core/Src/main.o
 .debug_macro   0x00000000000263e5       0x52 ./Core/Src/main.o
 .debug_macro   0x0000000000026437       0xd5 ./Core/Src/main.o
 .debug_macro   0x000000000002650c       0x1c ./Core/Src/main.o
 .debug_macro   0x0000000000026528       0x3d ./Core/Src/main.o
 .debug_macro   0x0000000000026565       0x16 ./Core/Src/main.o
 .debug_macro   0x000000000002657b      0x145 ./Core/Src/main.o
 .debug_macro   0x00000000000266c0       0x76 ./Core/Src/servo.o
 .debug_macro   0x0000000000026736      0x207 ./Core/Src/spi.o
 .debug_macro   0x000000000002693d      0x1fd ./Core/Src/stm32l4xx_hal_msp.o
 .debug_macro   0x0000000000026b3a      0x207 ./Core/Src/stm32l4xx_it.o