Archive member included to satisfy reference by file (symbol)

c:/st/stm32cubeide_1.11.0/stm32cubeide/plugins/com.st.stm32cube.ide.mcu.externaltools.gnu-tools-for-stm32.10.3-2021.10.win32_1.0.100.202210260954/tools/bin/../lib/gcc/arm-none-eabi/10.3.1/../../../../arm-none-eabi/lib/thumb/v7e-m+fp/hard\libc_nano.a(lib_a-calloc.o)
                              ./hagl/src/hagl_char.o (calloc)
c:/st/stm32cubeide_1.11.0/stm32cubeide/plugins/com.st.stm32cube.ide.mcu.externaltools.gnu-tools-for-stm32.10.3-2021.10.win32_1.0.100.202210260954/tools/bin/../lib/gcc/arm-none-eabi/10.3.1/../../../../arm-none-eabi/lib/thumb/v7e-m+fp/hard\libc_nano.a(lib_a-errno.o)
                              ./Core/Src/syscalls.o (__errno)
c:/st/stm32cubeide_1.11.0/stm32cubeide/plugins/com.st.stm32cube.ide.mcu.externaltools.gnu-tools-for-stm32.10.3-2021.10.win32_1.0.100.202210260954/tools/bin/../lib/gcc/arm-none-eabi/10.3.1/../../../../arm-none-eabi/lib/thumb/v7e-m+fp/hard\libc_nano.a(lib_a-exit.o)
                              c:/st/stm32cubeide_1.11.0/stm32cubeide/plugins/com.st.stm32cube.ide.mcu.externaltools.gnu-tools-for-stm32.10.3-2021.10.win32_1.0.100.202210260954/tools/bin/../lib/gcc/arm-none-eabi/10.3.1/../../../../arm-none-eabi/lib/thumb/v7e-m+fp/hard/crt0.o (exit)
c:/st/stm32cubeide_1.11.0/stm32cubeide/plugins/com.st.stm32cube.ide.mcu.externaltools.gnu-tools-for-stm32.10.3-2021.10.win32_1.0.100.202210260954/tools/bin/../lib/gcc/arm-none-eabi/10.3.1/../../../../arm-none-eabi/lib/thumb/v7e-m+fp/hard\libc_nano.a(lib_a-fclose.o)
                              ./hagl/src/hagl_image.o (fclose)
c:/st/stm32cubeide_1.11.0/stm32cubeide/plugins/com.st.stm32cube.ide.mcu.externaltools.gnu-tools-for-stm32.10.3-2021.10.win32_1.0.100.202210260954/tools/bin/../lib/gcc/arm-none-eabi/10.3.1/../../../../arm-none-eabi/lib/thumb/v7e-m+fp/hard\libc_nano.a(lib_a-fflush.o)
                              c:/st/stm32cubeide_1.11.0/stm32cubeide/plugins/com.st.stm32cube.ide.mcu.externaltools.gnu-tools-for-stm32.10.3-2021.10.win32_1.0.100.202210260954/tools/bin/../lib/gcc/arm-none-eabi/10.3.1/../../../../arm-none-eabi/lib/thumb/v7e-m+fp/hard\libc_nano.a(lib_a-fclose.o) (__sflush_r)
c:/st/stm32cubeide_1.11.0/stm32cubeide/plugins/com.st.stm32cube.ide.mcu.externaltools.gnu-tools-for-stm32.10.3-2021.10.win32_1.0.100.202210260954/tools/bin/../lib/gcc/arm-none-eabi/10.3.1/../../../../arm-none-eabi/lib/thumb/v7e-m+fp/hard\libc_nano.a(lib_a-findfp.o)
                              c:/st/stm32cubeide_1.11.0/stm32cubeide/plugins/com.st.stm32cube.ide.mcu.externaltools.gnu-tools-for-stm32.10.3-2021.10.win32_1.0.100.202210260954/tools/bin/../lib/gcc/arm-none-eabi/10.3.1/../../../../arm-none-eabi/lib/thumb/v7e-m+fp/hard\libc_nano.a(lib_a-fclose.o) (__sfp_lock_acquire)
c:/st/stm32cubeide_1.11.0/stm32cubeide/plugins/com.st.stm32cube.ide.mcu.externaltools.gnu-tools-for-stm32.10.3-2021.10.win32_1.0.100.202210260954/tools/bin/../lib/gcc/arm-none-eabi/10.3.1/../../../../arm-none-eabi/lib/thumb/v7e-m+fp/hard\libc_nano.a(lib_a-fopen.o)
                              ./hagl/src/hagl_image.o (fopen)
c:/st/stm32cubeide_1.11.0/stm32cubeide/plugins/com.st.stm32cube.ide.mcu.externaltools.gnu-tools-for-stm32.10.3-2021.10.win32_1.0.100.202210260954/tools/bin/../lib/gcc/arm-none-eabi/10.3.1/../../../../arm-none-eabi/lib/thumb/v7e-m+fp/hard\libc_nano.a(lib_a-fread.o)
                              ./hagl/src/hagl_image.o (fread)
c:/st/stm32cubeide_1.11.0/stm32cubeide/plugins/com.st.stm32cube.ide.mcu.externaltools.gnu-tools-for-stm32.10.3-2021.10.win32_1.0.100.202210260954/tools/bin/../lib/gcc/arm-none-eabi/10.3.1/../../../../arm-none-eabi/lib/thumb/v7e-m+fp/hard\libc_nano.a(lib_a-fseek.o)
                              c:/st/stm32cubeide_1.11.0/stm32cubeide/plugins/com.st.stm32cube.ide.mcu.externaltools.gnu-tools-for-stm32.10.3-2021.10.win32_1.0.100.202210260954/tools/bin/../lib/gcc/arm-none-eabi/10.3.1/../../../../arm-none-eabi/lib/thumb/v7e-m+fp/hard\libc_nano.a(lib_a-fopen.o) (_fseek_r)
c:/st/stm32cubeide_1.11.0/stm32cubeide/plugins/com.st.stm32cube.ide.mcu.externaltools.gnu-tools-for-stm32.10.3-2021.10.win32_1.0.100.202210260954/tools/bin/../lib/gcc/arm-none-eabi/10.3.1/../../../../arm-none-eabi/lib/thumb/v7e-m+fp/hard\libc_nano.a(lib_a-fseeko.o)
                              c:/st/stm32cubeide_1.11.0/stm32cubeide/plugins/com.st.stm32cube.ide.mcu.externaltools.gnu-tools-for-stm32.10.3-2021.10.win32_1.0.100.202210260954/tools/bin/../lib/gcc/arm-none-eabi/10.3.1/../../../../arm-none-eabi/lib/thumb/v7e-m+fp/hard\libc_nano.a(lib_a-fseek.o) (_fseeko_r)
c:/st/stm32cubeide_1.11.0/stm32cubeide/plugins/com.st.stm32cube.ide.mcu.externaltools.gnu-tools-for-stm32.10.3-2021.10.win32_1.0.100.202210260954/tools/bin/../lib/gcc/arm-none-eabi/10.3.1/../../../../arm-none-eabi/lib/thumb/v7e-m+fp/hard\libc_nano.a(lib_a-fwalk.o)
[...]
Memory Configuration

Name             Origin             Length             Attributes
RAM              0x0000000020000000 0x0000000000018000 xrw
RAM2             0x0000000010000000 0x0000000000008000 xrw
FLASH            0x0000000008000000 0x0000000000100000 xr
*default*        0x0000000000000000 0xffffffffffffffff

Linker script and memory map

LOAD c:/st/stm32cubeide_1.11.0/stm32cubeide/plugins/com.st.stm32cube.ide.mcu.externaltools.gnu-tools-for-stm32.10.3-2021.10.win32_1.0.100.202210260954/tools/bin/../lib/gcc/arm-none-eabi/10.3.1/thumb/v7e-m+fp/hard/crti.o
LOAD c:/st/stm32cubeide_1.11.0/stm32cubeide/plugins/com.st.stm32cube.ide.mcu.externaltools.gnu-tools-for-stm32.10.3-2021.10.win32_1.0.100.202210260954/tools/bin/../lib/gcc/arm-none-eabi/10.3.1/thumb/v7e-m+fp/hard/crtbegin.o
LOAD c:/st/stm32cubeide_1.11.0/stm32cubeide/plugins/com.st.stm32cube.ide.mcu.externaltools.gnu-tools-for-stm32.10.3-2021.10.win32_1.0.100.202210260954/tools/bin/../lib/gcc/arm-none-eabi/10.3.1/../../../../arm-none-eabi/lib/thumb/v7e-m+fp/hard/crt0.o
LOAD ./Core/Src/dma.o
LOAD ./Core/Src/gpio.o
LOAD ./Core/Src/hagl_hal.o
LOAD ./Core/Src/lcd.o
LOAD ./Core/Src/main.o
LOAD ./Core/Src/servo.o
LOAD ./Core/Src/spi.o
LOAD ./Core/Src/stm32l4xx_hal_msp.o
LOAD ./Core/Src/stm32l4xx_it.o
LOAD ./Core/Src/syscalls.o
LOAD ./Core/Src/sysmem.o
LOAD ./Core/Src/system_stm32l4xx.o
LOAD ./Core/Src/tim.o
LOAD ./Core/Src/usart.o
LOAD ./Core/Startup/startup_stm32l476rgtx.o
LOAD ./Drivers/STM32L4xx_HAL_Driver/Src/stm32l4xx_hal.o
LOAD ./Drivers/STM32L4xx_HAL_Driver/Src/stm32l4xx_hal_cortex.o
LOAD ./Drivers/STM32L4xx_HAL_Driver/Src/stm32l4xx_hal_dma.o
LOAD ./Drivers/STM32L4xx_HAL_Driver/Src/stm32l4xx_hal_dma_ex.o
LOAD ./Drivers/STM32L4xx_HAL_Driver/Src/stm32l4xx_hal_exti.o
LOAD ./Drivers/STM32L4xx_HAL_Driver/Src/stm32l4xx_hal_flash.o
LOAD ./Drivers/STM32L4xx_HAL_Driver/Src/stm32l4xx_hal_flash_ex.o
LOAD ./Drivers/STM32L4xx_HAL_Driver/Src/stm32l4xx_hal_flash_ramfunc.o
LOAD ./Drivers/STM32L4xx_HAL_Driver/Src/stm32l4xx_hal_gpio.o
LOAD ./Drivers/STM32L4xx_HAL_Driver/Src/stm32l4xx_hal_i2c.o
LOAD ./Drivers/STM32L4xx_HAL_Driver/Src/stm32l4xx_hal_i2c_ex.o
LOAD ./Drivers/STM32L4xx_HAL_Driver/Src/stm32l4xx_hal_pwr.o
LOAD ./Drivers/STM32L4xx_HAL_Driver/Src/stm32l4xx_hal_pwr_ex.o
LOAD ./Drivers/STM32L4xx_HAL_Driver/Src/stm32l4xx_hal_rcc.o
LOAD ./Drivers/STM32L4xx_HAL_Driver/Src/stm32l4xx_hal_rcc_ex.o
LOAD ./Drivers/STM32L4xx_HAL_Driver/Src/stm32l4xx_hal_spi.o
LOAD ./Drivers/STM32L4xx_HAL_Driver/Src/stm32l4xx_hal_spi_ex.o
LOAD ./Drivers/STM32L4xx_HAL_Driver/Src/stm32l4xx_hal_tim.o
LOAD ./Drivers/STM32L4xx_HAL_Driver/Src/stm32l4xx_hal_tim_ex.o
LOAD ./Drivers/STM32L4xx_HAL_Driver/Src/stm32l4xx_hal_uart.o
LOAD ./Drivers/STM32L4xx_HAL_Driver/Src/stm32l4xx_hal_uart_ex.o
LOAD ./hagl/src/fontx.o
LOAD ./hagl/src/hagl.o
LOAD ./hagl/src/hagl_bitmap.o
LOAD ./hagl/src/hagl_blit.o
LOAD ./hagl/src/hagl_char.o
LOAD ./hagl/src/hagl_circle.o
LOAD ./hagl/src/hagl_clip.o
LOAD ./hagl/src/hagl_color.o
LOAD ./hagl/src/hagl_ellipse.o
LOAD ./hagl/src/hagl_hline.o
LOAD ./hagl/src/hagl_image.o
LOAD ./hagl/src/hagl_line.o
LOAD ./hagl/src/hagl_pixel.o
LOAD ./hagl/src/hagl_polygon.o
LOAD ./hagl/src/hagl_rectangle.o
LOAD ./hagl/src/hagl_triangle.o
LOAD ./hagl/src/hagl_vline.o
LOAD ./hagl/src/hsl.o
LOAD ./hagl/src/rgb565.o
LOAD ./hagl/src/rgb888.o
LOAD ./hagl/src/tjpgd.o
START GROUP
LOAD c:/st/stm32cubeide_1.11.0/stm32cubeide/plugins/com.st.stm32cube.ide.mcu.externaltools.gnu-tools-for-stm32.10.3-2021.10.win32_1.0.100.202210260954/tools/bin/../lib/gcc/arm-none-eabi/10.3.1/../../../../arm-none-eabi/lib/thumb/v7e-m+fp/hard\libc_nano.a
LOAD c:/st/stm32cubeide_1.11.0/stm32cubeide/plugins/com.st.stm32cube.ide.mcu.externaltools.gnu-tools-for-stm32.10.3-2021.10.win32_1.0.100.202210260954/tools/bin/../lib/gcc/arm-none-eabi/10.3.1/../../../../arm-none-eabi/lib/thumb/v7e-m+fp/hard\libm.a
END GROUP
START GROUP
LOAD c:/st/stm32cubeide_1.11.0/stm32cubeide/plugins/com.st.stm32cube.ide.mcu.externaltools.gnu-tools-for-stm32.10.3-2021.10.win32_1.0.100.202210260954/tools/bin/../lib/gcc/arm-none-eabi/10.3.1/thumb/v7e-m+fp/hard\libgcc.a
LOAD c:/st/stm32cubeide_1.11.0/stm32cubeide/plugins/com.st.stm32cube.ide.mcu.externaltools.gnu-tools-for-stm32.10.3-2021.10.win32_1.0.100.202210260954/tools/bin/../lib/gcc/arm-none-eabi/10.3.1/../../../../arm-none-eabi/lib/thumb/v7e-m+fp/hard\libc_nano.a
END GROUP
START GROUP
LOAD c:/st/stm32cubeide_1.11.0/stm32cubeide/plugins/com.st.stm32cube.ide.mcu.externaltools.gnu-tools-for-stm32.10.3-2021.10.win32_1.0.100.202210260954/tools/bin/../lib/gcc/arm-none-eabi/10.3.1/thumb/v7e-m+fp/hard\libgcc.a
LOAD c:/st/stm32cubeide_1.11.0/stm32cubeide/plugins/com.st.stm32cube.ide.mcu.externaltools.gnu-tools-for-stm32.10.3-2021.10.win32_1.0.100.202210260954/tools/bin/../lib/gcc/arm-none-eabi/10.3.1/../../../../arm-none-eabi/lib/thumb/v7e-m+fp/hard\libc_nano.a
LOAD c:/st/stm32cubeide_1.11.0/stm32cubeide/plugins/com.st.stm32cube.ide.mcu.externaltools.gnu-tools-for-stm32.10.3-2021.10.win32_1.0.100.202210260954/tools/bin/../lib/gcc/arm-none-eabi/10.3.1/../../../../arm-none-eabi/lib/thumb/v7e-m+fp/hard\libnosys.a
END GROUP
START GROUP
LOAD c:/st/stm32cubeide_1.11.0/stm32cubeide/plugins/com.st.stm32cube.ide.mcu.externaltools.gnu-tools-for-stm32.10.3-2021.10.win32_1.0.100.202210260954/tools/bin/../lib/gcc/arm-none-eabi/10.3.1/thumb/v7e-m+fp/hard\libgcc.a
LOAD c:/st/stm32cubeide_1.11.0/stm32cubeide/plugins/com.st.stm32cube.ide.mcu.externaltools.gnu-tools-for-stm32.10.3-2021.10.win32_1.0.100.202210260954/tools/bin/../lib/gcc/arm-none-eabi/10.3.1/../../../../arm-none-eabi/lib/thumb/v7e-m+fp/hard\libc_nano.a
LOAD c:/st/stm32cubeide_1.11.0/stm32cubeide/plugins/com.st.stm32cube.ide.mcu.externaltools.gnu-tools-for-stm32.10.3-2021.10.win32_1.0.100.202210260954/tools/bin/../lib/gcc/arm-none-eabi/10.3.1/../../../../arm-none-eabi/lib/thumb/v7e-m+fp/hard\libnosys.a
END GROUP
LOAD c:/st/stm32cubeide_1.11.0/stm32cubeide/plugins/com.st.stm32cube.ide.mcu.externaltools.gnu-tools-for-stm32.10.3-2021.10.win32_1.0.100.202210260954/tools/bin/../lib/gcc/arm-none-eabi/10.3.1/thumb/v7e-m+fp/hard/crtend.o
LOAD c:/st/stm32cubeide_1.11.0/stm32cubeide/plugins/com.st.stm32cube.ide.mcu.externaltools.gnu-tools-for-stm32.10.3-2021.10.win32_1.0.100.202210260954/tools/bin/../lib/gcc/arm-none-eabi/10.3.1/thumb/v7e-m+fp/hard/crtn.o
                0x0000000020018000                _estack = (ORIGIN (RAM) + LENGTH (RAM))
                0x0000000000000200                _Min_Heap_Size = 0x200
                0x0000000000002000                _Min_Stack_Size = 0x2000

.isr_vector     0x0000000008000000      0x188
                0x0000000008000000                . = ALIGN (0x4)
 *(.isr_vector)
 .isr_vector    0x0000000008000000      0x188 ./Core/Startup/startup_stm32l476rgtx.o
                0x0000000008000000                g_pfnVectors
                0x0000000008000188                . = ALIGN (0x4)

.text           0x0000000008000188     0x983c
                0x0000000008000188                . = ALIGN (0x4)
 *(.text)
 .text          0x0000000008000188       0x40 c:/st/stm32cubeide_1.11.0/stm32cubeide/plugins/com.st.stm32cube.ide.mcu.externaltools.gnu-tools-for-stm32.10.3-2021.10.win32_1.0.100.202210260954/tools/bin/../lib/gcc/arm-none-eabi/10.3.1/thumb/v7e-m+fp/hard/crtbegin.o
 .text          0x00000000080001c8      0x378 c:/st/stm32cubeide_1.11.0/stm32cubeide/plugins/com.st.stm32cube.ide.mcu.externaltools.gnu-tools-for-stm32.10.3-2021.10.win32_1.0.100.202210260954/tools/bin/../lib/gcc/arm-none-eabi/10.3.1/thumb/v7e-m+fp/hard\libgcc.a(_arm_addsubdf3.o)
                0x00000000080001c8                __aeabi_drsub
                0x00000000080001d0                __aeabi_dsub
                0x00000000080001d0                __subdf3
                0x00000000080001d4                __aeabi_dadd
                0x00000000080001d4                __adddf3
                0x000000000800044c                __floatunsidf
                0x000000000800044c                __aeabi_ui2d
                0x000000000800046c                __floatsidf
                0x000000000800046c                __aeabi_i2d
                0x0000000008000490                __aeabi_f2d
                0x0000000008000490                __extendsfdf2
                0x00000000080004d4                __floatundidf
                0x00000000080004d4                __aeabi_ul2d
                0x00000000080004e4                __floatdidf
                0x00000000080004e4                __aeabi_l2d
 .text          0x0000000008000540      0x424 c:/st/stm32cubeide_1.11.0/stm32cubeide/plugins/com.st.stm32cube.ide.mcu.externaltools.gnu-tools-for-stm32.10.3-2021.10.win32_1.0.100.202210260954/tools/bin/../lib/gcc/arm-none-eabi/10.3.1/thumb/v7e-m+fp/hard\libgcc.a(_arm_muldivdf3.o)
                0x0000000008000540                __aeabi_dmul
                0x0000000008000540                __muldf3
                0x0000000008000794                __divdf3
                0x0000000008000794                __aeabi_ddiv
 .text          0x0000000008000964      0x110 c:/st/stm32cubeide_1.11.0/stm32cubeide/plugins/com.st.stm32cube.ide.mcu.externaltools.gnu-tools-for-stm32.10.3-2021.10.win32_1.0.100.202210260954/tools/bin/../lib/gcc/arm-none-eabi/10.3.1/thumb/v7e-m+fp/hard\libgcc.a(_arm_cmpdf2.o)
                0x0000000008000964                __gtdf2
                0x0000000008000964                __gedf2
                0x000000000800096c                __ltdf2
                0x000000000800096c                __ledf2
                0x0000000008000974                __nedf2
                0x0000000008000974                __eqdf2
                0x0000000008000974                __cmpdf2
                0x00000000080009f0                __aeabi_cdrcmple
                0x0000000008000a00                __aeabi_cdcmpeq
                0x0000000008000a00                __aeabi_cdcmple
                0x0000000008000a10                __aeabi_dcmpeq
                0x0000000008000a24                __aeabi_dcmplt
                0x0000000008000a38                __aeabi_dcmple
                0x0000000008000a4c                __aeabi_dcmpge
                0x0000000008000a60                __aeabi_dcmpgt
 .text          0x0000000008000a74       0x2c c:/st/stm32cubeide_1.11.0/stm32cubeide/plugins/com.st.stm32cube.ide.mcu.externaltools.gnu-tools-for-stm32.10.3-2021.10.win32_1.0.100.202210260954/tools/bin/../lib/gcc/arm-none-eabi/10.3.1/thumb/v7e-m+fp/hard\libgcc.a(_arm_unorddf2.o)
                0x0000000008000a74                __unorddf2
                0x0000000008000a74                __aeabi_dcmpun
 .text          0x0000000008000aa0       0x50 c:/st/stm32cubeide_1.11.0/stm32cubeide/plugins/com.st.stm32cube.ide.mcu.externaltools.gnu-tools-for-stm32.10.3-2021.10.win32_1.0.100.202210260954/tools/bin/../lib/gcc/arm-none-eabi/10.3.1/thumb/v7e-m+fp/hard\libgcc.a(_arm_fixdfsi.o)
                0x0000000008000aa0                __aeabi_d2iz
                0x0000000008000aa0                __fixdfsi
 .text          0x0000000008000af0       0xa0 c:/st/stm32cubeide_1.11.0/stm32cubeide/plugins/com.st.stm32cube.ide.mcu.externaltools.gnu-tools-for-stm32.10.3-2021.10.win32_1.0.100.202210260954/tools/bin/../lib/gcc/arm-none-eabi/10.3.1/thumb/v7e-m+fp/hard\libgcc.a(_arm_truncdfsf2.o)
                0x0000000008000af0                __truncdfsf2
                0x0000000008000af0                __aeabi_d2f
 .text          0x0000000008000b90       0x30 c:/st/stm32cubeide_1.11.0/stm32cubeide/plugins/com.st.stm32cube.ide.mcu.externaltools.gnu-tools-for-stm32.10.3-2021.10.win32_1.0.100.202210260954/tools/bin/../lib/gcc/arm-none-eabi/10.3.1/thumb/v7e-m+fp/hard\libgcc.a(_aeabi_uldivmod.o)
                0x0000000008000b90                __aeabi_uldivmod
 .text          0x0000000008000bc0      0x2d0 c:/st/stm32cubeide_1.11.0/stm32cubeide/plugins/com.st.stm32cube.ide.mcu.externaltools.gnu-tools-for-stm32.10.3-2021.10.win32_1.0.100.202210260954/tools/bin/../lib/gcc/arm-none-eabi/10.3.1/thumb/v7e-m+fp/hard\libgcc.a(_udivmoddi4.o)
                0x0000000008000bc0                __udivmoddi4
 .text          0x0000000008000e90        0x4 c:/st/stm32cubeide_1.11.0/stm32cubeide/plugins/com.st.stm32cube.ide.mcu.externaltools.gnu-tools-for-stm32.10.3-2021.10.win32_1.0.100.202210260954/tools/bin/../lib/gcc/arm-none-eabi/10.3.1/thumb/v7e-m+fp/hard\libgcc.a(_dvmd_tls.o)
                0x0000000008000e90                __aeabi_idiv0
                0x0000000008000e90                __aeabi_ldiv0
 *(.text*)
 .text.MX_DMA_Init
                0x0000000008000e94       0x3c ./Core/Src/dma.o
                0x0000000008000e94                MX_DMA_Init
 .text.MX_GPIO_Init
                0x0000000008000ed0       0xc4 ./Core/Src/gpio.o
                0x0000000008000ed0                MX_GPIO_Init
 .text.hagl_hal_init
                0x0000000008000f94       0x30 ./Core/Src/hagl_hal.o
                0x0000000008000f94                hagl_hal_init
 .text.lcd_cmd  0x0000000008000fc4       0x4c ./Core/Src/lcd.o
 .text.lcd_data
                0x0000000008001010       0x4c ./Core/Src/lcd.o
 .text.lcd_send
                0x000000000800105c       0x32 ./Core/Src/lcd.o
 .text.lcd_data16
                0x000000000800108e       0x2a ./Core/Src/lcd.o
 .text.lcd_set_window
                0x00000000080010b8       0x66 ./Core/Src/lcd.o
 *fill*         0x000000000800111e        0x2 
 .text.lcd_init
                0x0000000008001120       0x70 ./Core/Src/lcd.o
                0x0000000008001120                lcd_init
 .text.lcd_put_pixel
                0x0000000008001190       0x44 ./Core/Src/lcd.o
                0x0000000008001190                lcd_put_pixel
 .text.lcd_copy
                0x00000000080011d4       0x4c ./Core/Src/lcd.o
                0x00000000080011d4                lcd_copy
 .text.lcd_transfer_done
                0x0000000008001220       0x18 ./Core/Src/lcd.o
                0x0000000008001220                lcd_transfer_done
 .text.lcd_is_busy
                0x0000000008001238       0x20 ./Core/Src/lcd.o
                0x0000000008001238                lcd_is_busy
 .text.calc_disp_coordinates_math
                0x0000000008001258      0x14c ./Core/Src/lcd.o
                0x0000000008001258                calc_disp_coordinates_math
 .text.calc_disp_coordinates
                0x00000000080013a4      0x218 ./Core/Src/lcd.o
                0x00000000080013a4                calc_disp_coordinates
 .text.HAL_SPI_TxCpltCallback
                0x00000000080015bc       0x20 ./Core/Src/main.o
                0x00000000080015bc                HAL_SPI_TxCpltCallback
 .text.HAL_TIM_PeriodElapsedCallback
                0x00000000080015dc       0xa0 ./Core/Src/main.o
                0x00000000080015dc                HAL_TIM_PeriodElapsedCallback
 .text.main     0x000000000800167c      0x158 ./Core/Src/main.o
                0x000000000800167c                main
 .text.SystemClock_Config
                0x00000000080017d4       0xa2 ./Core/Src/main.o
                0x00000000080017d4                SystemClock_Config
 .text.Error_Handler
                0x0000000008001876        0xa ./Core/Src/main.o
                0x0000000008001876                Error_Handler
 .text.is_max_angle_180
                0x0000000008001880       0x48 ./Core/Src/servo.o
                0x0000000008001880                is_max_angle_180
 .text.adjust_rotation_direction
                0x00000000080018c8       0x4a ./Core/Src/servo.o
                0x00000000080018c8                adjust_rotation_direction
 *fill*         0x0000000008001912        0x2 
 .text.calc_current_position
                0x0000000008001914       0x34 ./Core/Src/servo.o
                0x0000000008001914                calc_current_position
 .text.MX_SPI2_Init
                0x0000000008001948       0x7c ./Core/Src/spi.o
                0x0000000008001948                MX_SPI2_Init
 .text.HAL_SPI_MspInit
                0x00000000080019c4      0x120 ./Core/Src/spi.o
                0x00000000080019c4                HAL_SPI_MspInit
 .text.HAL_MspInit
                0x0000000008001ae4       0x48 ./Core/Src/stm32l4xx_hal_msp.o
                0x0000000008001ae4                HAL_MspInit
 .text.NMI_Handler
                0x0000000008001b2c        0x6 ./Core/Src/stm32l4xx_it.o
                0x0000000008001b2c                NMI_Handler
 .text.HardFault_Handler
                0x0000000008001b32        0x6 ./Core/Src/stm32l4xx_it.o
                0x0000000008001b32                HardFault_Handler
 .text.MemManage_Handler
                0x0000000008001b38        0x6 ./Core/Src/stm32l4xx_it.o
                0x0000000008001b38                MemManage_Handler
 .text.BusFault_Handler
                0x0000000008001b3e        0x6 ./Core/Src/stm32l4xx_it.o
                0x0000000008001b3e                BusFault_Handler
 .text.UsageFault_Handler
                0x0000000008001b44        0x6 ./Core/Src/stm32l4xx_it.o
                0x0000000008001b44                UsageFault_Handler
 .text.SVC_Handler
                0x0000000008001b4a        0xe ./Core/Src/stm32l4xx_it.o
                0x0000000008001b4a                SVC_Handler
 .text.DebugMon_Handler
                0x0000000008001b58        0xe ./Core/Src/stm32l4xx_it.o
                0x0000000008001b58                DebugMon_Handler
 .text.PendSV_Handler
                0x0000000008001b66        0xe ./Core/Src/stm32l4xx_it.o
                0x0000000008001b66                PendSV_Handler
 .text.SysTick_Handler
                0x0000000008001b74        0xc ./Core/Src/stm32l4xx_it.o
                0x0000000008001b74                SysTick_Handler
 .text.DMA1_Channel5_IRQHandler
                0x0000000008001b80       0x14 ./Core/Src/stm32l4xx_it.o
                0x0000000008001b80                DMA1_Channel5_IRQHandler
 .text.TIM4_IRQHandler
                0x0000000008001b94       0x14 ./Core/Src/stm32l4xx_it.o
                0x0000000008001b94                TIM4_IRQHandler
 .text.TIM6_DAC_IRQHandler
                0x0000000008001ba8       0x14 ./Core/Src/stm32l4xx_it.o
                0x0000000008001ba8                TIM6_DAC_IRQHandler
 .text.SystemInit
                0x0000000008001bbc       0x24 ./Core/Src/system_stm32l4xx.o
                0x0000000008001bbc                SystemInit
 .text.MX_TIM3_Init
                0x0000000008001be0       0xf0 ./Core/Src/tim.o
                0x0000000008001be0                MX_TIM3_Init
 .text.MX_TIM4_Init
                0x0000000008001cd0      0x158 ./Core/Src/tim.o
                0x0000000008001cd0                MX_TIM4_Init
 .text.MX_TIM6_Init
                0x0000000008001e28       0x70 ./Core/Src/tim.o
                0x0000000008001e28                MX_TIM6_Init
 .text.HAL_TIM_Base_MspInit
                0x0000000008001e98       0xf8 ./Core/Src/tim.o
                0x0000000008001e98                HAL_TIM_Base_MspInit
 .text.HAL_TIM_MspPostInit
                0x0000000008001f90       0xbc ./Core/Src/tim.o
                0x0000000008001f90                HAL_TIM_MspPostInit
 .text.MX_USART2_UART_Init
                0x000000000800204c       0x60 ./Core/Src/usart.o
                0x000000000800204c                MX_USART2_UART_Init
 .text.HAL_UART_MspInit
                0x00000000080020ac       0xb8 ./Core/Src/usart.o
                0x00000000080020ac                HAL_UART_MspInit
 .text.Reset_Handler
                0x0000000008002164       0x50 ./Core/Startup/startup_stm32l476rgtx.o
                0x0000000008002164                Reset_Handler
 .text.Default_Handler
                0x00000000080021b4        0x2 ./Core/Startup/startup_stm32l476rgtx.o
                0x00000000080021b4                RTC_Alarm_IRQHandler
                0x00000000080021b4                EXTI2_IRQHandler
                0x00000000080021b4                TIM8_TRG_COM_IRQHandler
                0x00000000080021b4                TIM8_CC_IRQHandler
                0x00000000080021b4                TIM1_CC_IRQHandler
                0x00000000080021b4                TSC_IRQHandler
                0x00000000080021b4                TAMP_STAMP_IRQHandler
                0x00000000080021b4                EXTI3_IRQHandler
                0x00000000080021b4                LPTIM2_IRQHandler
                0x00000000080021b4                DFSDM1_FLT1_IRQHandler
                0x00000000080021b4                I2C3_ER_IRQHandler
                0x00000000080021b4                DFSDM1_FLT2_IRQHandler
                0x00000000080021b4                EXTI0_IRQHandler
                0x00000000080021b4                I2C2_EV_IRQHandler
                0x00000000080021b4                CAN1_RX0_IRQHandler
                0x00000000080021b4                FPU_IRQHandler
                0x00000000080021b4                TIM1_UP_TIM16_IRQHandler
                0x00000000080021b4                ADC1_2_IRQHandler
                0x00000000080021b4                SPI1_IRQHandler
                0x00000000080021b4                TIM8_UP_IRQHandler
                0x00000000080021b4                DMA2_Channel2_IRQHandler
                0x00000000080021b4                DMA1_Channel4_IRQHandler
                0x00000000080021b4                SAI2_IRQHandler
                0x00000000080021b4                DFSDM1_FLT3_IRQHandler
                0x00000000080021b4                USART3_IRQHandler
                0x00000000080021b4                DMA1_Channel7_IRQHandler
                0x00000000080021b4                CAN1_RX1_IRQHandler
                0x00000000080021b4                LCD_IRQHandler
                0x00000000080021b4                UART5_IRQHandler
                0x00000000080021b4                ADC3_IRQHandler
                0x00000000080021b4                DMA2_Channel1_IRQHandler
                0x00000000080021b4                QUADSPI_IRQHandler
                0x00000000080021b4                I2C1_EV_IRQHandler
                0x00000000080021b4                DMA1_Channel6_IRQHandler
                0x00000000080021b4                UART4_IRQHandler
                0x00000000080021b4                DMA2_Channel4_IRQHandler
                0x00000000080021b4                TIM3_IRQHandler
                0x00000000080021b4                RCC_IRQHandler
                0x00000000080021b4                DMA1_Channel1_IRQHandler
                0x00000000080021b4                Default_Handler
                0x00000000080021b4                DMA2_Channel7_IRQHandler
                0x00000000080021b4                EXTI15_10_IRQHandler
                0x00000000080021b4                TIM7_IRQHandler
                0x00000000080021b4                SDMMC1_IRQHandler
                0x00000000080021b4                TIM5_IRQHandler
                0x00000000080021b4                I2C3_EV_IRQHandler
                0x00000000080021b4                EXTI9_5_IRQHandler
                0x00000000080021b4                RTC_WKUP_IRQHandler
                0x00000000080021b4                PVD_PVM_IRQHandler
                0x00000000080021b4                SPI2_IRQHandler
                0x00000000080021b4                CAN1_TX_IRQHandler
                0x00000000080021b4                DMA2_Channel5_IRQHandler
                0x00000000080021b4                EXTI4_IRQHandler
                0x00000000080021b4                RNG_IRQHandler
                0x00000000080021b4                TIM1_TRG_COM_TIM17_IRQHandler
                0x00000000080021b4                DMA1_Channel3_IRQHandler
                0x00000000080021b4                COMP_IRQHandler
                0x00000000080021b4                WWDG_IRQHandler
                0x00000000080021b4                LPUART1_IRQHandler
                0x00000000080021b4                DMA2_Channel6_IRQHandler
                0x00000000080021b4                TIM2_IRQHandler
                0x00000000080021b4                EXTI1_IRQHandler
                0x00000000080021b4                USART2_IRQHandler
                0x00000000080021b4                DFSDM1_FLT0_IRQHandler
                0x00000000080021b4                I2C2_ER_IRQHandler
                0x00000000080021b4                DMA1_Channel2_IRQHandler
                0x00000000080021b4                TIM8_BRK_IRQHandler
                0x00000000080021b4                CAN1_SCE_IRQHandler
                0x00000000080021b4                FLASH_IRQHandler
                0x00000000080021b4                USART1_IRQHandler
                0x00000000080021b4                OTG_FS_IRQHandler
                0x00000000080021b4                SPI3_IRQHandler
                0x00000000080021b4                I2C1_ER_IRQHandler
                0x00000000080021b4                FMC_IRQHandler
                0x00000000080021b4                SWPMI1_IRQHandler
                0x00000000080021b4                LPTIM1_IRQHandler
                0x00000000080021b4                SAI1_IRQHandler
                0x00000000080021b4                DMA2_Channel3_IRQHandler
                0x00000000080021b4                TIM1_BRK_TIM15_IRQHandler
 *fill*         0x00000000080021b6        0x2 
 .text.HAL_Init
                0x00000000080021b8       0x40 ./Drivers/STM32L4xx_HAL_Driver/Src/stm32l4xx_hal.o
                0x00000000080021b8                HAL_Init
 .text.HAL_InitTick
                0x00000000080021f8       0x78 ./Drivers/STM32L4xx_HAL_Driver/Src/stm32l4xx_hal.o
                0x00000000080021f8                HAL_InitTick
 .text.HAL_IncTick
                0x0000000008002270       0x28 ./Drivers/STM32L4xx_HAL_Driver/Src/stm32l4xx_hal.o
                0x0000000008002270                HAL_IncTick
 .text.HAL_GetTick
                0x0000000008002298       0x18 ./Drivers/STM32L4xx_HAL_Driver/Src/stm32l4xx_hal.o
                0x0000000008002298                HAL_GetTick
 .text.HAL_Delay
                0x00000000080022b0       0x48 ./Drivers/STM32L4xx_HAL_Driver/Src/stm32l4xx_hal.o
                0x00000000080022b0                HAL_Delay
 .text.__NVIC_SetPriorityGrouping
                0x00000000080022f8       0x48 ./Drivers/STM32L4xx_HAL_Driver/Src/stm32l4xx_hal_cortex.o
 .text.__NVIC_GetPriorityGrouping
                0x0000000008002340       0x1c ./Drivers/STM32L4xx_HAL_Driver/Src/stm32l4xx_hal_cortex.o
 .text.__NVIC_EnableIRQ
                0x000000000800235c       0x3c ./Drivers/STM32L4xx_HAL_Driver/Src/stm32l4xx_hal_cortex.o
 .text.__NVIC_SetPriority
                0x0000000008002398       0x54 ./Drivers/STM32L4xx_HAL_Driver/Src/stm32l4xx_hal_cortex.o
 .text.NVIC_EncodePriority
                0x00000000080023ec       0x66 ./Drivers/STM32L4xx_HAL_Driver/Src/stm32l4xx_hal_cortex.o
 *fill*         0x0000000008002452        0x2 
 .text.SysTick_Config
                0x0000000008002454       0x44 ./Drivers/STM32L4xx_HAL_Driver/Src/stm32l4xx_hal_cortex.o
 .text.HAL_NVIC_SetPriorityGrouping
                0x0000000008002498       0x16 ./Drivers/STM32L4xx_HAL_Driver/Src/stm32l4xx_hal_cortex.o
                0x0000000008002498                HAL_NVIC_SetPriorityGrouping
 .text.HAL_NVIC_SetPriority
                0x00000000080024ae       0x38 ./Drivers/STM32L4xx_HAL_Driver/Src/stm32l4xx_hal_cortex.o
                0x00000000080024ae                HAL_NVIC_SetPriority
 .text.HAL_NVIC_EnableIRQ
                0x00000000080024e6       0x1c ./Drivers/STM32L4xx_HAL_Driver/Src/stm32l4xx_hal_cortex.o
                0x00000000080024e6                HAL_NVIC_EnableIRQ
 .text.HAL_SYSTICK_Config
                0x0000000008002502       0x18 ./Drivers/STM32L4xx_HAL_Driver/Src/stm32l4xx_hal_cortex.o
                0x0000000008002502                HAL_SYSTICK_Config
 *fill*         0x000000000800251a        0x2 
 .text.HAL_DMA_Init
                0x000000000800251c      0x170 ./Drivers/STM32L4xx_HAL_Driver/Src/stm32l4xx_hal_dma.o
                0x000000000800251c                HAL_DMA_Init
 .text.HAL_DMA_Start_IT
                0x000000000800268c       0xc0 ./Drivers/STM32L4xx_HAL_Driver/Src/stm32l4xx_hal_dma.o
                0x000000000800268c                HAL_DMA_Start_IT
 .text.HAL_DMA_IRQHandler
                0x000000000800274c      0x15e ./Drivers/STM32L4xx_HAL_Driver/Src/stm32l4xx_hal_dma.o
                0x000000000800274c                HAL_DMA_IRQHandler
 .text.DMA_SetConfig
                0x00000000080028aa       0x60 ./Drivers/STM32L4xx_HAL_Driver/Src/stm32l4xx_hal_dma.o
 *fill*         0x000000000800290a        0x2 
 .text.HAL_GPIO_Init
                0x000000000800290c      0x354 ./Drivers/STM32L4xx_HAL_Driver/Src/stm32l4xx_hal_gpio.o
                0x000000000800290c                HAL_GPIO_Init
 .text.HAL_GPIO_WritePin
                0x0000000008002c60       0x30 ./Drivers/STM32L4xx_HAL_Driver/Src/stm32l4xx_hal_gpio.o
                0x0000000008002c60                HAL_GPIO_WritePin
 .text.HAL_PWREx_GetVoltageRange
                0x0000000008002c90       0x1c ./Drivers/STM32L4xx_HAL_Driver/Src/stm32l4xx_hal_pwr_ex.o
                0x0000000008002c90                HAL_PWREx_GetVoltageRange
 .text.HAL_PWREx_ControlVoltageScaling
                0x0000000008002cac       0xac ./Drivers/STM32L4xx_HAL_Driver/Src/stm32l4xx_hal_pwr_ex.o
                0x0000000008002cac                HAL_PWREx_ControlVoltageScaling
 .text.HAL_RCC_OscConfig
                0x0000000008002d58      0x7b8 ./Drivers/STM32L4xx_HAL_Driver/Src/stm32l4xx_hal_rcc.o
                0x0000000008002d58                HAL_RCC_OscConfig
 .text.HAL_RCC_ClockConfig
                0x0000000008003510      0x200 ./Drivers/STM32L4xx_HAL_Driver/Src/stm32l4xx_hal_rcc.o
                0x0000000008003510                HAL_RCC_ClockConfig
 .text.HAL_RCC_GetSysClockFreq
                0x0000000008003710      0x118 ./Drivers/STM32L4xx_HAL_Driver/Src/stm32l4xx_hal_rcc.o
                0x0000000008003710                HAL_RCC_GetSysClockFreq
 .text.HAL_RCC_GetHCLKFreq
                0x0000000008003828       0x18 ./Drivers/STM32L4xx_HAL_Driver/Src/stm32l4xx_hal_rcc.o
                0x0000000008003828                HAL_RCC_GetHCLKFreq
 .text.HAL_RCC_GetPCLK1Freq
                0x0000000008003840       0x2c ./Drivers/STM32L4xx_HAL_Driver/Src/stm32l4xx_hal_rcc.o
                0x0000000008003840                HAL_RCC_GetPCLK1Freq
 .text.HAL_RCC_GetPCLK2Freq
                0x000000000800386c       0x2c ./Drivers/STM32L4xx_HAL_Driver/Src/stm32l4xx_hal_rcc.o
                0x000000000800386c                HAL_RCC_GetPCLK2Freq
 .text.RCC_SetFlashLatencyFromMSIRange
                0x0000000008003898       0xc0 ./Drivers/STM32L4xx_HAL_Driver/Src/stm32l4xx_hal_rcc.o
 .text.HAL_RCCEx_PeriphCLKConfig
                0x0000000008003958      0x5d4 ./Drivers/STM32L4xx_HAL_Driver/Src/stm32l4xx_hal_rcc_ex.o
                0x0000000008003958                HAL_RCCEx_PeriphCLKConfig
 .text.RCCEx_PLLSAI1_Config
                0x0000000008003f2c      0x1e8 ./Drivers/STM32L4xx_HAL_Driver/Src/stm32l4xx_hal_rcc_ex.o
 .text.RCCEx_PLLSAI2_Config
                0x0000000008004114      0x1bc ./Drivers/STM32L4xx_HAL_Driver/Src/stm32l4xx_hal_rcc_ex.o
 .text.HAL_SPI_Init
                0x00000000080042d0      0x146 ./Drivers/STM32L4xx_HAL_Driver/Src/stm32l4xx_hal_spi.o
                0x00000000080042d0                HAL_SPI_Init
 .text.HAL_SPI_Transmit
                0x0000000008004416      0x2dc ./Drivers/STM32L4xx_HAL_Driver/Src/stm32l4xx_hal_spi.o
                0x0000000008004416                HAL_SPI_Transmit
 *fill*         0x00000000080046f2        0x2 
 .text.HAL_SPI_Transmit_DMA
                0x00000000080046f4      0x1e8 ./Drivers/STM32L4xx_HAL_Driver/Src/stm32l4xx_hal_spi.o
                0x00000000080046f4                HAL_SPI_Transmit_DMA
 .text.HAL_SPI_TxHalfCpltCallback
                0x00000000080048dc       0x14 ./Drivers/STM32L4xx_HAL_Driver/Src/stm32l4xx_hal_spi.o
                0x00000000080048dc                HAL_SPI_TxHalfCpltCallback
 .text.HAL_SPI_ErrorCallback
                0x00000000080048f0       0x14 ./Drivers/STM32L4xx_HAL_Driver/Src/stm32l4xx_hal_spi.o
                0x00000000080048f0                HAL_SPI_ErrorCallback
 .text.HAL_SPI_GetState
                0x0000000008004904       0x1c ./Drivers/STM32L4xx_HAL_Driver/Src/stm32l4xx_hal_spi.o
                0x0000000008004904                HAL_SPI_GetState
 .text.SPI_DMATransmitCplt
                0x0000000008004920       0xa6 ./Drivers/STM32L4xx_HAL_Driver/Src/stm32l4xx_hal_spi.o
 .text.SPI_DMAHalfTransmitCplt
                0x00000000080049c6       0x1c ./Drivers/STM32L4xx_HAL_Driver/Src/stm32l4xx_hal_spi.o
 .text.SPI_DMAError
                0x00000000080049e2       0x40 ./Drivers/STM32L4xx_HAL_Driver/Src/stm32l4xx_hal_spi.o
 *fill*         0x0000000008004a22        0x2 
 .text.SPI_WaitFlagStateUntilTimeout
                0x0000000008004a24      0x110 ./Drivers/STM32L4xx_HAL_Driver/Src/stm32l4xx_hal_spi.o
 .text.SPI_WaitFifoStateUntilTimeout
                0x0000000008004b34      0x12c ./Drivers/STM32L4xx_HAL_Driver/Src/stm32l4xx_hal_spi.o
 .text.SPI_EndRxTxTransaction
                0x0000000008004c60       0x8c ./Drivers/STM32L4xx_HAL_Driver/Src/stm32l4xx_hal_spi.o
 .text.HAL_TIM_Base_Init
                0x0000000008004cec       0xae ./Drivers/STM32L4xx_HAL_Driver/Src/stm32l4xx_hal_tim.o
                0x0000000008004cec                HAL_TIM_Base_Init
 *fill*         0x0000000008004d9a        0x2 
 .text.HAL_TIM_Base_Start_IT
                0x0000000008004d9c       0xe0 ./Drivers/STM32L4xx_HAL_Driver/Src/stm32l4xx_hal_tim.o
                0x0000000008004d9c                HAL_TIM_Base_Start_IT
 .text.HAL_TIM_PWM_Init
                0x0000000008004e7c       0xae ./Drivers/STM32L4xx_HAL_Driver/Src/stm32l4xx_hal_tim.o
                0x0000000008004e7c                HAL_TIM_PWM_Init
 .text.HAL_TIM_PWM_MspInit
                0x0000000008004f2a       0x14 ./Drivers/STM32L4xx_HAL_Driver/Src/stm32l4xx_hal_tim.o
                0x0000000008004f2a                HAL_TIM_PWM_MspInit
 *fill*         0x0000000008004f3e        0x2 
 .text.HAL_TIM_PWM_Start
                0x0000000008004f40      0x20c ./Drivers/STM32L4xx_HAL_Driver/Src/stm32l4xx_hal_tim.o
                0x0000000008004f40                HAL_TIM_PWM_Start
 .text.HAL_TIM_IC_Init
                0x000000000800514c       0xae ./Drivers/STM32L4xx_HAL_Driver/Src/stm32l4xx_hal_tim.o
                0x000000000800514c                HAL_TIM_IC_Init
 .text.HAL_TIM_IC_MspInit
                0x00000000080051fa       0x14 ./Drivers/STM32L4xx_HAL_Driver/Src/stm32l4xx_hal_tim.o
                0x00000000080051fa                HAL_TIM_IC_MspInit
 *fill*         0x000000000800520e        0x2 
 .text.HAL_TIM_IC_Start
                0x0000000008005210      0x1f8 ./Drivers/STM32L4xx_HAL_Driver/Src/stm32l4xx_hal_tim.o
                0x0000000008005210                HAL_TIM_IC_Start
 .text.HAL_TIM_IRQHandler
                0x0000000008005408      0x23e ./Drivers/STM32L4xx_HAL_Driver/Src/stm32l4xx_hal_tim.o
                0x0000000008005408                HAL_TIM_IRQHandler
 .text.HAL_TIM_IC_ConfigChannel
                0x0000000008005646      0x138 ./Drivers/STM32L4xx_HAL_Driver/Src/stm32l4xx_hal_tim.o
                0x0000000008005646                HAL_TIM_IC_ConfigChannel
 *fill*         0x000000000800577e        0x2 
 .text.HAL_TIM_PWM_ConfigChannel
                0x0000000008005780      0x228 ./Drivers/STM32L4xx_HAL_Driver/Src/stm32l4xx_hal_tim.o
                0x0000000008005780                HAL_TIM_PWM_ConfigChannel
 .text.HAL_TIM_ConfigClockSource
                0x00000000080059a8      0x192 ./Drivers/STM32L4xx_HAL_Driver/Src/stm32l4xx_hal_tim.o
                0x00000000080059a8                HAL_TIM_ConfigClockSource
 *fill*         0x0000000008005b3a        0x2 
 .text.HAL_TIM_ReadCapturedValue
                0x0000000008005b3c       0x88 ./Drivers/STM32L4xx_HAL_Driver/Src/stm32l4xx_hal_tim.o
                0x0000000008005b3c                HAL_TIM_ReadCapturedValue
 .text.HAL_TIM_OC_DelayElapsedCallback
                0x0000000008005bc4       0x14 ./Drivers/STM32L4xx_HAL_Driver/Src/stm32l4xx_hal_tim.o
                0x0000000008005bc4                HAL_TIM_OC_DelayElapsedCallback
 .text.HAL_TIM_IC_CaptureCallback
                0x0000000008005bd8       0x14 ./Drivers/STM32L4xx_HAL_Driver/Src/stm32l4xx_hal_tim.o
                0x0000000008005bd8                HAL_TIM_IC_CaptureCallback
 .text.HAL_TIM_PWM_PulseFinishedCallback
                0x0000000008005bec       0x14 ./Drivers/STM32L4xx_HAL_Driver/Src/stm32l4xx_hal_tim.o
                0x0000000008005bec                HAL_TIM_PWM_PulseFinishedCallback
 .text.HAL_TIM_TriggerCallback
                0x0000000008005c00       0x14 ./Drivers/STM32L4xx_HAL_Driver/Src/stm32l4xx_hal_tim.o
                0x0000000008005c00                HAL_TIM_TriggerCallback
 .text.TIM_Base_SetConfig
                0x0000000008005c14      0x134 ./Drivers/STM32L4xx_HAL_Driver/Src/stm32l4xx_hal_tim.o
                0x0000000008005c14                TIM_Base_SetConfig
 .text.TIM_OC1_SetConfig
                0x0000000008005d48      0x120 ./Drivers/STM32L4xx_HAL_Driver/Src/stm32l4xx_hal_tim.o
 .text.TIM_OC2_SetConfig
                0x0000000008005e68      0x114 ./Drivers/STM32L4xx_HAL_Driver/Src/stm32l4xx_hal_tim.o
                0x0000000008005e68                TIM_OC2_SetConfig
 .text.TIM_OC3_SetConfig
                0x0000000008005f7c      0x110 ./Drivers/STM32L4xx_HAL_Driver/Src/stm32l4xx_hal_tim.o
 .text.TIM_OC4_SetConfig
                0x000000000800608c       0xd4 ./Drivers/STM32L4xx_HAL_Driver/Src/stm32l4xx_hal_tim.o
 .text.TIM_OC5_SetConfig
                0x0000000008006160       0xc8 ./Drivers/STM32L4xx_HAL_Driver/Src/stm32l4xx_hal_tim.o
 .text.TIM_OC6_SetConfig
                0x0000000008006228       0xcc ./Drivers/STM32L4xx_HAL_Driver/Src/stm32l4xx_hal_tim.o
 .text.TIM_TI1_SetConfig
                0x00000000080062f4       0xdc ./Drivers/STM32L4xx_HAL_Driver/Src/stm32l4xx_hal_tim.o
                0x00000000080062f4                TIM_TI1_SetConfig
 .text.TIM_TI1_ConfigInputStage
                0x00000000080063d0       0x5e ./Drivers/STM32L4xx_HAL_Driver/Src/stm32l4xx_hal_tim.o
 .text.TIM_TI2_SetConfig
                0x000000000800642e       0x7a ./Drivers/STM32L4xx_HAL_Driver/Src/stm32l4xx_hal_tim.o
 .text.TIM_TI2_ConfigInputStage
                0x00000000080064a8       0x60 ./Drivers/STM32L4xx_HAL_Driver/Src/stm32l4xx_hal_tim.o
 .text.TIM_TI3_SetConfig
                0x0000000008006508       0x78 ./Drivers/STM32L4xx_HAL_Driver/Src/stm32l4xx_hal_tim.o
 .text.TIM_TI4_SetConfig
                0x0000000008006580       0x7a ./Drivers/STM32L4xx_HAL_Driver/Src/stm32l4xx_hal_tim.o
 .text.TIM_ITRx_SetConfig
                0x00000000080065fa       0x36 ./Drivers/STM32L4xx_HAL_Driver/Src/stm32l4xx_hal_tim.o
 .text.TIM_ETR_SetConfig
                0x0000000008006630       0x40 ./Drivers/STM32L4xx_HAL_Driver/Src/stm32l4xx_hal_tim.o
                0x0000000008006630                TIM_ETR_SetConfig
 .text.TIM_CCxChannelCmd
                0x0000000008006670       0x4a ./Drivers/STM32L4xx_HAL_Driver/Src/stm32l4xx_hal_tim.o
                0x0000000008006670                TIM_CCxChannelCmd
 *fill*         0x00000000080066ba        0x2 
 .text.HAL_TIMEx_MasterConfigSynchronization
                0x00000000080066bc      0x110 ./Drivers/STM32L4xx_HAL_Driver/Src/stm32l4xx_hal_tim_ex.o
                0x00000000080066bc                HAL_TIMEx_MasterConfigSynchronization
 .text.HAL_TIMEx_CommutCallback
                0x00000000080067cc       0x14 ./Drivers/STM32L4xx_HAL_Driver/Src/stm32l4xx_hal_tim_ex.o
                0x00000000080067cc                HAL_TIMEx_CommutCallback
 .text.HAL_TIMEx_BreakCallback
                0x00000000080067e0       0x14 ./Drivers/STM32L4xx_HAL_Driver/Src/stm32l4xx_hal_tim_ex.o
                0x00000000080067e0                HAL_TIMEx_BreakCallback
 .text.HAL_TIMEx_Break2Callback
                0x00000000080067f4       0x14 ./Drivers/STM32L4xx_HAL_Driver/Src/stm32l4xx_hal_tim_ex.o
                0x00000000080067f4                HAL_TIMEx_Break2Callback
 .text.HAL_UART_Init
                0x0000000008006808       0x9c ./Drivers/STM32L4xx_HAL_Driver/Src/stm32l4xx_hal_uart.o
                0x0000000008006808                HAL_UART_Init
 .text.UART_SetConfig
                0x00000000080068a4      0x570 ./Drivers/STM32L4xx_HAL_Driver/Src/stm32l4xx_hal_uart.o
                0x00000000080068a4                UART_SetConfig
 .text.UART_AdvFeatureConfig
                0x0000000008006e14      0x144 ./Drivers/STM32L4xx_HAL_Driver/Src/stm32l4xx_hal_uart.o
                0x0000000008006e14                UART_AdvFeatureConfig
 .text.UART_CheckIdleState
                0x0000000008006f58       0x92 ./Drivers/STM32L4xx_HAL_Driver/Src/stm32l4xx_hal_uart.o
                0x0000000008006f58                UART_CheckIdleState
 .text.UART_WaitOnFlagUntilTimeout
                0x0000000008006fea      0x188 ./Drivers/STM32L4xx_HAL_Driver/Src/stm32l4xx_hal_uart.o
                0x0000000008006fea                UART_WaitOnFlagUntilTimeout
 *fill*         0x0000000008007172        0x2 
 .text.hagl_init
                0x0000000008007174       0x48 ./hagl/src/hagl.o
                0x0000000008007174                hagl_init
 .text.hagl_draw_hline
                0x00000000080071bc       0x38 ./hagl/src/hagl_circle.o
 .text.hagl_draw_circle
                0x00000000080071f4      0x266 ./hagl/src/hagl_circle.o
                0x00000000080071f4                hagl_draw_circle
 .text.hagl_fill_circle
                0x000000000800745a      0x13e ./hagl/src/hagl_circle.o
                0x000000000800745a                hagl_fill_circle
 .text.code     0x0000000008007598       0x74 ./hagl/src/hagl_clip.o
 .text.hagl_clip_line
                0x000000000800760c      0x236 ./hagl/src/hagl_clip.o
                0x000000000800760c                hagl_clip_line
 .text.hagl_set_clip
                0x0000000008007842       0x42 ./hagl/src/hagl_clip.o
                0x0000000008007842                hagl_set_clip
 .text.hagl_draw_hline_xyw
                0x0000000008007884       0xf2 ./hagl/src/hagl_hline.o
                0x0000000008007884                hagl_draw_hline_xyw
 .text.hagl_draw_line
                0x0000000008007976      0x158 ./hagl/src/hagl_line.o
                0x0000000008007976                hagl_draw_line
 .text.hagl_put_pixel
                0x0000000008007ace       0x68 ./hagl/src/hagl_pixel.o
                0x0000000008007ace                hagl_put_pixel
 *fill*         0x0000000008007b36        0x2 
 .text.__errno  0x0000000008007b38        0xc c:/st/stm32cubeide_1.11.0/stm32cubeide/plugins/com.st.stm32cube.ide.mcu.externaltools.gnu-tools-for-stm32.10.3-2021.10.win32_1.0.100.202210260954/tools/bin/../lib/gcc/arm-none-eabi/10.3.1/../../../../arm-none-eabi/lib/thumb/v7e-m+fp/hard\libc_nano.a(lib_a-errno.o)
                0x0000000008007b38                __errno
 .text.__libc_init_array
                0x0000000008007b44       0x48 c:/st/stm32cubeide_1.11.0/stm32cubeide/plugins/com.st.stm32cube.ide.mcu.externaltools.gnu-tools-for-stm32.10.3-2021.10.win32_1.0.100.202210260954/tools/bin/../lib/gcc/arm-none-eabi/10.3.1/../../../../arm-none-eabi/lib/thumb/v7e-m+fp/hard\libc_nano.a(lib_a-init.o)
                0x0000000008007b44                __libc_init_array
 .text.memset   0x0000000008007b8c       0x10 c:/st/stm32cubeide_1.11.0/stm32cubeide/plugins/com.st.stm32cube.ide.mcu.externaltools.gnu-tools-for-stm32.10.3-2021.10.win32_1.0.100.202210260954/tools/bin/../lib/gcc/arm-none-eabi/10.3.1/../../../../arm-none-eabi/lib/thumb/v7e-m+fp/hard\libc_nano.a(lib_a-memset.o)
                0x0000000008007b8c                memset
 *fill*         0x0000000008007b9c        0x4 
 .text.sin      0x0000000008007ba0       0xb0 c:/st/stm32cubeide_1.11.0/stm32cubeide/plugins/com.st.stm32cube.ide.mcu.externaltools.gnu-tools-for-stm32.10.3-2021.10.win32_1.0.100.202210260954/tools/bin/../lib/gcc/arm-none-eabi/10.3.1/../../../../arm-none-eabi/lib/thumb/v7e-m+fp/hard\libm.a(lib_a-s_sin.o)
                0x0000000008007ba0                sin
 .text.pow      0x0000000008007c50       0xe0 c:/st/stm32cubeide_1.11.0/stm32cubeide/plugins/com.st.stm32cube.ide.mcu.externaltools.gnu-tools-for-stm32.10.3-2021.10.win32_1.0.100.202210260954/tools/bin/../lib/gcc/arm-none-eabi/10.3.1/../../../../arm-none-eabi/lib/thumb/v7e-m+fp/hard\libm.a(lib_a-w_pow.o)
                0x0000000008007c50                pow
 .text.sqrt     0x0000000008007d30       0x58 c:/st/stm32cubeide_1.11.0/stm32cubeide/plugins/com.st.stm32cube.ide.mcu.externaltools.gnu-tools-for-stm32.10.3-2021.10.win32_1.0.100.202210260954/tools/bin/../lib/gcc/arm-none-eabi/10.3.1/../../../../arm-none-eabi/lib/thumb/v7e-m+fp/hard\libm.a(lib_a-w_sqrt.o)
                0x0000000008007d30                sqrt
 .text.__ieee754_pow
                0x0000000008007d88      0xa5c c:/st/stm32cubeide_1.11.0/stm32cubeide/plugins/com.st.stm32cube.ide.mcu.externaltools.gnu-tools-for-stm32.10.3-2021.10.win32_1.0.100.202210260954/tools/bin/../lib/gcc/arm-none-eabi/10.3.1/../../../../arm-none-eabi/lib/thumb/v7e-m+fp/hard\libm.a(lib_a-e_pow.o)
                0x0000000008007d88                __ieee754_pow
 *fill*         0x00000000080087e4        0x4 
 .text.__ieee754_rem_pio2
                0x00000000080087e8      0x418 c:/st/stm32cubeide_1.11.0/stm32cubeide/plugins/com.st.stm32cube.ide.mcu.externaltools.gnu-tools-for-stm32.10.3-2021.10.win32_1.0.100.202210260954/tools/bin/../lib/gcc/arm-none-eabi/10.3.1/../../../../arm-none-eabi/lib/thumb/v7e-m+fp/hard\libm.a(lib_a-e_rem_pio2.o)
                0x00000000080087e8                __ieee754_rem_pio2
 .text.__ieee754_sqrt
                0x0000000008008c00      0x164 c:/st/stm32cubeide_1.11.0/stm32cubeide/plugins/com.st.stm32cube.ide.mcu.externaltools.gnu-tools-for-stm32.10.3-2021.10.win32_1.0.100.202210260954/tools/bin/../lib/gcc/arm-none-eabi/10.3.1/../../../../arm-none-eabi/lib/thumb/v7e-m+fp/hard\libm.a(lib_a-e_sqrt.o)
                0x0000000008008c00                __ieee754_sqrt
 *fill*         0x0000000008008d64        0x4 
 .text.__kernel_cos
                0x0000000008008d68      0x18c c:/st/stm32cubeide_1.11.0/stm32cubeide/plugins/com.st.stm32cube.ide.mcu.externaltools.gnu-tools-for-stm32.10.3-2021.10.win32_1.0.100.202210260954/tools/bin/../lib/gcc/arm-none-eabi/10.3.1/../../../../arm-none-eabi/lib/thumb/v7e-m+fp/hard\libm.a(lib_a-k_cos.o)
                0x0000000008008d68                __kernel_cos
 *fill*         0x0000000008008ef4        0x4 
 .text.__kernel_rem_pio2
                0x0000000008008ef8      0x69c c:/st/stm32cubeide_1.11.0/stm32cubeide/plugins/com.st.stm32cube.ide.mcu.externaltools.gnu-tools-for-stm32.10.3-2021.10.win32_1.0.100.202210260954/tools/bin/../lib/gcc/arm-none-eabi/10.3.1/../../../../arm-none-eabi/lib/thumb/v7e-m+fp/hard\libm.a(lib_a-k_rem_pio2.o)
                0x0000000008008ef8                __kernel_rem_pio2
 *fill*         0x0000000008009594        0x4 
 .text.__kernel_sin
                0x0000000008009598      0x17c c:/st/stm32cubeide_1.11.0/stm32cubeide/plugins/com.st.stm32cube.ide.mcu.externaltools.gnu-tools-for-stm32.10.3-2021.10.win32_1.0.100.202210260954/tools/bin/../lib/gcc/arm-none-eabi/10.3.1/../../../../arm-none-eabi/lib/thumb/v7e-m+fp/hard\libm.a(lib_a-k_sin.o)
                0x0000000008009598                __kernel_sin
 .text.with_errno
                0x0000000008009714       0x14 c:/st/stm32cubeide_1.11.0/stm32cubeide/plugins/com.st.stm32cube.ide.mcu.externaltools.gnu-tools-for-stm32.10.3-2021.10.win32_1.0.100.202210260954/tools/bin/../lib/gcc/arm-none-eabi/10.3.1/../../../../arm-none-eabi/lib/thumb/v7e-m+fp/hard\libm.a(lib_a-math_err.o)
 .text.xflow    0x0000000008009728       0x28 c:/st/stm32cubeide_1.11.0/stm32cubeide/plugins/com.st.stm32cube.ide.mcu.externaltools.gnu-tools-for-stm32.10.3-2021.10.win32_1.0.100.202210260954/tools/bin/../lib/gcc/arm-none-eabi/10.3.1/../../../../arm-none-eabi/lib/thumb/v7e-m+fp/hard\libm.a(lib_a-math_err.o)
 .text.__math_uflow
                0x0000000008009750       0x12 c:/st/stm32cubeide_1.11.0/stm32cubeide/plugins/com.st.stm32cube.ide.mcu.externaltools.gnu-tools-for-stm32.10.3-2021.10.win32_1.0.100.202210260954/tools/bin/../lib/gcc/arm-none-eabi/10.3.1/../../../../arm-none-eabi/lib/thumb/v7e-m+fp/hard\libm.a(lib_a-math_err.o)
                0x0000000008009750                __math_uflow
 .text.__math_oflow
                0x0000000008009762       0x12 c:/st/stm32cubeide_1.11.0/stm32cubeide/plugins/com.st.stm32cube.ide.mcu.externaltools.gnu-tools-for-stm32.10.3-2021.10.win32_1.0.100.202210260954/tools/bin/../lib/gcc/arm-none-eabi/10.3.1/../../../../arm-none-eabi/lib/thumb/v7e-m+fp/hard\libm.a(lib_a-math_err.o)
                0x0000000008009762                __math_oflow
 .text.fabs     0x0000000008009774       0x12 c:/st/stm32cubeide_1.11.0/stm32cubeide/plugins/com.st.stm32cube.ide.mcu.externaltools.gnu-tools-for-stm32.10.3-2021.10.win32_1.0.100.202210260954/tools/bin/../lib/gcc/arm-none-eabi/10.3.1/../../../../arm-none-eabi/lib/thumb/v7e-m+fp/hard\libm.a(lib_a-s_fabs.o)
                0x0000000008009774                fabs
 .text.finite   0x0000000008009786       0x16 c:/st/stm32cubeide_1.11.0/stm32cubeide/plugins/com.st.stm32cube.ide.mcu.externaltools.gnu-tools-for-stm32.10.3-2021.10.win32_1.0.100.202210260954/tools/bin/../lib/gcc/arm-none-eabi/10.3.1/../../../../arm-none-eabi/lib/thumb/v7e-m+fp/hard\libm.a(lib_a-s_finite.o)
                0x0000000008009786                finite
 *fill*         0x000000000800979c        0x4 
 .text.floor    0x00000000080097a0      0x100 c:/st/stm32cubeide_1.11.0/stm32cubeide/plugins/com.st.stm32cube.ide.mcu.externaltools.gnu-tools-for-stm32.10.3-2021.10.win32_1.0.100.202210260954/tools/bin/../lib/gcc/arm-none-eabi/10.3.1/../../../../arm-none-eabi/lib/thumb/v7e-m+fp/hard\libm.a(lib_a-s_floor.o)
                0x00000000080097a0                floor
 .text.scalbn   0x00000000080098a0      0x10c c:/st/stm32cubeide_1.11.0/stm32cubeide/plugins/com.st.stm32cube.ide.mcu.externaltools.gnu-tools-for-stm32.10.3-2021.10.win32_1.0.100.202210260954/tools/bin/../lib/gcc/arm-none-eabi/10.3.1/../../../../arm-none-eabi/lib/thumb/v7e-m+fp/hard\libm.a(lib_a-s_scalbn.o)
                0x00000000080098a0                scalbn
 *(.glue_7)
 .glue_7        0x00000000080099ac        0x0 linker stubs
 *(.glue_7t)
 .glue_7t       0x00000000080099ac        0x0 linker stubs
 *(.eh_frame)
 .eh_frame      0x00000000080099ac        0x0 c:/st/stm32cubeide_1.11.0/stm32cubeide/plugins/com.st.stm32cube.ide.mcu.externaltools.gnu-tools-for-stm32.10.3-2021.10.win32_1.0.100.202210260954/tools/bin/../lib/gcc/arm-none-eabi/10.3.1/thumb/v7e-m+fp/hard/crtbegin.o
 *(.init)
 .init          0x00000000080099ac        0x4 c:/st/stm32cubeide_1.11.0/stm32cubeide/plugins/com.st.stm32cube.ide.mcu.externaltools.gnu-tools-for-stm32.10.3-2021.10.win32_1.0.100.202210260954/tools/bin/../lib/gcc/arm-none-eabi/10.3.1/thumb/v7e-m+fp/hard/crti.o
                0x00000000080099ac                _init
 .init          0x00000000080099b0        0x8 c:/st/stm32cubeide_1.11.0/stm32cubeide/plugins/com.st.stm32cube.ide.mcu.externaltools.gnu-tools-for-stm32.10.3-2021.10.win32_1.0.100.202210260954/tools/bin/../lib/gcc/arm-none-eabi/10.3.1/thumb/v7e-m+fp/hard/crtn.o
 *(.fini)
 .fini          0x00000000080099b8        0x4 c:/st/stm32cubeide_1.11.0/stm32cubeide/plugins/com.st.stm32cube.ide.mcu.externaltools.gnu-tools-for-stm32.10.3-2021.10.win32_1.0.100.202210260954/tools/bin/../lib/gcc/arm-none-eabi/10.3.1/thumb/v7e-m+fp/hard/crti.o
                0x00000000080099b8                _fini
 .fini          0x00000000080099bc        0x8 c:/st/stm32cubeide_1.11.0/stm32cubeide/plugins/com.st.stm32cube.ide.mcu.externaltools.gnu-tools-for-stm32.10.3-2021.10.win32_1.0.100.202210260954/tools/bin/../lib/gcc/arm-none-eabi/10.3.1/thumb/v7e-m+fp/hard/crtn.o
                0x00000000080099c4                . = ALIGN (0x4)
                0x00000000080099c4                _etext = .

.vfp11_veneer   0x00000000080099c4        0x0
 .vfp11_veneer  0x00000000080099c4        0x0 linker stubs

.v4_bx          0x00000000080099c4        0x0
 .v4_bx         0x00000000080099c4        0x0 linker stubs

.iplt           0x00000000080099c4        0x0
 .iplt          0x00000000080099c4        0x0 c:/st/stm32cubeide_1.11.0/stm32cubeide/plugins/com.st.stm32cube.ide.mcu.externaltools.gnu-tools-for-stm32.10.3-2021.10.win32_1.0.100.202210260954/tools/bin/../lib/gcc/arm-none-eabi/10.3.1/thumb/v7e-m+fp/hard/crtbegin.o

.rodata         0x00000000080099c8      0x348
                0x00000000080099c8                . = ALIGN (0x4)
 *(.rodata)
 *(.rodata*)
 .rodata.init_table
                0x00000000080099c8       0x98 ./Core/Src/lcd.o
 .rodata.AHBPrescTable
                0x0000000008009a60       0x10 ./Core/Src/system_stm32l4xx.o
                0x0000000008009a60                AHBPrescTable
 .rodata.APBPrescTable
                0x0000000008009a70        0x8 ./Core/Src/system_stm32l4xx.o
                0x0000000008009a70                APBPrescTable
 .rodata.MSIRangeTable
                0x0000000008009a78       0x30 ./Core/Src/system_stm32l4xx.o
                0x0000000008009a78                MSIRangeTable
 .rodata.__sf_fake_stderr
                0x0000000008009aa8       0x20 c:/st/stm32cubeide_1.11.0/stm32cubeide/plugins/com.st.stm32cube.ide.mcu.externaltools.gnu-tools-for-stm32.10.3-2021.10.win32_1.0.100.202210260954/tools/bin/../lib/gcc/arm-none-eabi/10.3.1/../../../../arm-none-eabi/lib/thumb/v7e-m+fp/hard\libc_nano.a(lib_a-findfp.o)
                0x0000000008009aa8                __sf_fake_stderr
 .rodata.__sf_fake_stdin
                0x0000000008009ac8       0x20 c:/st/stm32cubeide_1.11.0/stm32cubeide/plugins/com.st.stm32cube.ide.mcu.externaltools.gnu-tools-for-stm32.10.3-2021.10.win32_1.0.100.202210260954/tools/bin/../lib/gcc/arm-none-eabi/10.3.1/../../../../arm-none-eabi/lib/thumb/v7e-m+fp/hard\libc_nano.a(lib_a-findfp.o)
                0x0000000008009ac8                __sf_fake_stdin
 .rodata.__sf_fake_stdout
                0x0000000008009ae8       0x20 c:/st/stm32cubeide_1.11.0/stm32cubeide/plugins/com.st.stm32cube.ide.mcu.externaltools.gnu-tools-for-stm32.10.3-2021.10.win32_1.0.100.202210260954/tools/bin/../lib/gcc/arm-none-eabi/10.3.1/../../../../arm-none-eabi/lib/thumb/v7e-m+fp/hard\libc_nano.a(lib_a-findfp.o)
                0x0000000008009ae8                __sf_fake_stdout
 .rodata.bp     0x0000000008009b08       0x10 c:/st/stm32cubeide_1.11.0/stm32cubeide/plugins/com.st.stm32cube.ide.mcu.externaltools.gnu-tools-for-stm32.10.3-2021.10.win32_1.0.100.202210260954/tools/bin/../lib/gcc/arm-none-eabi/10.3.1/../../../../arm-none-eabi/lib/thumb/v7e-m+fp/hard\libm.a(lib_a-e_pow.o)
 .rodata.dp_h   0x0000000008009b18       0x10 c:/st/stm32cubeide_1.11.0/stm32cubeide/plugins/com.st.stm32cube.ide.mcu.externaltools.gnu-tools-for-stm32.10.3-2021.10.win32_1.0.100.202210260954/tools/bin/../lib/gcc/arm-none-eabi/10.3.1/../../../../arm-none-eabi/lib/thumb/v7e-m+fp/hard\libm.a(lib_a-e_pow.o)
 .rodata.dp_l   0x0000000008009b28       0x10 c:/st/stm32cubeide_1.11.0/stm32cubeide/plugins/com.st.stm32cube.ide.mcu.externaltools.gnu-tools-for-stm32.10.3-2021.10.win32_1.0.100.202210260954/tools/bin/../lib/gcc/arm-none-eabi/10.3.1/../../../../arm-none-eabi/lib/thumb/v7e-m+fp/hard\libm.a(lib_a-e_pow.o)
 .rodata.npio2_hw
                0x0000000008009b38       0x80 c:/st/stm32cubeide_1.11.0/stm32cubeide/plugins/com.st.stm32cube.ide.mcu.externaltools.gnu-tools-for-stm32.10.3-2021.10.win32_1.0.100.202210260954/tools/bin/../lib/gcc/arm-none-eabi/10.3.1/../../../../arm-none-eabi/lib/thumb/v7e-m+fp/hard\libm.a(lib_a-e_rem_pio2.o)
 .rodata.two_over_pi
                0x0000000008009bb8      0x108 c:/st/stm32cubeide_1.11.0/stm32cubeide/plugins/com.st.stm32cube.ide.mcu.externaltools.gnu-tools-for-stm32.10.3-2021.10.win32_1.0.100.202210260954/tools/bin/../lib/gcc/arm-none-eabi/10.3.1/../../../../arm-none-eabi/lib/thumb/v7e-m+fp/hard\libm.a(lib_a-e_rem_pio2.o)
 .rodata.PIo2   0x0000000008009cc0       0x40 c:/st/stm32cubeide_1.11.0/stm32cubeide/plugins/com.st.stm32cube.ide.mcu.externaltools.gnu-tools-for-stm32.10.3-2021.10.win32_1.0.100.202210260954/tools/bin/../lib/gcc/arm-none-eabi/10.3.1/../../../../arm-none-eabi/lib/thumb/v7e-m+fp/hard\libm.a(lib_a-k_rem_pio2.o)
 .rodata.init_jk
                0x0000000008009d00       0x10 c:/st/stm32cubeide_1.11.0/stm32cubeide/plugins/com.st.stm32cube.ide.mcu.externaltools.gnu-tools-for-stm32.10.3-2021.10.win32_1.0.100.202210260954/tools/bin/../lib/gcc/arm-none-eabi/10.3.1/../../../../arm-none-eabi/lib/thumb/v7e-m+fp/hard\libm.a(lib_a-k_rem_pio2.o)
                0x0000000008009d10                . = ALIGN (0x4)

.ARM.extab      0x0000000008009d10        0x0
                0x0000000008009d10                . = ALIGN (0x4)
 *(.ARM.extab* .gnu.linkonce.armextab.*)
                0x0000000008009d10                . = ALIGN (0x4)

.ARM            0x0000000008009d10        0x8
                0x0000000008009d10                . = ALIGN (0x4)
                0x0000000008009d10                __exidx_start = .
 *(.ARM.exidx*)
 .ARM.exidx     0x0000000008009d10        0x8 c:/st/stm32cubeide_1.11.0/stm32cubeide/plugins/com.st.stm32cube.ide.mcu.externaltools.gnu-tools-for-stm32.10.3-2021.10.win32_1.0.100.202210260954/tools/bin/../lib/gcc/arm-none-eabi/10.3.1/thumb/v7e-m+fp/hard\libgcc.a(_udivmoddi4.o)
                0x0000000008009d18                __exidx_end = .
                0x0000000008009d18                . = ALIGN (0x4)

.rel.dyn        0x0000000008009d18        0x0
 .rel.iplt      0x0000000008009d18        0x0 c:/st/stm32cubeide_1.11.0/stm32cubeide/plugins/com.st.stm32cube.ide.mcu.externaltools.gnu-tools-for-stm32.10.3-2021.10.win32_1.0.100.202210260954/tools/bin/../lib/gcc/arm-none-eabi/10.3.1/thumb/v7e-m+fp/hard/crtbegin.o

.preinit_array  0x0000000008009d18        0x0
                0x0000000008009d18                . = ALIGN (0x4)
                0x0000000008009d18                PROVIDE (__preinit_array_start = .)
 *(.preinit_array*)
                0x0000000008009d18                PROVIDE (__preinit_array_end = .)
                0x0000000008009d18                . = ALIGN (0x4)

.init_array     0x0000000008009d18        0x4
                0x0000000008009d18                . = ALIGN (0x4)
                0x0000000008009d18                PROVIDE (__init_array_start = .)
 *(SORT_BY_NAME(.init_array.*))
 *(.init_array*)
 .init_array    0x0000000008009d18        0x4 c:/st/stm32cubeide_1.11.0/stm32cubeide/plugins/com.st.stm32cube.ide.mcu.externaltools.gnu-tools-for-stm32.10.3-2021.10.win32_1.0.100.202210260954/tools/bin/../lib/gcc/arm-none-eabi/10.3.1/thumb/v7e-m+fp/hard/crtbegin.o
                0x0000000008009d1c                PROVIDE (__init_array_end = .)
                0x0000000008009d1c                . = ALIGN (0x4)

.fini_array     0x0000000008009d1c        0x4
                0x0000000008009d1c                . = ALIGN (0x4)
                [!provide]                        PROVIDE (__fini_array_start = .)
 *(SORT_BY_NAME(.fini_array.*))
 *(.fini_array*)
 .fini_array    0x0000000008009d1c        0x4 c:/st/stm32cubeide_1.11.0/stm32cubeide/plugins/com.st.stm32cube.ide.mcu.externaltools.gnu-tools-for-stm32.10.3-2021.10.win32_1.0.100.202210260954/tools/bin/../lib/gcc/arm-none-eabi/10.3.1/thumb/v7e-m+fp/hard/crtbegin.o
                [!provide]                        PROVIDE (__fini_array_end = .)
                0x0000000008009d20                . = ALIGN (0x4)
                0x0000000008009d20                _sidata = LOADADDR (.data)

.data           0x0000000020000000       0x74 load address 0x0000000008009d20
                0x0000000020000000                . = ALIGN (0x4)
                0x0000000020000000                _sdata = .
 *(.data)
 *(.data*)
 .data.pulse_width
                0x0000000020000000        0x4 ./Core/Src/main.o
                0x0000000020000000                pulse_width
 .data.SystemCoreClock
                0x0000000020000004        0x4 ./Core/Src/system_stm32l4xx.o
                0x0000000020000004                SystemCoreClock
 .data.uwTickPrio
                0x0000000020000008        0x4 ./Drivers/STM32L4xx_HAL_Driver/Src/stm32l4xx_hal.o
                0x0000000020000008                uwTickPrio
 .data.uwTickFreq
                0x000000002000000c        0x1 ./Drivers/STM32L4xx_HAL_Driver/Src/stm32l4xx_hal.o
                0x000000002000000c                uwTickFreq
 *fill*         0x000000002000000d        0x3 
 .data._impure_ptr
                0x0000000020000010        0x4 c:/st/stm32cubeide_1.11.0/stm32cubeide/plugins/com.st.stm32cube.ide.mcu.externaltools.gnu-tools-for-stm32.10.3-2021.10.win32_1.0.100.202210260954/tools/bin/../lib/gcc/arm-none-eabi/10.3.1/../../../../arm-none-eabi/lib/thumb/v7e-m+fp/hard\libc_nano.a(lib_a-impure.o)
                0x0000000020000010                _impure_ptr
 .data.impure_data
                0x0000000020000014       0x60 c:/st/stm32cubeide_1.11.0/stm32cubeide/plugins/com.st.stm32cube.ide.mcu.externaltools.gnu-tools-for-stm32.10.3-2021.10.win32_1.0.100.202210260954/tools/bin/../lib/gcc/arm-none-eabi/10.3.1/../../../../arm-none-eabi/lib/thumb/v7e-m+fp/hard\libc_nano.a(lib_a-impure.o)
 *(.RamFunc)
 *(.RamFunc*)
                0x0000000020000074                . = ALIGN (0x4)
                0x0000000020000074                _edata = .

.igot.plt       0x0000000020000074        0x0 load address 0x0000000008009d94
 .igot.plt      0x0000000020000074        0x0 c:/st/stm32cubeide_1.11.0/stm32cubeide/plugins/com.st.stm32cube.ide.mcu.externaltools.gnu-tools-for-stm32.10.3-2021.10.win32_1.0.100.202210260954/tools/bin/../lib/gcc/arm-none-eabi/10.3.1/thumb/v7e-m+fp/hard/crtbegin.o
                0x0000000020000074                . = ALIGN (0x4)

.bss            0x0000000020000074     0xa278 load address 0x0000000008009d94
                0x0000000020000074                _sbss = .
                0x0000000020000074                __bss_start__ = _sbss
 *(.bss)
 .bss           0x0000000020000074       0x1c c:/st/stm32cubeide_1.11.0/stm32cubeide/plugins/com.st.stm32cube.ide.mcu.externaltools.gnu-tools-for-stm32.10.3-2021.10.win32_1.0.100.202210260954/tools/bin/../lib/gcc/arm-none-eabi/10.3.1/thumb/v7e-m+fp/hard/crtbegin.o
 *(.bss*)
 .bss.frame_buffer
                0x0000000020000090     0xa000 ./Core/Src/lcd.o
 .bss.state     0x000000002000a090        0x1 ./Core/Src/main.o
                0x000000002000a090                state
 .bss.current_position
                0x000000002000a091        0x1 ./Core/Src/main.o
                0x000000002000a091                current_position
 *fill*         0x000000002000a092        0x2 
 .bss.distance  0x000000002000a094        0x4 ./Core/Src/main.o
                0x000000002000a094                distance
 .bss.hspi2     0x000000002000a098       0x64 ./Core/Src/spi.o
                0x000000002000a098                hspi2
 .bss.hdma_spi2_tx
                0x000000002000a0fc       0x48 ./Core/Src/spi.o
                0x000000002000a0fc                hdma_spi2_tx
 .bss.htim3     0x000000002000a144       0x4c ./Core/Src/tim.o
                0x000000002000a144                htim3
 .bss.htim4     0x000000002000a190       0x4c ./Core/Src/tim.o
                0x000000002000a190                htim4
 .bss.htim6     0x000000002000a1dc       0x4c ./Core/Src/tim.o
                0x000000002000a1dc                htim6
 .bss.huart2    0x000000002000a228       0x84 ./Core/Src/usart.o
                0x000000002000a228                huart2
 .bss.uwTick    0x000000002000a2ac        0x4 ./Drivers/STM32L4xx_HAL_Driver/Src/stm32l4xx_hal.o
                0x000000002000a2ac                uwTick
 .bss.backend.0
                0x000000002000a2b0       0x3c ./hagl/src/hagl.o
 *(COMMON)
                0x000000002000a2ec                . = ALIGN (0x4)
                0x000000002000a2ec                _ebss = .
                0x000000002000a2ec                __bss_end__ = _ebss

._user_heap_stack
                0x000000002000a2ec     0x2204 load address 0x0000000008009d94
                0x000000002000a2f0                . = ALIGN (0x8)
 *fill*         0x000000002000a2ec        0x4 
                [!provide]                        PROVIDE (end = .)
                0x000000002000a2f0                PROVIDE (_end = .)
                0x000000002000a4f0                . = (. + _Min_Heap_Size)
 *fill*         0x000000002000a2f0      0x200 
                0x000000002000c4f0                . = (. + _Min_Stack_Size)
 *fill*         0x000000002000a4f0     0x2000 
                0x000000002000c4f0                . = ALIGN (0x8)

/DISCARD/
 libc.a(*)
 libm.a(*)
 libgcc.a(*)

.ARM.attributes
                0x0000000000000000       0x30
 *(.ARM.attributes)
 .ARM.attributes
                0x0000000000000000       0x1e c:/st/stm32cubeide_1.11.0/stm32cubeide/plugins/com.st.stm32cube.ide.mcu.externaltools.gnu-tools-for-stm32.10.3-2021.10.win32_1.0.100.202210260954/tools/bin/../lib/gcc/arm-none-eabi/10.3.1/thumb/v7e-m+fp/hard/crti.o
 .ARM.attributes
                0x000000000000001e       0x34 c:/st/stm32cubeide_1.11.0/stm32cubeide/plugins/com.st.stm32cube.ide.mcu.externaltools.gnu-tools-for-stm32.10.3-2021.10.win32_1.0.100.202210260954/tools/bin/../lib/gcc/arm-none-eabi/10.3.1/thumb/v7e-m+fp/hard/crtbegin.o
 .ARM.attributes
                0x0000000000000052       0x34 ./Core/Src/dma.o
 .ARM.attributes
                0x0000000000000086       0x34 ./Core/Src/gpio.o
 .ARM.attributes
                0x00000000000000ba       0x34 ./Core/Src/hagl_hal.o
 .ARM.attributes
                0x00000000000000ee       0x34 ./Core/Src/lcd.o
 .ARM.attributes
                0x0000000000000122       0x34 ./Core/Src/main.o
 .ARM.attributes
                0x0000000000000156       0x34 ./Core/Src/servo.o
 .ARM.attributes
                0x000000000000018a       0x34 ./Core/Src/spi.o
 .ARM.attributes
                0x00000000000001be       0x34 ./Core/Src/stm32l4xx_hal_msp.o
 .ARM.attributes
                0x00000000000001f2       0x34 ./Core/Src/stm32l4xx_it.o
 .ARM.attributes
                0x0000000000000226       0x34 ./Core/Src/system_stm32l4xx.o
 .ARM.attributes
                0x000000000000025a       0x34 ./Core/Src/tim.o
 .ARM.attributes
                0x000000000000028e       0x34 ./Core/Src/usart.o
 .ARM.attributes
                0x00000000000002c2       0x21 ./Core/Startup/startup_stm32l476rgtx.o
 .ARM.attributes
                0x00000000000002e3       0x34 ./Drivers/STM32L4xx_HAL_Driver/Src/stm32l4xx_hal.o
 .ARM.attributes
                0x0000000000000317       0x34 ./Drivers/STM32L4xx_HAL_Driver/Src/stm32l4xx_hal_cortex.o
 .ARM.attributes
                0x000000000000034b       0x34 ./Drivers/STM32L4xx_HAL_Driver/Src/stm32l4xx_hal_dma.o
 .ARM.attributes
                0x000000000000037f       0x34 ./Drivers/STM32L4xx_HAL_Driver/Src/stm32l4xx_hal_gpio.o
 .ARM.attributes
                0x00000000000003b3       0x34 ./Drivers/STM32L4xx_HAL_Driver/Src/stm32l4xx_hal_pwr_ex.o
 .ARM.attributes
                0x00000000000003e7       0x34 ./Drivers/STM32L4xx_HAL_Driver/Src/stm32l4xx_hal_rcc.o
 .ARM.attributes
                0x000000000000041b       0x34 ./Drivers/STM32L4xx_HAL_Driver/Src/stm32l4xx_hal_rcc_ex.o
 .ARM.attributes
                0x000000000000044f       0x34 ./Drivers/STM32L4xx_HAL_Driver/Src/stm32l4xx_hal_spi.o
 .ARM.attributes
                0x0000000000000483       0x34 ./Drivers/STM32L4xx_HAL_Driver/Src/stm32l4xx_hal_tim.o
 .ARM.attributes
                0x00000000000004b7       0x34 ./Drivers/STM32L4xx_HAL_Driver/Src/stm32l4xx_hal_tim_ex.o
 .ARM.attributes
                0x00000000000004eb       0x34 ./Drivers/STM32L4xx_HAL_Driver/Src/stm32l4xx_hal_uart.o
 .ARM.attributes
                0x000000000000051f       0x34 ./hagl/src/hagl.o
 .ARM.attributes
                0x0000000000000553       0x34 ./hagl/src/hagl_circle.o
 .ARM.attributes
                0x0000000000000587       0x34 ./hagl/src/hagl_clip.o
 .ARM.attributes
                0x00000000000005bb       0x34 ./hagl/src/hagl_hline.o
 .ARM.attributes
                0x00000000000005ef       0x34 ./hagl/src/hagl_line.o
 .ARM.attributes
                0x0000000000000623       0x34 ./hagl/src/hagl_pixel.o
 .ARM.attributes
                0x0000000000000657       0x34 c:/st/stm32cubeide_1.11.0/stm32cubeide/plugins/com.st.stm32cube.ide.mcu.externaltools.gnu-tools-for-stm32.10.3-2021.10.win32_1.0.100.202210260954/tools/bin/../lib/gcc/arm-none-eabi/10.3.1/../../../../arm-none-eabi/lib/thumb/v7e-m+fp/hard\libc_nano.a(lib_a-errno.o)
 .ARM.attributes
                0x000000000000068b       0x34 c:/st/stm32cubeide_1.11.0/stm32cubeide/plugins/com.st.stm32cube.ide.mcu.externaltools.gnu-tools-for-stm32.10.3-2021.10.win32_1.0.100.202210260954/tools/bin/../lib/gcc/arm-none-eabi/10.3.1/../../../../arm-none-eabi/lib/thumb/v7e-m+fp/hard\libc_nano.a(lib_a-findfp.o)
 .ARM.attributes
                0x00000000000006bf       0x34 c:/st/stm32cubeide_1.11.0/stm32cubeide/plugins/com.st.stm32cube.ide.mcu.externaltools.gnu-tools-for-stm32.10.3-2021.10.win32_1.0.100.202210260954/tools/bin/../lib/gcc/arm-none-eabi/10.3.1/../../../../arm-none-eabi/lib/thumb/v7e-m+fp/hard\libc_nano.a(lib_a-impure.o)
 .ARM.attributes
                0x00000000000006f3       0x34 c:/st/stm32cubeide_1.11.0/stm32cubeide/plugins/com.st.stm32cube.ide.mcu.externaltools.gnu-tools-for-stm32.10.3-2021.10.win32_1.0.100.202210260954/tools/bin/../lib/gcc/arm-none-eabi/10.3.1/../../../../arm-none-eabi/lib/thumb/v7e-m+fp/hard\libc_nano.a(lib_a-init.o)
 .ARM.attributes
                0x0000000000000727       0x34 c:/st/stm32cubeide_1.11.0/stm32cubeide/plugins/com.st.stm32cube.ide.mcu.externaltools.gnu-tools-for-stm32.10.3-2021.10.win32_1.0.100.202210260954/tools/bin/../lib/gcc/arm-none-eabi/10.3.1/../../../../arm-none-eabi/lib/thumb/v7e-m+fp/hard\libc_nano.a(lib_a-memset.o)
 .ARM.attributes
                0x000000000000075b       0x34 c:/st/stm32cubeide_1.11.0/stm32cubeide/plugins/com.st.stm32cube.ide.mcu.externaltools.gnu-tools-for-stm32.10.3-2021.10.win32_1.0.100.202210260954/tools/bin/../lib/gcc/arm-none-eabi/10.3.1/../../../../arm-none-eabi/lib/thumb/v7e-m+fp/hard\libm.a(lib_a-s_sin.o)
 .ARM.attributes
                0x000000000000078f       0x34 c:/st/stm32cubeide_1.11.0/stm32cubeide/plugins/com.st.stm32cube.ide.mcu.externaltools.gnu-tools-for-stm32.10.3-2021.10.win32_1.0.100.202210260954/tools/bin/../lib/gcc/arm-none-eabi/10.3.1/../../../../arm-none-eabi/lib/thumb/v7e-m+fp/hard\libm.a(lib_a-w_pow.o)
 .ARM.attributes
                0x00000000000007c3       0x34 c:/st/stm32cubeide_1.11.0/stm32cubeide/plugins/com.st.stm32cube.ide.mcu.externaltools.gnu-tools-for-stm32.10.3-2021.10.win32_1.0.100.202210260954/tools/bin/../lib/gcc/arm-none-eabi/10.3.1/../../../../arm-none-eabi/lib/thumb/v7e-m+fp/hard\libm.a(lib_a-w_sqrt.o)
 .ARM.attributes
                0x00000000000007f7       0x34 c:/st/stm32cubeide_1.11.0/stm32cubeide/plugins/com.st.stm32cube.ide.mcu.externaltools.gnu-tools-for-stm32.10.3-2021.10.win32_1.0.100.202210260954/tools/bin/../lib/gcc/arm-none-eabi/10.3.1/../../../../arm-none-eabi/lib/thumb/v7e-m+fp/hard\libm.a(lib_a-e_pow.o)
 .ARM.attributes
                0x000000000000082b       0x34 c:/st/stm32cubeide_1.11.0/stm32cubeide/plugins/com.st.stm32cube.ide.mcu.externaltools.gnu-tools-for-stm32.10.3-2021.10.win32_1.0.100.202210260954/tools/bin/../lib/gcc/arm-none-eabi/10.3.1/../../../../arm-none-eabi/lib/thumb/v7e-m+fp/hard\libm.a(lib_a-e_rem_pio2.o)
 .ARM.attributes
                0x000000000000085f       0x34 c:/st/stm32cubeide_1.11.0/stm32cubeide/plugins/com.st.stm32cube.ide.mcu.externaltools.gnu-tools-for-stm32.10.3-2021.10.win32_1.0.100.202210260954/tools/bin/../lib/gcc/arm-none-eabi/10.3.1/../../../../arm-none-eabi/lib/thumb/v7e-m+fp/hard\libm.a(lib_a-e_sqrt.o)
 .ARM.attributes
                0x0000000000000893       0x34 c:/st/stm32cubeide_1.11.0/stm32cubeide/plugins/com.st.stm32cube.ide.mcu.externaltools.gnu-tools-for-stm32.10.3-2021.10.win32_1.0.100.202210260954/tools/bin/../lib/gcc/arm-none-eabi/10.3.1/../../../../arm-none-eabi/lib/thumb/v7e-m+fp/hard\libm.a(lib_a-k_cos.o)
 .ARM.attributes
                0x00000000000008c7       0x34 c:/st/stm32cubeide_1.11.0/stm32cubeide/plugins/com.st.stm32cube.ide.mcu.externaltools.gnu-tools-for-stm32.10.3-2021.10.win32_1.0.100.202210260954/tools/bin/../lib/gcc/arm-none-eabi/10.3.1/../../../../arm-none-eabi/lib/thumb/v7e-m+fp/hard\libm.a(lib_a-k_rem_pio2.o)
 .ARM.attributes
                0x00000000000008fb       0x34 c:/st/stm32cubeide_1.11.0/stm32cubeide/plugins/com.st.stm32cube.ide.mcu.externaltools.gnu-tools-for-stm32.10.3-2021.10.win32_1.0.100.202210260954/tools/bin/../lib/gcc/arm-none-eabi/10.3.1/../../../../arm-none-eabi/lib/thumb/v7e-m+fp/hard\libm.a(lib_a-k_sin.o)
 .ARM.attributes
                0x000000000000092f       0x34 c:/st/stm32cubeide_1.11.0/stm32cubeide/plugins/com.st.stm32cube.ide.mcu.externaltools.gnu-tools-for-stm32.10.3-2021.10.win32_1.0.100.202210260954/tools/bin/../lib/gcc/arm-none-eabi/10.3.1/../../../../arm-none-eabi/lib/thumb/v7e-m+fp/hard\libm.a(lib_a-math_err.o)
 .ARM.attributes
                0x0000000000000963       0x34 c:/st/stm32cubeide_1.11.0/stm32cubeide/plugins/com.st.stm32cube.ide.mcu.externaltools.gnu-tools-for-stm32.10.3-2021.10.win32_1.0.100.202210260954/tools/bin/../lib/gcc/arm-none-eabi/10.3.1/../../../../arm-none-eabi/lib/thumb/v7e-m+fp/hard\libm.a(lib_a-s_fabs.o)
 .ARM.attributes
                0x0000000000000997       0x34 c:/st/stm32cubeide_1.11.0/stm32cubeide/plugins/com.st.stm32cube.ide.mcu.externaltools.gnu-tools-for-stm32.10.3-2021.10.win32_1.0.100.202210260954/tools/bin/../lib/gcc/arm-none-eabi/10.3.1/../../../../arm-none-eabi/lib/thumb/v7e-m+fp/hard\libm.a(lib_a-s_finite.o)
 .ARM.attributes
                0x00000000000009cb       0x34 c:/st/stm32cubeide_1.11.0/stm32cubeide/plugins/com.st.stm32cube.ide.mcu.externaltools.gnu-tools-for-stm32.10.3-2021.10.win32_1.0.100.202210260954/tools/bin/../lib/gcc/arm-none-eabi/10.3.1/../../../../arm-none-eabi/lib/thumb/v7e-m+fp/hard\libm.a(lib_a-s_floor.o)
 .ARM.attributes
                0x00000000000009ff       0x34 c:/st/stm32cubeide_1.11.0/stm32cubeide/plugins/com.st.stm32cube.ide.mcu.externaltools.gnu-tools-for-stm32.10.3-2021.10.win32_1.0.100.202210260954/tools/bin/../lib/gcc/arm-none-eabi/10.3.1/../../../../arm-none-eabi/lib/thumb/v7e-m+fp/hard\libm.a(lib_a-s_scalbn.o)
 .ARM.attributes
                0x0000000000000a33       0x1e c:/st/stm32cubeide_1.11.0/stm32cubeide/plugins/com.st.stm32cube.ide.mcu.externaltools.gnu-tools-for-stm32.10.3-2021.10.win32_1.0.100.202210260954/tools/bin/../lib/gcc/arm-none-eabi/10.3.1/thumb/v7e-m+fp/hard\libgcc.a(_arm_addsubdf3.o)
 .ARM.attributes
                0x0000000000000a51       0x1e c:/st/stm32cubeide_1.11.0/stm32cubeide/plugins/com.st.stm32cube.ide.mcu.externaltools.gnu-tools-for-stm32.10.3-2021.10.win32_1.0.100.202210260954/tools/bin/../lib/gcc/arm-none-eabi/10.3.1/thumb/v7e-m+fp/hard\libgcc.a(_arm_muldivdf3.o)
 .ARM.attributes
                0x0000000000000a6f       0x1e c:/st/stm32cubeide_1.11.0/stm32cubeide/plugins/com.st.stm32cube.ide.mcu.externaltools.gnu-tools-for-stm32.10.3-2021.10.win32_1.0.100.202210260954/tools/bin/../lib/gcc/arm-none-eabi/10.3.1/thumb/v7e-m+fp/hard\libgcc.a(_arm_cmpdf2.o)
 .ARM.attributes
                0x0000000000000a8d       0x1e c:/st/stm32cubeide_1.11.0/stm32cubeide/plugins/com.st.stm32cube.ide.mcu.externaltools.gnu-tools-for-stm32.10.3-2021.10.win32_1.0.100.202210260954/tools/bin/../lib/gcc/arm-none-eabi/10.3.1/thumb/v7e-m+fp/hard\libgcc.a(_arm_unorddf2.o)
 .ARM.attributes
                0x0000000000000aab       0x1e c:/st/stm32cubeide_1.11.0/stm32cubeide/plugins/com.st.stm32cube.ide.mcu.externaltools.gnu-tools-for-stm32.10.3-2021.10.win32_1.0.100.202210260954/tools/bin/../lib/gcc/arm-none-eabi/10.3.1/thumb/v7e-m+fp/hard\libgcc.a(_arm_fixdfsi.o)
 .ARM.attributes
                0x0000000000000ac9       0x1e c:/st/stm32cubeide_1.11.0/stm32cubeide/plugins/com.st.stm32cube.ide.mcu.externaltools.gnu-tools-for-stm32.10.3-2021.10.win32_1.0.100.202210260954/tools/bin/../lib/gcc/arm-none-eabi/10.3.1/thumb/v7e-m+fp/hard\libgcc.a(_arm_truncdfsf2.o)
 .ARM.attributes
                0x0000000000000ae7       0x1e c:/st/stm32cubeide_1.11.0/stm32cubeide/plugins/com.st.stm32cube.ide.mcu.externaltools.gnu-tools-for-stm32.10.3-2021.10.win32_1.0.100.202210260954/tools/bin/../lib/gcc/arm-none-eabi/10.3.1/thumb/v7e-m+fp/hard\libgcc.a(_aeabi_uldivmod.o)
 .ARM.attributes
                0x0000000000000b05       0x34 c:/st/stm32cubeide_1.11.0/stm32cubeide/plugins/com.st.stm32cube.ide.mcu.externaltools.gnu-tools-for-stm32.10.3-2021.10.win32_1.0.100.202210260954/tools/bin/../lib/gcc/arm-none-eabi/10.3.1/thumb/v7e-m+fp/hard\libgcc.a(_udivmoddi4.o)
 .ARM.attributes
                0x0000000000000b39       0x1e c:/st/stm32cubeide_1.11.0/stm32cubeide/plugins/com.st.stm32cube.ide.mcu.externaltools.gnu-tools-for-stm32.10.3-2021.10.win32_1.0.100.202210260954/tools/bin/../lib/gcc/arm-none-eabi/10.3.1/thumb/v7e-m+fp/hard\libgcc.a(_dvmd_tls.o)
 .ARM.attributes
                0x0000000000000b57       0x1e c:/st/stm32cubeide_1.11.0/stm32cubeide/plugins/com.st.stm32cube.ide.mcu.externaltools.gnu-tools-for-stm32.10.3-2021.10.win32_1.0.100.202210260954/tools/bin/../lib/gcc/arm-none-eabi/10.3.1/thumb/v7e-m+fp/hard/crtn.o
OUTPUT(Projekt2.elf elf32-littlearm)
LOAD linker stubs
LOAD c:/st/stm32cubeide_1.11.0/stm32cubeide/plugins/com.st.stm32cube.ide.mcu.externaltools.gnu-tools-for-stm32.10.3-2021.10.win32_1.0.100.202210260954/tools/bin/../lib/gcc/arm-none-eabi/10.3.1/../../../../arm-none-eabi/lib/thumb/v7e-m+fp/hard\libc.a
LOAD c:/st/stm32cubeide_1.11.0/stm32cubeide/plugins/com.st.stm32cube.ide.mcu.externaltools.gnu-tools-for-stm32.10.3-2021.10.win32_1.0.100.202210260954/tools/bin/../lib/gcc/arm-none-eabi/10.3.1/../../../../arm-none-eabi/lib/thumb/v7e-m+fp/hard\libm.a
LOAD c:/st/stm32cubeide_1.11.0/stm32cubeide/plugins/com.st.stm32cube.ide.mcu.externaltools.gnu-tools-for-stm32.10.3-2021.10.win32_1.0.100.202210260954/tools/bin/../lib/gcc/arm-none-eabi/10.3.1/thumb/v7e-m+fp/hard\libgcc.a

.debug_info     0x0000000000000000    0x17152
 .debug_info    0x0000000000000000      0x552 ./Core/Src/dma.o
 .debug_info    0x0000000000000552      0x4d2 ./Core/Src/gpio.o
 .debug_info    0x0000000000000a24      0x48c ./Core/Src/hagl_hal.o
 .debug_info    0x0000000000000eb0      0xaad ./Core/Src/lcd.o
 .debug_info    0x000000000000195d     0x1655 ./Core/Src/main.o
 .debug_info    0x0000000000002fb2      0x16d ./Core/Src/servo.o
 .debug_info    0x000000000000311f      0xa96 ./Core/Src/spi.o
 .debug_info    0x0000000000003bb5      0x308 ./Core/Src/stm32l4xx_hal_msp.o
 .debug_info    0x0000000000003ebd      0x7b3 ./Core/Src/stm32l4xx_it.o
 .debug_info    0x0000000000004670      0x5c6 ./Core/Src/system_stm32l4xx.o
 .debug_info    0x0000000000004c36     0x1161 ./Core/Src/tim.o
 .debug_info    0x0000000000005d97      0xd51 ./Core/Src/usart.o
 .debug_info    0x0000000000006ae8       0x22 ./Core/Startup/startup_stm32l476rgtx.o
 .debug_info    0x0000000000006b0a      0xc57 ./Drivers/STM32L4xx_HAL_Driver/Src/stm32l4xx_hal.o
 .debug_info    0x0000000000007761      0xe21 ./Drivers/STM32L4xx_HAL_Driver/Src/stm32l4xx_hal_cortex.o
 .debug_info    0x0000000000008582      0x76a ./Drivers/STM32L4xx_HAL_Driver/Src/stm32l4xx_hal_dma.o
 .debug_info    0x0000000000008cec      0x821 ./Drivers/STM32L4xx_HAL_Driver/Src/stm32l4xx_hal_gpio.o
 .debug_info    0x000000000000950d      0x9f0 ./Drivers/STM32L4xx_HAL_Driver/Src/stm32l4xx_hal_pwr_ex.o
 .debug_info    0x0000000000009efd      0xced ./Drivers/STM32L4xx_HAL_Driver/Src/stm32l4xx_hal_rcc.o
 .debug_info    0x000000000000abea      0xe92 ./Drivers/STM32L4xx_HAL_Driver/Src/stm32l4xx_hal_rcc_ex.o
 .debug_info    0x000000000000ba7c     0x1782 ./Drivers/STM32L4xx_HAL_Driver/Src/stm32l4xx_hal_spi.o
 .debug_info    0x000000000000d1fe     0x2d04 ./Drivers/STM32L4xx_HAL_Driver/Src/stm32l4xx_hal_tim.o
 .debug_info    0x000000000000ff02     0x17eb ./Drivers/STM32L4xx_HAL_Driver/Src/stm32l4xx_hal_tim_ex.o
 .debug_info    0x00000000000116ed     0x3d0e ./Drivers/STM32L4xx_HAL_Driver/Src/stm32l4xx_hal_uart.o
 .debug_info    0x00000000000153fb      0x6ed ./hagl/src/hagl.o
 .debug_info    0x0000000000015ae8      0x286 ./hagl/src/hagl_circle.o
 .debug_info    0x0000000000015d6e      0x5af ./hagl/src/hagl_clip.o
 .debug_info    0x000000000001631d      0x47c ./hagl/src/hagl_hline.o
 .debug_info    0x0000000000016799      0x514 ./hagl/src/hagl_line.o
 .debug_info    0x0000000000016cad      0x4a5 ./hagl/src/hagl_pixel.o

.debug_abbrev   0x0000000000000000     0x3372
 .debug_abbrev  0x0000000000000000       0xf8 ./Core/Src/dma.o
 .debug_abbrev  0x00000000000000f8      0x146 ./Core/Src/gpio.o
 .debug_abbrev  0x000000000000023e       0xda ./Core/Src/hagl_hal.o
 .debug_abbrev  0x0000000000000318      0x274 ./Core/Src/lcd.o
 .debug_abbrev  0x000000000000058c      0x2d9 ./Core/Src/main.o
 .debug_abbrev  0x0000000000000865       0xa8 ./Core/Src/servo.o
 .debug_abbrev  0x000000000000090d      0x1f3 ./Core/Src/spi.o
 .debug_abbrev  0x0000000000000b00       0xc2 ./Core/Src/stm32l4xx_hal_msp.o
 .debug_abbrev  0x0000000000000bc2      0x184 ./Core/Src/stm32l4xx_it.o
 .debug_abbrev  0x0000000000000d46      0x116 ./Core/Src/system_stm32l4xx.o
 .debug_abbrev  0x0000000000000e5c      0x241 ./Core/Src/tim.o
 .debug_abbrev  0x000000000000109d      0x1e7 ./Core/Src/usart.o
 .debug_abbrev  0x0000000000001284       0x12 ./Core/Startup/startup_stm32l476rgtx.o
 .debug_abbrev  0x0000000000001296      0x23a ./Drivers/STM32L4xx_HAL_Driver/Src/stm32l4xx_hal.o
 .debug_abbrev  0x00000000000014d0      0x316 ./Drivers/STM32L4xx_HAL_Driver/Src/stm32l4xx_hal_cortex.o
 .debug_abbrev  0x00000000000017e6      0x1d7 ./Drivers/STM32L4xx_HAL_Driver/Src/stm32l4xx_hal_dma.o
 .debug_abbrev  0x00000000000019bd      0x1bb ./Drivers/STM32L4xx_HAL_Driver/Src/stm32l4xx_hal_gpio.o
 .debug_abbrev  0x0000000000001b78      0x1f3 ./Drivers/STM32L4xx_HAL_Driver/Src/stm32l4xx_hal_pwr_ex.o
 .debug_abbrev  0x0000000000001d6b      0x2bd ./Drivers/STM32L4xx_HAL_Driver/Src/stm32l4xx_hal_rcc.o
 .debug_abbrev  0x0000000000002028      0x299 ./Drivers/STM32L4xx_HAL_Driver/Src/stm32l4xx_hal_rcc_ex.o
 .debug_abbrev  0x00000000000022c1      0x254 ./Drivers/STM32L4xx_HAL_Driver/Src/stm32l4xx_hal_spi.o
 .debug_abbrev  0x0000000000002515      0x264 ./Drivers/STM32L4xx_HAL_Driver/Src/stm32l4xx_hal_tim.o
 .debug_abbrev  0x0000000000002779      0x26c ./Drivers/STM32L4xx_HAL_Driver/Src/stm32l4xx_hal_tim_ex.o
 .debug_abbrev  0x00000000000029e5      0x2bc ./Drivers/STM32L4xx_HAL_Driver/Src/stm32l4xx_hal_uart.o
 .debug_abbrev  0x0000000000002ca1      0x15f ./hagl/src/hagl.o
 .debug_abbrev  0x0000000000002e00       0xcd ./hagl/src/hagl_circle.o
 .debug_abbrev  0x0000000000002ecd      0x140 ./hagl/src/hagl_clip.o
 .debug_abbrev  0x000000000000300d      0x10f ./hagl/src/hagl_hline.o
 .debug_abbrev  0x000000000000311c      0x130 ./hagl/src/hagl_line.o
 .debug_abbrev  0x000000000000324c      0x126 ./hagl/src/hagl_pixel.o

.debug_aranges  0x0000000000000000     0x1318
 .debug_aranges
                0x0000000000000000       0x20 ./Core/Src/dma.o
 .debug_aranges
                0x0000000000000020       0x20 ./Core/Src/gpio.o
 .debug_aranges
                0x0000000000000040       0x20 ./Core/Src/hagl_hal.o
 .debug_aranges
                0x0000000000000060       0x78 ./Core/Src/lcd.o
 .debug_aranges
                0x00000000000000d8       0x48 ./Core/Src/main.o
 .debug_aranges
                0x0000000000000120       0x30 ./Core/Src/servo.o
 .debug_aranges
                0x0000000000000150       0x30 ./Core/Src/spi.o
 .debug_aranges
                0x0000000000000180       0x20 ./Core/Src/stm32l4xx_hal_msp.o
 .debug_aranges
                0x00000000000001a0       0x78 ./Core/Src/stm32l4xx_it.o
 .debug_aranges
                0x0000000000000218       0x28 ./Core/Src/system_stm32l4xx.o
 .debug_aranges
                0x0000000000000240       0x48 ./Core/Src/tim.o
 .debug_aranges
                0x0000000000000288       0x30 ./Core/Src/usart.o
 .debug_aranges
                0x00000000000002b8       0x28 ./Core/Startup/startup_stm32l476rgtx.o
 .debug_aranges
                0x00000000000002e0      0x130 ./Drivers/STM32L4xx_HAL_Driver/Src/stm32l4xx_hal.o
 .debug_aranges
                0x0000000000000410      0x118 ./Drivers/STM32L4xx_HAL_Driver/Src/stm32l4xx_hal_cortex.o
 .debug_aranges
                0x0000000000000528       0x80 ./Drivers/STM32L4xx_HAL_Driver/Src/stm32l4xx_hal_dma.o
 .debug_aranges
                0x00000000000005a8       0x58 ./Drivers/STM32L4xx_HAL_Driver/Src/stm32l4xx_hal_gpio.o
 .debug_aranges
                0x0000000000000600      0x160 ./Drivers/STM32L4xx_HAL_Driver/Src/stm32l4xx_hal_pwr_ex.o
 .debug_aranges
                0x0000000000000760       0x90 ./Drivers/STM32L4xx_HAL_Driver/Src/stm32l4xx_hal_rcc.o
 .debug_aranges
                0x00000000000007f0       0xc0 ./Drivers/STM32L4xx_HAL_Driver/Src/stm32l4xx_hal_rcc_ex.o
 .debug_aranges
                0x00000000000008b0      0x1d8 ./Drivers/STM32L4xx_HAL_Driver/Src/stm32l4xx_hal_spi.o
 .debug_aranges
                0x0000000000000a88      0x3e0 ./Drivers/STM32L4xx_HAL_Driver/Src/stm32l4xx_hal_tim.o
 .debug_aranges
                0x0000000000000e68      0x180 ./Drivers/STM32L4xx_HAL_Driver/Src/stm32l4xx_hal_tim_ex.o
 .debug_aranges
                0x0000000000000fe8      0x228 ./Drivers/STM32L4xx_HAL_Driver/Src/stm32l4xx_hal_uart.o
 .debug_aranges
                0x0000000000001210       0x40 ./hagl/src/hagl.o
 .debug_aranges
                0x0000000000001250       0x30 ./hagl/src/hagl_circle.o
 .debug_aranges
                0x0000000000001280       0x30 ./hagl/src/hagl_clip.o
 .debug_aranges
                0x00000000000012b0       0x20 ./hagl/src/hagl_hline.o
 .debug_aranges
                0x00000000000012d0       0x20 ./hagl/src/hagl_line.o
 .debug_aranges
                0x00000000000012f0       0x28 ./hagl/src/hagl_pixel.o

.debug_ranges   0x0000000000000000     0x1188
 .debug_ranges  0x0000000000000000       0x10 ./Core/Src/dma.o
 .debug_ranges  0x0000000000000010       0x10 ./Core/Src/gpio.o
 .debug_ranges  0x0000000000000020       0x10 ./Core/Src/hagl_hal.o
 .debug_ranges  0x0000000000000030       0x68 ./Core/Src/lcd.o
 .debug_ranges  0x0000000000000098       0x38 ./Core/Src/main.o
 .debug_ranges  0x00000000000000d0       0x20 ./Core/Src/servo.o
 .debug_ranges  0x00000000000000f0       0x20 ./Core/Src/spi.o
 .debug_ranges  0x0000000000000110       0x10 ./Core/Src/stm32l4xx_hal_msp.o
 .debug_ranges  0x0000000000000120       0x68 ./Core/Src/stm32l4xx_it.o
 .debug_ranges  0x0000000000000188       0x18 ./Core/Src/system_stm32l4xx.o
 .debug_ranges  0x00000000000001a0       0x38 ./Core/Src/tim.o
 .debug_ranges  0x00000000000001d8       0x20 ./Core/Src/usart.o
 .debug_ranges  0x00000000000001f8       0x20 ./Core/Startup/startup_stm32l476rgtx.o
 .debug_ranges  0x0000000000000218      0x120 ./Drivers/STM32L4xx_HAL_Driver/Src/stm32l4xx_hal.o
 .debug_ranges  0x0000000000000338      0x108 ./Drivers/STM32L4xx_HAL_Driver/Src/stm32l4xx_hal_cortex.o
 .debug_ranges  0x0000000000000440       0x70 ./Drivers/STM32L4xx_HAL_Driver/Src/stm32l4xx_hal_dma.o
 .debug_ranges  0x00000000000004b0       0x48 ./Drivers/STM32L4xx_HAL_Driver/Src/stm32l4xx_hal_gpio.o
 .debug_ranges  0x00000000000004f8      0x150 ./Drivers/STM32L4xx_HAL_Driver/Src/stm32l4xx_hal_pwr_ex.o
 .debug_ranges  0x0000000000000648       0x80 ./Drivers/STM32L4xx_HAL_Driver/Src/stm32l4xx_hal_rcc.o
 .debug_ranges  0x00000000000006c8       0xb0 ./Drivers/STM32L4xx_HAL_Driver/Src/stm32l4xx_hal_rcc_ex.o
 .debug_ranges  0x0000000000000778      0x1c8 ./Drivers/STM32L4xx_HAL_Driver/Src/stm32l4xx_hal_spi.o
 .debug_ranges  0x0000000000000940      0x3d0 ./Drivers/STM32L4xx_HAL_Driver/Src/stm32l4xx_hal_tim.o
 .debug_ranges  0x0000000000000d10      0x170 ./Drivers/STM32L4xx_HAL_Driver/Src/stm32l4xx_hal_tim_ex.o
 .debug_ranges  0x0000000000000e80      0x248 ./Drivers/STM32L4xx_HAL_Driver/Src/stm32l4xx_hal_uart.o
 .debug_ranges  0x00000000000010c8       0x30 ./hagl/src/hagl.o
 .debug_ranges  0x00000000000010f8       0x20 ./hagl/src/hagl_circle.o
 .debug_ranges  0x0000000000001118       0x20 ./hagl/src/hagl_clip.o
 .debug_ranges  0x0000000000001138       0x28 ./hagl/src/hagl_hline.o
 .debug_ranges  0x0000000000001160       0x10 ./hagl/src/hagl_line.o
 .debug_ranges  0x0000000000001170       0x18 ./hagl/src/hagl_pixel.o

.debug_macro    0x0000000000000000    0x29364
 .debug_macro   0x0000000000000000      0x207 ./Core/Src/dma.o
 .debug_macro   0x0000000000000207      0xa78 ./Core/Src/dma.o
 .debug_macro   0x0000000000000c7f      0x1b3 ./Core/Src/dma.o
 .debug_macro   0x0000000000000e32       0x2e ./Core/Src/dma.o
 .debug_macro   0x0000000000000e60       0x28 ./Core/Src/dma.o
 .debug_macro   0x0000000000000e88       0x22 ./Core/Src/dma.o
 .debug_macro   0x0000000000000eaa       0x8e ./Core/Src/dma.o
 .debug_macro   0x0000000000000f38       0x51 ./Core/Src/dma.o
 .debug_macro   0x0000000000000f89      0x103 ./Core/Src/dma.o
 .debug_macro   0x000000000000108c       0x6a ./Core/Src/dma.o
 .debug_macro   0x00000000000010f6      0x1df ./Core/Src/dma.o
 .debug_macro   0x00000000000012d5       0x1c ./Core/Src/dma.o
 .debug_macro   0x00000000000012f1       0x22 ./Core/Src/dma.o
 .debug_macro   0x0000000000001313       0xfb ./Core/Src/dma.o
 .debug_macro   0x000000000000140e     0x1011 ./Core/Src/dma.o
 .debug_macro   0x000000000000241f      0x11f ./Core/Src/dma.o
 .debug_macro   0x000000000000253e    0x1a17a ./Core/Src/dma.o
 .debug_macro   0x000000000001c6b8       0x6d ./Core/Src/dma.o
 .debug_macro   0x000000000001c725     0x38e6 ./Core/Src/dma.o
 .debug_macro   0x000000000002000b      0x174 ./Core/Src/dma.o
 .debug_macro   0x000000000002017f       0x5c ./Core/Src/dma.o
 .debug_macro   0x00000000000201db     0x159e ./Core/Src/dma.o
 .debug_macro   0x0000000000021779      0x5a5 ./Core/Src/dma.o
 .debug_macro   0x0000000000021d1e      0x1b9 ./Core/Src/dma.o
 .debug_macro   0x0000000000021ed7      0x18b ./Core/Src/dma.o
 .debug_macro   0x0000000000022062      0x26b ./Core/Src/dma.o
 .debug_macro   0x00000000000222cd      0x23d ./Core/Src/dma.o
 .debug_macro   0x000000000002250a      0x241 ./Core/Src/dma.o
 .debug_macro   0x000000000002274b      0x37c ./Core/Src/dma.o
 .debug_macro   0x0000000000022ac7       0xd6 ./Core/Src/dma.o
 .debug_macro   0x0000000000022b9d      0x22c ./Core/Src/dma.o
 .debug_macro   0x0000000000022dc9       0x61 ./Core/Src/dma.o
 .debug_macro   0x0000000000022e2a       0xa5 ./Core/Src/dma.o
 .debug_macro   0x0000000000022ecf      0x122 ./Core/Src/dma.o
 .debug_macro   0x0000000000022ff1      0x3ef ./Core/Src/dma.o
 .debug_macro   0x00000000000233e0      0x2fe ./Core/Src/dma.o
 .debug_macro   0x00000000000236de      0xa91 ./Core/Src/dma.o
 .debug_macro   0x000000000002416f      0x1e6 ./Core/Src/dma.o
 .debug_macro   0x0000000000024355      0x5ba ./Core/Src/dma.o
 .debug_macro   0x000000000002490f       0x44 ./Core/Src/dma.o
 .debug_macro   0x0000000000024953      0x330 ./Core/Src/dma.o
 .debug_macro   0x0000000000024c83       0x70 ./Core/Src/dma.o
 .debug_macro   0x0000000000024cf3      0x207 ./Core/Src/gpio.o
 .debug_macro   0x0000000000024efa      0x170 ./Core/Src/hagl_hal.o
 .debug_macro   0x000000000002506a       0x22 ./Core/Src/hagl_hal.o
 .debug_macro   0x000000000002508c       0x52 ./Core/Src/hagl_hal.o
 .debug_macro   0x00000000000250de       0x1e ./Core/Src/hagl_hal.o
 .debug_macro   0x00000000000250fc       0x3c ./Core/Src/hagl_hal.o
 .debug_macro   0x0000000000025138       0x34 ./Core/Src/hagl_hal.o
 .debug_macro   0x000000000002516c       0x16 ./Core/Src/hagl_hal.o
 .debug_macro   0x0000000000025182       0x43 ./Core/Src/hagl_hal.o
 .debug_macro   0x00000000000251c5       0x34 ./Core/Src/hagl_hal.o
 .debug_macro   0x00000000000251f9       0x10 ./Core/Src/hagl_hal.o
 .debug_macro   0x0000000000025209       0x58 ./Core/Src/hagl_hal.o
 .debug_macro   0x0000000000025261       0x71 ./Core/Src/hagl_hal.o
 .debug_macro   0x00000000000252d2       0x1c ./Core/Src/hagl_hal.o
 .debug_macro   0x00000000000252ee      0x12a ./Core/Src/hagl_hal.o
 .debug_macro   0x0000000000025418      0x341 ./Core/Src/hagl_hal.o
 .debug_macro   0x0000000000025759      0x19b ./Core/Src/hagl_hal.o
 .debug_macro   0x00000000000258f4       0x40 ./Core/Src/hagl_hal.o
 .debug_macro   0x0000000000025934       0x16 ./Core/Src/hagl_hal.o
 .debug_macro   0x000000000002594a      0x34e ./Core/Src/lcd.o
 .debug_macro   0x0000000000025c98       0x56 ./Core/Src/lcd.o
 .debug_macro   0x0000000000025cee      0x501 ./Core/Src/main.o
 .debug_macro   0x00000000000261ef       0x16 ./Core/Src/main.o
 .debug_macro   0x0000000000026205       0x35 ./Core/Src/main.o
 .debug_macro   0x000000000002623a       0x16 ./Core/Src/main.o
 .debug_macro   0x0000000000026250       0x29 ./Core/Src/main.o
 .debug_macro   0x0000000000026279       0x22 ./Core/Src/main.o
 .debug_macro   0x000000000002629b       0x1c ./Core/Src/main.o
 .debug_macro   0x00000000000262b7       0x10 ./Core/Src/main.o
 .debug_macro   0x00000000000262c7       0x10 ./Core/Src/main.o
 .debug_macro   0x00000000000262d7       0x1c ./Core/Src/main.o
 .debug_macro   0x00000000000262f3       0x52 ./Core/Src/main.o
 .debug_macro   0x0000000000026345       0x22 ./Core/Src/main.o
 .debug_macro   0x0000000000026367       0x10 ./Core/Src/main.o
 .debug_macro   0x0000000000026377       0x52 ./Core/Src/main.o
 .debug_macro   0x00000000000263c9       0xd5 ./Core/Src/main.o
 .debug_macro   0x000000000002649e       0x1c ./Core/Src/main.o
 .debug_macro   0x00000000000264ba       0x3d ./Core/Src/main.o
 .debug_macro   0x00000000000264f7       0x16 ./Core/Src/main.o
 .debug_macro   0x000000000002650d      0x145 ./Core/Src/main.o
 .debug_macro   0x0000000000026652       0x76 ./Core/Src/servo.o
 .debug_macro   0x00000000000266c8      0x207 ./Core/Src/spi.o
 .debug_macro   0x00000000000268cf      0x1fd ./Core/Src/stm32l4xx_hal_msp.o
 .debug_macro   0x0000000000026acc      0x207 ./Core/Src/stm32l4xx_it.o
 .debug_macro   0x0000000000026cd3      0x1ee ./Core/Src/system_stm32l4xx.o
 .debug_macro   0x0000000000026ec1      0x207 ./Core/Src/tim.o
 .debug_macro   0x00000000000270c8      0x207 ./Core/Src/usart.o
 .debug_macro   0x00000000000272cf      0x23c ./Drivers/STM32L4xx_HAL_Driver/Src/stm32l4xx_hal.o
 .debug_macro   0x000000000002750b      0x1ee ./Drivers/STM32L4xx_HAL_Driver/Src/stm32l4xx_hal_cortex.o
 .debug_macro   0x00000000000276f9      0x1ee ./Drivers/STM32L4xx_HAL_Driver/Src/stm32l4xx_hal_dma.o